<html>
<body>
<pre>
<h1>µVision Build Log</h1>
<h2>Tool Versions:</h2>
IDE-Version: ¦ÌVision V5.14.0.0
Copyright (C) 2015 ARM Ltd and ARM Germany GmbH. All rights reserved.
License Information: a a, a, LIC=BL29U-SJALW-06ZQU-SVH0N-L12VK-32PB0
 
Tool Versions:
Toolchain:       MDK-ARM Professional  Version: 5.14.0.0
Toolchain Path:  E:\keil5\5\ARM\ARMCC\Bin
C Compiler:      Armcc.exe V5.05 update 1 (build 106)
Assembler:       Armasm.exe V5.05 update 1 (build 106)
Linker/Locator:  ArmLink.exe V5.05 update 1 (build 106)
Library Manager: ArmAr.exe V5.05 update 1 (build 106)
Hex Converter:   FromElf.exe V5.05 update 1 (build 106)
CPU DLL:         SARMCM3.DLL V5.14.0.0
Dialog DLL:      DCM.DLL V1.13.1.0
Target DLL:      Segger\JL2CM3.dll V2.99.13.0
Dialog DLL:      TCM.DLL V1.14.4.0
 
<h2>Project:</h2>
C:\Users\eeko\Desktop\Der\Stm32Der\MDK-ARM\Der.uvprojx
Project File Date:  03/06/2017

<h2>Output:</h2>
Build target 'Der'
compiling stm32f1xx_hal_gpio.c...
compiling stm32f1xx_hal_cortex.c...
compiling stm32f1xx_hal_rcc_ex.c...
compiling stm32f1xx_hal.c...
compiling stm32f1xx_hal_rcc.c...
compiling stm32f1xx_hal_pwr.c...
compiling stm32f1xx_hal_dma.c...
compiling stm32f1xx_hal_gpio_ex.c...
compiling stm32f1xx_hal_tim_ex.c...
compiling stm32f1xx_hal_flash.c...
compiling stm32f1xx_hal_uart.c...
compiling stm32f1xx_hal_tim.c...
compiling stm32f1xx_hal_flash_ex.c...
compiling stm32f1xx_hal_spi.c...
compiling stm32f1xx_hal_spi_ex.c...
compiling stm32f1xx_hal_timebase_TIM.c...
compiling stm32f1xx_it.c...
compiling main.c...
compiling freertos.c...
compiling stm32f1xx_hal_msp.c...
compiling user_diskio.c...
compiling fatfs.c...
compiling system_stm32f1xx.c...
assembling startup_stm32f103xb.s...
compiling croutine.c...
compiling port.c...
compiling heap_4.c...
compiling queue.c...
compiling timers.c...
compiling event_groups.c...
compiling cmsis_os.c...
compiling tasks.c...
compiling list.c...
compiling LCD_5510_main.c...
compiling shell.c...
compiling commander.c...
compiling display.c...
compiling task_main.c...
compiling sd.c...
compiling ff.c...
compiling syscall.c...
compiling diskio.c...
compiling ff_gen_drv.c...
linking...
Program Size: Code=11896 RO-data=348 RW-data=672 ZI-data=4552  
"Der\Der.axf" - 0 Error(s), 0 Warning(s).

<h2>Software Packages used:</h2>

Package Vendor: ARM
                http://www.keil.com/pack/ARM.CMSIS.4.2.0.pack
                ARM::CMSIS:CORE:3.40.0
                CMSIS (Cortex Microcontroller Software Interface Standard)
   * Component: CORE Version: 3.40.0

<h2>Collection of Component include folders:</h2>
  C:\Users\eeko\Desktop\Der\Stm32Der\MDK-ARM\RTE
  E:\keil5\5\ARM\PACK\ARM\CMSIS\4.2.0\CMSIS\Include
  E:\keil5\5\ARM\PACK\Keil\STM32F1xx_DFP\2.1.0

<h2>Collection of Component Files used:</h2>

   * Component: ARM::CMSIS:CORE:3.40.0
      Source file:   CMSIS\UserCodeTemplates\ARM\ITM_Retarget.c
</pre>
</body>
</html>
