<html>
<body>
<pre>
<h1>µVision Build Log</h1>
<h2>Tool Versions:</h2>
IDE-Version: ¦ÌVision V5.14.0.0
Copyright (C) 2015 ARM Ltd and ARM Germany GmbH. All rights reserved.
License Information: a a, a, LIC=BL29U-SJALW-06ZQU-SVH0N-L12VK-32PB0
 
Tool Versions:
Toolchain:       MDK-ARM Professional  Version: 5.14.0.0
Toolchain Path:  E:\keil5\5\ARM\ARMCC\Bin
C Compiler:      Armcc.exe V5.05 update 1 (build 106)
Assembler:       Armasm.exe V5.05 update 1 (build 106)
Linker/Locator:  ArmLink.exe V5.05 update 1 (build 106)
Library Manager: ArmAr.exe V5.05 update 1 (build 106)
Hex Converter:   FromElf.exe V5.05 update 1 (build 106)
CPU DLL:         SARMCM3.DLL V5.14.0.0
Dialog DLL:      DCM.DLL V1.13.1.0
Target DLL:      Segger\JL2CM3.dll V2.99.13.0
Dialog DLL:      TCM.DLL V1.14.4.0
 
<h2>Project:</h2>
C:\Users\eeko\Desktop\Der\Stm32Der\MDK-ARM\Der.uvprojx
Project File Date:  03/17/2017

<h2>Output:</h2>
Build target 'Der'
compiling task_main.c...
..\Firmware\APP\task_main\src\task_main.c(21): warning:  #223-D: function "MX_FATFS_Init" declared implicitly
      MX_FATFS_Init();
..\Firmware\APP\task_main\src\task_main.c: 1 warning, 0 errors
linking...
Program Size: Code=21980 RO-data=320 RW-data=712 ZI-data=4648  
"Der\Der.axf" - 0 Error(s), 1 Warning(s).

<h2>Software Packages used:</h2>

Package Vendor: ARM
                http://www.keil.com/pack/ARM.CMSIS.4.2.0.pack
                ARM::CMSIS:CORE:3.40.0
                CMSIS (Cortex Microcontroller Software Interface Standard)
   * Component: CORE Version: 3.40.0

<h2>Collection of Component include folders:</h2>
  C:\Users\eeko\Desktop\Der\Stm32Der\MDK-ARM\RTE
  E:\keil5\5\ARM\PACK\ARM\CMSIS\4.2.0\CMSIS\Include
  E:\keil5\5\ARM\PACK\Keil\STM32F1xx_DFP\2.1.0

<h2>Collection of Component Files used:</h2>

   * Component: ARM::CMSIS:CORE:3.40.0
      Source file:   CMSIS\UserCodeTemplates\ARM\ITM_Retarget.c
</pre>
</body>
</html>
