Component: ARM Compiler 5.05 update 1 (build 106) Tool: armlink [4d0efa]

==============================================================================

Section Cross References

    stm32f1xx_hal_gpio.o(i.HAL_GPIO_EXTI_IRQHandler) refers to stm32f1xx_hal_gpio.o(i.HAL_GPIO_EXTI_Callback) for HAL_GPIO_EXTI_Callback
    stm32f1xx_hal_cortex.o(i.HAL_NVIC_SetPriority) refers to stm32f1xx_hal_cortex.o(i.NVIC_SetPriority) for NVIC_SetPriority
    stm32f1xx_hal_cortex.o(i.HAL_SYSTICK_Config) refers to stm32f1xx_hal_cortex.o(i.NVIC_SetPriority) for NVIC_SetPriority
    stm32f1xx_hal_cortex.o(i.HAL_SYSTICK_IRQHandler) refers to stm32f1xx_hal_cortex.o(i.HAL_SYSTICK_Callback) for HAL_SYSTICK_Callback
    stm32f1xx_hal_rcc_ex.o(i.HAL_RCCEx_GetPeriphCLKFreq) refers to stm32f1xx_hal_rcc.o(i.HAL_RCC_GetPCLK2Freq) for HAL_RCC_GetPCLK2Freq
    stm32f1xx_hal_rcc_ex.o(i.HAL_RCCEx_PeriphCLKConfig) refers to stm32f1xx_hal.o(i.HAL_GetTick) for HAL_GetTick
    stm32f1xx_hal.o(i.HAL_DeInit) refers to stm32f1xx_hal.o(i.HAL_MspDeInit) for HAL_MspDeInit
    stm32f1xx_hal.o(i.HAL_Delay) refers to stm32f1xx_hal.o(i.HAL_GetTick) for HAL_GetTick
    stm32f1xx_hal.o(i.HAL_GetTick) refers to stm32f1xx_hal.o(.data) for .data
    stm32f1xx_hal.o(i.HAL_IncTick) refers to stm32f1xx_hal.o(.data) for .data
    stm32f1xx_hal.o(i.HAL_Init) refers to stm32f1xx_hal_cortex.o(i.HAL_NVIC_SetPriorityGrouping) for HAL_NVIC_SetPriorityGrouping
    stm32f1xx_hal.o(i.HAL_Init) refers to stm32f1xx_hal_timebase_tim.o(i.HAL_InitTick) for HAL_InitTick
    stm32f1xx_hal.o(i.HAL_Init) refers to stm32f1xx_hal_msp.o(i.HAL_MspInit) for HAL_MspInit
    stm32f1xx_hal.o(i.HAL_InitTick) refers to stm32f1xx_hal_rcc.o(i.HAL_RCC_GetHCLKFreq) for HAL_RCC_GetHCLKFreq
    stm32f1xx_hal.o(i.HAL_InitTick) refers to stm32f1xx_hal_cortex.o(i.HAL_SYSTICK_Config) for HAL_SYSTICK_Config
    stm32f1xx_hal.o(i.HAL_InitTick) refers to stm32f1xx_hal_cortex.o(i.HAL_NVIC_SetPriority) for HAL_NVIC_SetPriority
    stm32f1xx_hal_rcc.o(i.HAL_RCC_ClockConfig) refers to stm32f1xx_hal.o(i.HAL_GetTick) for HAL_GetTick
    stm32f1xx_hal_rcc.o(i.HAL_RCC_ClockConfig) refers to stm32f1xx_hal_rcc.o(i.HAL_RCC_GetSysClockFreq) for HAL_RCC_GetSysClockFreq
    stm32f1xx_hal_rcc.o(i.HAL_RCC_ClockConfig) refers to stm32f1xx_hal_timebase_tim.o(i.HAL_InitTick) for HAL_InitTick
    stm32f1xx_hal_rcc.o(i.HAL_RCC_ClockConfig) refers to system_stm32f1xx.o(.constdata) for AHBPrescTable
    stm32f1xx_hal_rcc.o(i.HAL_RCC_ClockConfig) refers to system_stm32f1xx.o(.data) for SystemCoreClock
    stm32f1xx_hal_rcc.o(i.HAL_RCC_DeInit) refers to system_stm32f1xx.o(.data) for SystemCoreClock
    stm32f1xx_hal_rcc.o(i.HAL_RCC_GetHCLKFreq) refers to system_stm32f1xx.o(.data) for SystemCoreClock
    stm32f1xx_hal_rcc.o(i.HAL_RCC_GetPCLK1Freq) refers to system_stm32f1xx.o(.data) for SystemCoreClock
    stm32f1xx_hal_rcc.o(i.HAL_RCC_GetPCLK1Freq) refers to system_stm32f1xx.o(.constdata) for APBPrescTable
    stm32f1xx_hal_rcc.o(i.HAL_RCC_GetPCLK2Freq) refers to system_stm32f1xx.o(.data) for SystemCoreClock
    stm32f1xx_hal_rcc.o(i.HAL_RCC_GetPCLK2Freq) refers to system_stm32f1xx.o(.constdata) for APBPrescTable
    stm32f1xx_hal_rcc.o(i.HAL_RCC_MCOConfig) refers to stm32f1xx_hal_gpio.o(i.HAL_GPIO_Init) for HAL_GPIO_Init
    stm32f1xx_hal_rcc.o(i.HAL_RCC_NMI_IRQHandler) refers to stm32f1xx_hal_rcc.o(i.HAL_RCC_CSSCallback) for HAL_RCC_CSSCallback
    stm32f1xx_hal_rcc.o(i.HAL_RCC_OscConfig) refers to stm32f1xx_hal.o(i.HAL_GetTick) for HAL_GetTick
    stm32f1xx_hal_rcc.o(i.HAL_RCC_OscConfig) refers to stm32f1xx_hal.o(i.HAL_Delay) for HAL_Delay
    stm32f1xx_hal_pwr.o(i.HAL_PWR_EnterSTOPMode) refers to stm32f1xx_hal_pwr.o(i.PWR_OverloadWfe) for PWR_OverloadWfe
    stm32f1xx_hal_pwr.o(i.HAL_PWR_PVD_IRQHandler) refers to stm32f1xx_hal_pwr.o(i.HAL_PWR_PVDCallback) for HAL_PWR_PVDCallback
    stm32f1xx_hal_dma.o(i.HAL_DMA_Abort) refers to stm32f1xx_hal.o(i.HAL_GetTick) for HAL_GetTick
    stm32f1xx_hal_dma.o(i.HAL_DMA_PollForTransfer) refers to stm32f1xx_hal.o(i.HAL_GetTick) for HAL_GetTick
    stm32f1xx_hal_dma.o(i.HAL_DMA_Start) refers to stm32f1xx_hal_dma.o(i.DMA_SetConfig) for DMA_SetConfig
    stm32f1xx_hal_dma.o(i.HAL_DMA_Start_IT) refers to stm32f1xx_hal_dma.o(i.DMA_SetConfig) for DMA_SetConfig
    stm32f1xx_hal_tim_ex.o(i.HAL_TIMEx_ConfigCommutationEvent_DMA) refers to stm32f1xx_hal_tim_ex.o(i.TIMEx_DMACommutationCplt) for TIMEx_DMACommutationCplt
    stm32f1xx_hal_tim_ex.o(i.HAL_TIMEx_ConfigCommutationEvent_DMA) refers to stm32f1xx_hal_tim.o(i.TIM_DMAError) for TIM_DMAError
    stm32f1xx_hal_tim_ex.o(i.HAL_TIMEx_HallSensor_DeInit) refers to stm32f1xx_hal_tim_ex.o(i.HAL_TIMEx_HallSensor_MspDeInit) for HAL_TIMEx_HallSensor_MspDeInit
    stm32f1xx_hal_tim_ex.o(i.HAL_TIMEx_HallSensor_Init) refers to stm32f1xx_hal_tim_ex.o(i.HAL_TIMEx_HallSensor_MspInit) for HAL_TIMEx_HallSensor_MspInit
    stm32f1xx_hal_tim_ex.o(i.HAL_TIMEx_HallSensor_Init) refers to stm32f1xx_hal_tim.o(i.TIM_Base_SetConfig) for TIM_Base_SetConfig
[...]
    Removing cmsis_os.o(.rev16_text), (4 bytes).
    Removing cmsis_os.o(.revsh_text), (4 bytes).
    Removing cmsis_os.o(i.inHandlerMode), (12 bytes).
    Removing cmsis_os.o(i.makeCmsisPriority), (14 bytes).
    Removing cmsis_os.o(i.osDelayUntil), (4 bytes).
    Removing cmsis_os.o(i.osKernelRunning), (18 bytes).
    Removing cmsis_os.o(i.osKernelSysTick), (24 bytes).
    Removing cmsis_os.o(i.osMailAlloc), (12 bytes).
    Removing cmsis_os.o(i.osMailCAlloc), (24 bytes).
    Removing cmsis_os.o(i.osMailCreate), (90 bytes).
    Removing cmsis_os.o(i.osMailFree), (12 bytes).
    Removing cmsis_os.o(i.osMailGet), (140 bytes).
    Removing cmsis_os.o(i.osMailPut), (84 bytes).
    Removing cmsis_os.o(i.osMessageCreate), (8 bytes).
    Removing cmsis_os.o(i.osMessageGet), (144 bytes).
    Removing cmsis_os.o(i.osMessagePeek), (76 bytes).
    Removing cmsis_os.o(i.osMessagePut), (84 bytes).
    Removing cmsis_os.o(i.osMutexCreate), (6 bytes).
    Removing cmsis_os.o(i.osMutexDelete), (24 bytes).
    Removing cmsis_os.o(i.osMutexRelease), (72 bytes).
    Removing cmsis_os.o(i.osMutexWait), (96 bytes).
    Removing cmsis_os.o(i.osPoolAlloc), (94 bytes).
    Removing cmsis_os.o(i.osPoolCAlloc), (16 bytes).
    Removing cmsis_os.o(i.osPoolCreate), (94 bytes).
    Removing cmsis_os.o(i.osPoolFree), (48 bytes).
    Removing cmsis_os.o(i.osRecursiveMutexCreate), (4 bytes).
    Removing cmsis_os.o(i.osRecursiveMutexRelease), (4 bytes).
    Removing cmsis_os.o(i.osRecursiveMutexWait), (4 bytes).
    Removing cmsis_os.o(i.osSemaphoreCreate), (38 bytes).
    Removing cmsis_os.o(i.osSemaphoreDelete), (24 bytes).
    Removing cmsis_os.o(i.osSemaphoreRelease), (72 bytes).
    Removing cmsis_os.o(i.osSemaphoreWait), (96 bytes).
    Removing cmsis_os.o(i.osSignalSet), (80 bytes).
    Removing cmsis_os.o(i.osSignalWait), (86 bytes).
    Removing cmsis_os.o(i.osThreadGetId), (4 bytes).
    Removing cmsis_os.o(i.osThreadGetPriority), (32 bytes).
    Removing cmsis_os.o(i.osThreadList), (4 bytes).
    Removing cmsis_os.o(i.osThreadResume), (44 bytes).
    Removing cmsis_os.o(i.osThreadResumeAll), (18 bytes).
    Removing cmsis_os.o(i.osThreadSetPriority), (22 bytes).
    Removing cmsis_os.o(i.osThreadSuspend), (10 bytes).
    Removing cmsis_os.o(i.osThreadSuspendAll), (10 bytes).
    Removing cmsis_os.o(i.osThreadTerminate), (10 bytes).
    Removing cmsis_os.o(i.osThreadYield), (10 bytes).
    Removing cmsis_os.o(i.osTimerCreate), (4 bytes).
    Removing cmsis_os.o(i.osTimerDelete), (4 bytes).
    Removing cmsis_os.o(i.osTimerStart), (4 bytes).
    Removing cmsis_os.o(i.osTimerStop), (4 bytes).
    Removing tasks.o(i.prvListTaskWithinSingleList), (138 bytes).
    Removing tasks.o(i.prvTaskIsTaskSuspended), (44 bytes).
    Removing tasks.o(i.pvTaskIncrementMutexHeldCount), (24 bytes).
    Removing tasks.o(i.ulTaskNotifyTake), (140 bytes).
    Removing tasks.o(i.uxTaskGetNumberOfTasks), (12 bytes).
    Removing tasks.o(i.uxTaskGetSystemState), (148 bytes).
    Removing tasks.o(i.uxTaskGetTaskNumber), (8 bytes).
    Removing tasks.o(i.uxTaskPriorityGet), (28 bytes).
    Removing tasks.o(i.uxTaskPriorityGetFromISR), (32 bytes).
    Removing tasks.o(i.uxTaskResetEventItemValue), (24 bytes).
    Removing tasks.o(i.vTaskDelete), (140 bytes).
    Removing tasks.o(i.vTaskEndScheduler), (24 bytes).
    Removing tasks.o(i.vTaskMissedYield), (12 bytes).
    Removing tasks.o(i.vTaskNotifyGiveFromISR), (144 bytes).
    Removing tasks.o(i.vTaskPlaceOnEventList), (88 bytes).
    Removing tasks.o(i.vTaskPlaceOnUnorderedEventList), (108 bytes).
    Removing tasks.o(i.vTaskPriorityInherit), (132 bytes).
    Removing tasks.o(i.vTaskPrioritySet), (168 bytes).
    Removing tasks.o(i.vTaskResume), (104 bytes).
    Removing tasks.o(i.vTaskSetTaskNumber), (8 bytes).
    Removing tasks.o(i.vTaskSetTimeOutState), (28 bytes).
    Removing tasks.o(i.vTaskSuspend), (156 bytes).
    Removing tasks.o(i.xTaskCheckForTimeOut), (88 bytes).
    Removing tasks.o(i.xTaskGenericNotify), (168 bytes).
    Removing tasks.o(i.xTaskGenericNotifyFromISR), (204 bytes).
    Removing tasks.o(i.xTaskGetCurrentTaskHandle), (12 bytes).
    Removing tasks.o(i.xTaskGetTickCount), (12 bytes).
    Removing tasks.o(i.xTaskGetTickCountFromISR), (16 bytes).
    Removing tasks.o(i.xTaskNotifyStateClear), (48 bytes).
    Removing tasks.o(i.xTaskNotifyWait), (168 bytes).
    Removing tasks.o(i.xTaskPriorityDisinherit), (132 bytes).
    Removing tasks.o(i.xTaskRemoveFromEventList), (108 bytes).
    Removing tasks.o(i.xTaskRemoveFromUnorderedEventList), (100 bytes).
    Removing tasks.o(i.xTaskResumeFromISR), (120 bytes).
    Removing lcd_5510_main.o(.rev16_text), (4 bytes).
    Removing lcd_5510_main.o(.revsh_text), (4 bytes).
    Removing lcd_5510_main.o(.rrx_text), (6 bytes).
    Removing lcd_5510_main.o(i.LCD_draw_bmp_pixel), (86 bytes).
    Removing shell.o(.rev16_text), (4 bytes).
    Removing shell.o(.revsh_text), (4 bytes).
    Removing shell.o(.rrx_text), (6 bytes).
    Removing display.o(.rev16_text), (4 bytes).
    Removing display.o(.revsh_text), (4 bytes).
    Removing display.o(.rrx_text), (6 bytes).
    Removing task_main.o(.rev16_text), (4 bytes).
    Removing task_main.o(.revsh_text), (4 bytes).
    Removing task_main.o(.rrx_text), (6 bytes).
    Removing sd.o(.rev16_text), (4 bytes).
    Removing sd.o(.revsh_text), (4 bytes).
    Removing sd.o(.rrx_text), (6 bytes).
    Removing sd.o(i.SD_GetCID), (42 bytes).
    Removing sd.o(i.SD_SendBlock), (80 bytes).
    Removing sd.o(i.SD_WriteDisk), (128 bytes).
    Removing sd.o(i.set_spi_speedlow), (60 bytes).
    Removing sd.o(.bss), (512 bytes).
    Removing sd.o(.bss), (512 bytes).
    Removing ff.o(.rev16_text), (4 bytes).
    Removing ff.o(.revsh_text), (4 bytes).
    Removing ff.o(.rrx_text), (6 bytes).
    Removing ff.o(i.check_fs), (96 bytes).
    Removing ff.o(i.chk_lock), (108 bytes).
    Removing ff.o(i.clear_lock), (40 bytes).
    Removing ff.o(i.clmt_clust), (42 bytes).
    Removing ff.o(i.clust2sect), (30 bytes).
    Removing ff.o(i.create_chain), (176 bytes).
    Removing ff.o(i.create_name), (260 bytes).
    Removing ff.o(i.dec_lock), (60 bytes).
    Removing ff.o(i.dir_next), (286 bytes).
    Removing ff.o(i.dir_read), (100 bytes).
    Removing ff.o(i.dir_register), (132 bytes).
    Removing ff.o(i.dir_remove), (66 bytes).
    Removing ff.o(i.dir_sdi), (154 bytes).
    Removing ff.o(i.f_chmod), (94 bytes).
    Removing ff.o(i.f_close), (54 bytes).
    Removing ff.o(i.f_closedir), (48 bytes).
    Removing ff.o(i.f_getfree), (212 bytes).
    Removing ff.o(i.f_gets), (74 bytes).
    Removing ff.o(i.f_lseek), (666 bytes).
    Removing ff.o(i.f_mkdir), (374 bytes).
    Removing ff.o(i.f_mkfs), (1336 bytes).
    Removing ff.o(i.f_mount), (132 bytes).
    Removing ff.o(i.f_open), (424 bytes).
    Removing ff.o(i.f_opendir), (160 bytes).
    Removing ff.o(i.f_printf), (488 bytes).
    Removing ff.o(i.f_putc), (64 bytes).
    Removing ff.o(i.f_puts), (74 bytes).
    Removing ff.o(i.f_read), (458 bytes).
    Removing ff.o(i.f_readdir), (98 bytes).
    Removing ff.o(i.f_rename), (292 bytes).
    Removing ff.o(i.f_stat), (72 bytes).
    Removing ff.o(i.f_sync), (210 bytes).
    Removing ff.o(i.f_truncate), (226 bytes).
    Removing ff.o(i.f_unlink), (184 bytes).
    Removing ff.o(i.f_utime), (98 bytes).
    Removing ff.o(i.f_write), (532 bytes).
    Removing ff.o(i.find_volume), (616 bytes).
    Removing ff.o(i.follow_path), (192 bytes).
    Removing ff.o(i.get_fat), (200 bytes).
    Removing ff.o(i.get_fileinfo), (82 bytes).
    Removing ff.o(i.get_ldnumber), (62 bytes).
    Removing ff.o(i.inc_lock), (160 bytes).
    Removing ff.o(i.ld_clust), (20 bytes).
    Removing ff.o(i.lock_fs), (8 bytes).
    Removing ff.o(i.mem_cpy), (18 bytes).
    Removing ff.o(i.mem_set), (16 bytes).
    Removing ff.o(i.move_window), (54 bytes).
    Removing ff.o(i.put_fat), (254 bytes).
    Removing ff.o(i.putc_bfd), (74 bytes).
    Removing ff.o(i.remove_chain), (110 bytes).
    Removing ff.o(i.st_clust), (16 bytes).
    Removing ff.o(i.sync_fs), (182 bytes).
    Removing ff.o(i.sync_window), (98 bytes).
    Removing ff.o(i.unlock_fs), (30 bytes).
    Removing ff.o(i.validate), (64 bytes).
    Removing ff.o(.bss), (24 bytes).
    Removing ff.o(.constdata), (172 bytes).
    Removing ff.o(.data), (8 bytes).
    Removing syscall.o(.rev16_text), (4 bytes).
    Removing syscall.o(.revsh_text), (4 bytes).
    Removing syscall.o(.rrx_text), (6 bytes).
    Removing syscall.o(i.ff_cre_syncobj), (26 bytes).
    Removing syscall.o(i.ff_del_syncobj), (10 bytes).
    Removing syscall.o(i.ff_rel_grant), (4 bytes).
    Removing syscall.o(i.ff_req_grant), (20 bytes).
    Removing diskio.o(.rev16_text), (4 bytes).
    Removing diskio.o(.revsh_text), (4 bytes).
    Removing diskio.o(.rrx_text), (6 bytes).
    Removing diskio.o(i.disk_initialize), (40 bytes).
    Removing diskio.o(i.disk_ioctl), (28 bytes).
    Removing diskio.o(i.disk_read), (28 bytes).
    Removing diskio.o(i.disk_status), (24 bytes).
    Removing diskio.o(i.disk_write), (28 bytes).
    Removing diskio.o(i.get_fattime), (4 bytes).
    Removing ff_gen_drv.o(.rev16_text), (4 bytes).
    Removing ff_gen_drv.o(.revsh_text), (4 bytes).
    Removing ff_gen_drv.o(.rrx_text), (6 bytes).
    Removing ff_gen_drv.o(i.FATFS_GetAttachedDriversNbr), (12 bytes).
    Removing ff_gen_drv.o(i.FATFS_LinkDriver), (6 bytes).
    Removing ff_gen_drv.o(i.FATFS_LinkDriverEx), (64 bytes).
    Removing ff_gen_drv.o(i.FATFS_UnLinkDriver), (6 bytes).
    Removing ff_gen_drv.o(i.FATFS_UnLinkDriverEx), (52 bytes).
    Removing ff_gen_drv.o(.bss), (12 bytes).
    Removing dadd.o(.text), (334 bytes).
    Removing dmul.o(.text), (228 bytes).
    Removing ddiv.o(.text), (222 bytes).
    Removing dfixul.o(.text), (48 bytes).
    Removing cdrcmple.o(.text), (48 bytes).
    Removing depilogue.o(.text), (186 bytes).

617 unused section(s) (total 43240 bytes) removed from the image.

==============================================================================

Image Symbol Table

    Local Symbols

    Symbol Name                              Value     Ov Type        Size  Object(Section)

    ../Drivers/CMSIS/Device/ST/STM32F1xx/Source/Templates/system_stm32f1xx.c 0x00000000   Number         0  system_stm32f1xx.o ABSOLUTE
    ../Drivers/STM32F1xx_HAL_Driver/Src/stm32f1xx_hal.c 0x00000000   Number         0  stm32f1xx_hal.o ABSOLUTE
    ../Drivers/STM32F1xx_HAL_Driver/Src/stm32f1xx_hal_cortex.c 0x00000000   Number         0  stm32f1xx_hal_cortex.o ABSOLUTE
    ../Drivers/STM32F1xx_HAL_Driver/Src/stm32f1xx_hal_dma.c 0x00000000   Number         0  stm32f1xx_hal_dma.o ABSOLUTE
    ../Drivers/STM32F1xx_HAL_Driver/Src/stm32f1xx_hal_flash.c 0x00000000   Number         0  stm32f1xx_hal_flash.o ABSOLUTE
    ../Drivers/STM32F1xx_HAL_Driver/Src/stm32f1xx_hal_flash_ex.c 0x00000000   Number         0  stm32f1xx_hal_flash_ex.o ABSOLUTE
    ../Drivers/STM32F1xx_HAL_Driver/Src/stm32f1xx_hal_gpio.c 0x00000000   Number         0  stm32f1xx_hal_gpio.o ABSOLUTE
    ../Drivers/STM32F1xx_HAL_Driver/Src/stm32f1xx_hal_gpio_ex.c 0x00000000   Number         0  stm32f1xx_hal_gpio_ex.o ABSOLUTE
    ../Drivers/STM32F1xx_HAL_Driver/Src/stm32f1xx_hal_pwr.c 0x00000000   Number         0  stm32f1xx_hal_pwr.o ABSOLUTE
    ../Drivers/STM32F1xx_HAL_Driver/Src/stm32f1xx_hal_rcc.c 0x00000000   Number         0  stm32f1xx_hal_rcc.o ABSOLUTE
    ../Drivers/STM32F1xx_HAL_Driver/Src/stm32f1xx_hal_rcc_ex.c 0x00000000   Number         0  stm32f1xx_hal_rcc_ex.o ABSOLUTE
    ../Drivers/STM32F1xx_HAL_Driver/Src/stm32f1xx_hal_spi.c 0x00000000   Number         0  stm32f1xx_hal_spi.o ABSOLUTE
    ../Drivers/STM32F1xx_HAL_Driver/Src/stm32f1xx_hal_spi_ex.c 0x00000000   Number         0  stm32f1xx_hal_spi_ex.o ABSOLUTE
    ../Drivers/STM32F1xx_HAL_Driver/Src/stm32f1xx_hal_tim.c 0x00000000   Number         0  stm32f1xx_hal_tim.o ABSOLUTE
    ../Drivers/STM32F1xx_HAL_Driver/Src/stm32f1xx_hal_tim_ex.c 0x00000000   Number         0  stm32f1xx_hal_tim_ex.o ABSOLUTE
    ../Drivers/STM32F1xx_HAL_Driver/Src/stm32f1xx_hal_uart.c 0x00000000   Number         0  stm32f1xx_hal_uart.o ABSOLUTE
    ../Middlewares/Third_Party/FatFs/src/diskio.c 0x00000000   Number         0  diskio.o ABSOLUTE
    ../Middlewares/Third_Party/FatFs/src/ff.c 0x00000000   Number         0  ff.o ABSOLUTE
    ../Middlewares/Third_Party/FatFs/src/ff_gen_drv.c 0x00000000   Number         0  ff_gen_drv.o ABSOLUTE
    ../Middlewares/Third_Party/FatFs/src/option/syscall.c 0x00000000   Number         0  syscall.o ABSOLUTE
    ../Middlewares/Third_Party/FreeRTOS/Source/CMSIS_RTOS/cmsis_os.c 0x00000000   Number         0  cmsis_os.o ABSOLUTE
    ../Middlewares/Third_Party/FreeRTOS/Source/croutine.c 0x00000000   Number         0  croutine.o ABSOLUTE
    ../Middlewares/Third_Party/FreeRTOS/Source/event_groups.c 0x00000000   Number         0  event_groups.o ABSOLUTE
    ../Middlewares/Third_Party/FreeRTOS/Source/list.c 0x00000000   Number         0  list.o ABSOLUTE
    ../Middlewares/Third_Party/FreeRTOS/Source/portable/MemMang/heap_4.c 0x00000000   Number         0  heap_4.o ABSOLUTE
    ../Middlewares/Third_Party/FreeRTOS/Source/portable/RVDS/ARM_CM3/port.c 0x00000000   Number         0  port.o ABSOLUTE
    ../Middlewares/Third_Party/FreeRTOS/Source/queue.c 0x00000000   Number         0  queue.o ABSOLUTE
    ../Middlewares/Third_Party/FreeRTOS/Source/tasks.c 0x00000000   Number         0  tasks.o ABSOLUTE
    ../Middlewares/Third_Party/FreeRTOS/Source/timers.c 0x00000000   Number         0  timers.o ABSOLUTE
    ../Src/fatfs.c                           0x00000000   Number         0  fatfs.o ABSOLUTE
    ../Src/freertos.c                        0x00000000   Number         0  freertos.o ABSOLUTE
    ../Src/main.c                            0x00000000   Number         0  main.o ABSOLUTE
    ../Src/stm32f1xx_hal_msp.c               0x00000000   Number         0  stm32f1xx_hal_msp.o ABSOLUTE
    ../Src/stm32f1xx_hal_timebase_TIM.c      0x00000000   Number         0  stm32f1xx_hal_timebase_tim.o ABSOLUTE
    ../Src/stm32f1xx_it.c                    0x00000000   Number         0  stm32f1xx_it.o ABSOLUTE
    ../Src/user_diskio.c                     0x00000000   Number         0  user_diskio.o ABSOLUTE
    ../clib/../cmprslib/zerorunl2.c          0x00000000   Number         0  __dczerorl2.o ABSOLUTE
    ../clib/microlib/division.c              0x00000000   Number         0  uidiv.o ABSOLUTE
    ../clib/microlib/division.c              0x00000000   Number         0  uldiv.o ABSOLUTE
    ../clib/microlib/init/entry.s            0x00000000   Number         0  entry10a.o ABSOLUTE
    ../clib/microlib/init/entry.s            0x00000000   Number         0  entry9b.o ABSOLUTE
    ../clib/microlib/init/entry.s            0x00000000   Number         0  entry9a.o ABSOLUTE
    ../clib/microlib/init/entry.s            0x00000000   Number         0  entry8b.o ABSOLUTE
    ../clib/microlib/init/entry.s            0x00000000   Number         0  entry2.o ABSOLUTE
    ../clib/microlib/init/entry.s            0x00000000   Number         0  entry11a.o ABSOLUTE
    ../clib/microlib/init/entry.s            0x00000000   Number         0  entry10b.o ABSOLUTE
    ../clib/microlib/init/entry.s            0x00000000   Number         0  entry5.o ABSOLUTE
    ../clib/microlib/init/entry.s            0x00000000   Number         0  entry.o ABSOLUTE
    ../clib/microlib/init/entry.s            0x00000000   Number         0  entry11b.o ABSOLUTE
    ../clib/microlib/init/entry.s            0x00000000   Number         0  entry7a.o ABSOLUTE
    ../clib/microlib/init/entry.s            0x00000000   Number         0  entry7b.o ABSOLUTE
    ../clib/microlib/init/entry.s            0x00000000   Number         0  entry8a.o ABSOLUTE
    ../clib/microlib/longlong.c              0x00000000   Number         0  llshl.o ABSOLUTE
    ../clib/microlib/longlong.c              0x00000000   Number         0  llsshr.o ABSOLUTE
    ../clib/microlib/longlong.c              0x00000000   Number         0  llushr.o ABSOLUTE
    ../clib/microlib/printf/printf.c         0x00000000   Number         0  printf2.o ABSOLUTE
    ../clib/microlib/printf/printf.c         0x00000000   Number         0  printf1.o ABSOLUTE
    ../clib/microlib/printf/printf.c         0x00000000   Number         0  printf0.o ABSOLUTE
    ../clib/microlib/printf/printf.c         0x00000000   Number         0  printfb.o ABSOLUTE
    ../clib/microlib/printf/printf.c         0x00000000   Number         0  printf7.o ABSOLUTE
    ../clib/microlib/printf/printf.c         0x00000000   Number         0  printfa.o ABSOLUTE
    ../clib/microlib/printf/printf.c         0x00000000   Number         0  printf8.o ABSOLUTE
    ../clib/microlib/printf/printf.c         0x00000000   Number         0  printf6.o ABSOLUTE
    ../clib/microlib/printf/printf.c         0x00000000   Number         0  printf5.o ABSOLUTE
    ../clib/microlib/printf/printf.c         0x00000000   Number         0  printf4.o ABSOLUTE
    ../clib/microlib/printf/printf.c         0x00000000   Number         0  printf3.o ABSOLUTE
    ../clib/microlib/printf/stubs.s          0x00000000   Number         0  stubs.o ABSOLUTE
    ../clib/microlib/stdio/streams.c         0x00000000   Number         0  stdout.o ABSOLUTE
    ../clib/microlib/string/memcpy.c         0x00000000   Number         0  memcpyb.o ABSOLUTE
    ../clib/microlib/string/memcpy.c         0x00000000   Number         0  memcpya.o ABSOLUTE
    ../clib/microlib/string/memset.c         0x00000000   Number         0  memseta.o ABSOLUTE
    ../clib/microlib/stubs.s                 0x00000000   Number         0  iusefp.o ABSOLUTE
    ../fplib/microlib/fpadd.c                0x00000000   Number         0  dadd.o ABSOLUTE
    ../fplib/microlib/fpdiv.c                0x00000000   Number         0  ddiv.o ABSOLUTE
    ../fplib/microlib/fpepilogue.c           0x00000000   Number         0  depilogue.o ABSOLUTE
    ../fplib/microlib/fpfix.c                0x00000000   Number         0  dfixul.o ABSOLUTE
    ../fplib/microlib/fpmul.c                0x00000000   Number         0  dmul.o ABSOLUTE
    ..\Drivers\CMSIS\Device\ST\STM32F1xx\Source\Templates\system_stm32f1xx.c 0x00000000   Number         0  system_stm32f1xx.o ABSOLUTE
    ..\Drivers\STM32F1xx_HAL_Driver\Src\stm32f1xx_hal.c 0x00000000   Number         0  stm32f1xx_hal.o ABSOLUTE
    ..\Drivers\STM32F1xx_HAL_Driver\Src\stm32f1xx_hal_cortex.c 0x00000000   Number         0  stm32f1xx_hal_cortex.o ABSOLUTE
    ..\Drivers\STM32F1xx_HAL_Driver\Src\stm32f1xx_hal_dma.c 0x00000000   Number         0  stm32f1xx_hal_dma.o ABSOLUTE
    ..\Drivers\STM32F1xx_HAL_Driver\Src\stm32f1xx_hal_flash.c 0x00000000   Number         0  stm32f1xx_hal_flash.o ABSOLUTE
    ..\Drivers\STM32F1xx_HAL_Driver\Src\stm32f1xx_hal_flash_ex.c 0x00000000   Number         0  stm32f1xx_hal_flash_ex.o ABSOLUTE
    ..\Drivers\STM32F1xx_HAL_Driver\Src\stm32f1xx_hal_gpio.c 0x00000000   Number         0  stm32f1xx_hal_gpio.o ABSOLUTE
    ..\Drivers\STM32F1xx_HAL_Driver\Src\stm32f1xx_hal_gpio_ex.c 0x00000000   Number         0  stm32f1xx_hal_gpio_ex.o ABSOLUTE
    ..\Drivers\STM32F1xx_HAL_Driver\Src\stm32f1xx_hal_pwr.c 0x00000000   Number         0  stm32f1xx_hal_pwr.o ABSOLUTE
    ..\Drivers\STM32F1xx_HAL_Driver\Src\stm32f1xx_hal_rcc.c 0x00000000   Number         0  stm32f1xx_hal_rcc.o ABSOLUTE
    ..\Drivers\STM32F1xx_HAL_Driver\Src\stm32f1xx_hal_rcc_ex.c 0x00000000   Number         0  stm32f1xx_hal_rcc_ex.o ABSOLUTE
    ..\Drivers\STM32F1xx_HAL_Driver\Src\stm32f1xx_hal_spi.c 0x00000000   Number         0  stm32f1xx_hal_spi.o ABSOLUTE
    ..\Drivers\STM32F1xx_HAL_Driver\Src\stm32f1xx_hal_spi_ex.c 0x00000000   Number         0  stm32f1xx_hal_spi_ex.o ABSOLUTE
    ..\Drivers\STM32F1xx_HAL_Driver\Src\stm32f1xx_hal_tim.c 0x00000000   Number         0  stm32f1xx_hal_tim.o ABSOLUTE
    ..\Drivers\STM32F1xx_HAL_Driver\Src\stm32f1xx_hal_tim_ex.c 0x00000000   Number         0  stm32f1xx_hal_tim_ex.o ABSOLUTE
    ..\Drivers\STM32F1xx_HAL_Driver\Src\stm32f1xx_hal_uart.c 0x00000000   Number         0  stm32f1xx_hal_uart.o ABSOLUTE
    ..\Firmware\APP\commander\src\commander.c 0x00000000   Number         0  commander.o ABSOLUTE
    ..\Firmware\APP\display\src\display.c    0x00000000   Number         0  display.o ABSOLUTE
    ..\Firmware\APP\task_main\src\task_main.c 0x00000000   Number         0  task_main.o ABSOLUTE
    ..\Firmware\Drivers\5510\src\LCD_5510_main.c 0x00000000   Number         0  lcd_5510_main.o ABSOLUTE
    ..\Firmware\Drivers\LOG\shell.c          0x00000000   Number         0  shell.o ABSOLUTE
    ..\Firmware\Drivers\SD\src\sd.c          0x00000000   Number         0  sd.o ABSOLUTE
    ..\Middlewares\Third_Party\FatFs\src\diskio.c 0x00000000   Number         0  diskio.o ABSOLUTE
    ..\Middlewares\Third_Party\FatFs\src\ff.c 0x00000000   Number         0  ff.o ABSOLUTE
    ..\Middlewares\Third_Party\FatFs\src\ff_gen_drv.c 0x00000000   Number         0  ff_gen_drv.o ABSOLUTE
    ..\Middlewares\Third_Party\FatFs\src\option\syscall.c 0x00000000   Number         0  syscall.o ABSOLUTE
    ..\Middlewares\Third_Party\FreeRTOS\Source\CMSIS_RTOS\cmsis_os.c 0x00000000   Number         0  cmsis_os.o ABSOLUTE
    ..\Middlewares\Third_Party\FreeRTOS\Source\portable\RVDS\ARM_CM3\port.c 0x00000000   Number         0  port.o ABSOLUTE
    ..\Src\fatfs.c                           0x00000000   Number         0  fatfs.o ABSOLUTE
    ..\Src\main.c                            0x00000000   Number         0  main.o ABSOLUTE
    ..\Src\stm32f1xx_hal_msp.c               0x00000000   Number         0  stm32f1xx_hal_msp.o ABSOLUTE
    ..\Src\stm32f1xx_hal_timebase_TIM.c      0x00000000   Number         0  stm32f1xx_hal_timebase_tim.o ABSOLUTE
    ..\Src\stm32f1xx_it.c                    0x00000000   Number         0  stm32f1xx_it.o ABSOLUTE
    ..\Src\user_diskio.c                     0x00000000   Number         0  user_diskio.o ABSOLUTE
    ..\\Firmware\\APP\\display\\src\\display.c 0x00000000   Number         0  display.o ABSOLUTE
    ..\\Firmware\\APP\\task_main\\src\\task_main.c 0x00000000   Number         0  task_main.o ABSOLUTE
    ..\\Firmware\\Drivers\\5510\\src\\LCD_5510_main.c 0x00000000   Number         0  lcd_5510_main.o ABSOLUTE
    ..\\Firmware\\Drivers\\LOG\\shell.c      0x00000000   Number         0  shell.o ABSOLUTE
    ..\\Firmware\\Drivers\\SD\\src\\sd.c     0x00000000   Number         0  sd.o ABSOLUTE
    cdrcmple.s                               0x00000000   Number         0  cdrcmple.o ABSOLUTE
    dc.s                                     0x00000000   Number         0  dc.o ABSOLUTE
    handlers.s                               0x00000000   Number         0  handlers.o ABSOLUTE
    init.s                                   0x00000000   Number         0  init.o ABSOLUTE
    startup_stm32f103xb.s                    0x00000000   Number         0  startup_stm32f103xb.o ABSOLUTE
    RESET                                    0x08000000   Section      236  startup_stm32f103xb.o(RESET)
    .ARM.Collect$$$$00000000                 0x080000ec   Section        0  entry.o(.ARM.Collect$$$$00000000)
    .ARM.Collect$$$$00000001                 0x080000ec   Section        4  entry2.o(.ARM.Collect$$$$00000001)
    .ARM.Collect$$$$00000004                 0x080000f0   Section        4  entry5.o(.ARM.Collect$$$$00000004)
    .ARM.Collect$$$$00000008                 0x080000f4   Section        0  entry7b.o(.ARM.Collect$$$$00000008)
    .ARM.Collect$$$$0000000A                 0x080000f4   Section        0  entry8b.o(.ARM.Collect$$$$0000000A)
    .ARM.Collect$$$$0000000B                 0x080000f4   Section        8  entry9a.o(.ARM.Collect$$$$0000000B)
    .ARM.Collect$$$$0000000D                 0x080000fc   Section        0  entry10a.o(.ARM.Collect$$$$0000000D)
    .ARM.Collect$$$$0000000F                 0x080000fc   Section        0  entry11a.o(.ARM.Collect$$$$0000000F)
    .ARM.Collect$$$$00002712                 0x080000fc   Section        4  entry2.o(.ARM.Collect$$$$00002712)
    __lit__00000000                          0x080000fc   Data           4  entry2.o(.ARM.Collect$$$$00002712)
    .emb_text                                0x08000100   Section      162  port.o(.emb_text)
    .text                                    0x080001a4   Section       36  startup_stm32f103xb.o(.text)
    .text                                    0x080001c8   Section        0  llushr.o(.text)
    .text                                    0x080001e8   Section        0  memcpya.o(.text)
    .text                                    0x0800020c   Section        0  memseta.o(.text)
    .text                                    0x08000230   Section        0  uldiv.o(.text)
    .text                                    0x08000294   Section       36  init.o(.text)
    .text                                    0x080002b8   Section        0  llshl.o(.text)
    .text                                    0x080002d6   Section        0  __dczerorl2.o(.text)
    i.BusFault_Handler                       0x0800032c   Section        0  stm32f1xx_it.o(i.BusFault_Handler)
    i.DebugMon_Handler                       0x0800032e   Section        0  stm32f1xx_it.o(i.DebugMon_Handler)
    i.HAL_Delay                              0x08000330   Section        0  stm32f1xx_hal.o(i.HAL_Delay)
    i.HAL_GPIO_Init                          0x08000348   Section        0  stm32f1xx_hal_gpio.o(i.HAL_GPIO_Init)
    i.HAL_GPIO_WritePin                      0x08000510   Section        0  stm32f1xx_hal_gpio.o(i.HAL_GPIO_WritePin)
    i.HAL_GetTick                            0x0800051c   Section        0  stm32f1xx_hal.o(i.HAL_GetTick)
    i.HAL_IncTick                            0x08000528   Section        0  stm32f1xx_hal.o(i.HAL_IncTick)
    i.HAL_Init                               0x08000538   Section        0  stm32f1xx_hal.o(i.HAL_Init)
    i.HAL_InitTick                           0x0800055c   Section        0  stm32f1xx_hal_timebase_tim.o(i.HAL_InitTick)
    i.HAL_MspInit                            0x080005d0   Section        0  stm32f1xx_hal_msp.o(i.HAL_MspInit)
    i.HAL_NVIC_EnableIRQ                     0x08000650   Section        0  stm32f1xx_hal_cortex.o(i.HAL_NVIC_EnableIRQ)
    i.HAL_NVIC_SetPriority                   0x08000668   Section        0  stm32f1xx_hal_cortex.o(i.HAL_NVIC_SetPriority)
    i.HAL_NVIC_SetPriorityGrouping           0x080006a8   Section        0  stm32f1xx_hal_cortex.o(i.HAL_NVIC_SetPriorityGrouping)
    i.HAL_RCC_ClockConfig                    0x080006cc   Section        0  stm32f1xx_hal_rcc.o(i.HAL_RCC_ClockConfig)
    i.HAL_RCC_GetClockConfig                 0x0800084c   Section        0  stm32f1xx_hal_rcc.o(i.HAL_RCC_GetClockConfig)
    i.HAL_RCC_GetHCLKFreq                    0x0800088c   Section        0  stm32f1xx_hal_rcc.o(i.HAL_RCC_GetHCLKFreq)
    i.HAL_RCC_GetPCLK1Freq                   0x08000898   Section        0  stm32f1xx_hal_rcc.o(i.HAL_RCC_GetPCLK1Freq)
    i.HAL_RCC_GetPCLK2Freq                   0x080008c8   Section        0  stm32f1xx_hal_rcc.o(i.HAL_RCC_GetPCLK2Freq)
    i.HAL_RCC_GetSysClockFreq                0x080008f8   Section        0  stm32f1xx_hal_rcc.o(i.HAL_RCC_GetSysClockFreq)
    i.HAL_RCC_OscConfig                      0x08000980   Section        0  stm32f1xx_hal_rcc.o(i.HAL_RCC_OscConfig)
    i.HAL_SPI_Init                           0x08000efc   Section        0  stm32f1xx_hal_spi_ex.o(i.HAL_SPI_Init)
    i.HAL_SPI_MspInit                        0x08000f84   Section        0  stm32f1xx_hal_msp.o(i.HAL_SPI_MspInit)
    i.HAL_SPI_TransmitReceive                0x08000fdc   Section        0  stm32f1xx_hal_spi.o(i.HAL_SPI_TransmitReceive)
    i.HAL_SYSTICK_CLKSourceConfig            0x0800128e   Section        0  stm32f1xx_hal_cortex.o(i.HAL_SYSTICK_CLKSourceConfig)
    i.HAL_SYSTICK_Config                     0x080012a6   Section        0  stm32f1xx_hal_cortex.o(i.HAL_SYSTICK_Config)
    i.HAL_TIMEx_BreakCallback                0x080012ce   Section        0  stm32f1xx_hal_tim_ex.o(i.HAL_TIMEx_BreakCallback)
    i.HAL_TIMEx_CommutationCallback          0x080012d0   Section        0  stm32f1xx_hal_tim_ex.o(i.HAL_TIMEx_CommutationCallback)
    i.HAL_TIM_Base_Init                      0x080012d2   Section        0  stm32f1xx_hal_tim.o(i.HAL_TIM_Base_Init)
    i.HAL_TIM_Base_MspInit                   0x08001308   Section        0  stm32f1xx_hal_tim.o(i.HAL_TIM_Base_MspInit)
    i.HAL_TIM_Base_Start_IT                  0x0800130a   Section        0  stm32f1xx_hal_tim.o(i.HAL_TIM_Base_Start_IT)
    i.HAL_TIM_IC_CaptureCallback             0x08001322   Section        0  stm32f1xx_hal_tim.o(i.HAL_TIM_IC_CaptureCallback)
    i.HAL_TIM_IRQHandler                     0x08001324   Section        0  stm32f1xx_hal_tim.o(i.HAL_TIM_IRQHandler)
    i.HAL_TIM_OC_DelayElapsedCallback        0x0800148a   Section        0  stm32f1xx_hal_tim.o(i.HAL_TIM_OC_DelayElapsedCallback)
    i.HAL_TIM_PWM_PulseFinishedCallback      0x0800148c   Section        0  stm32f1xx_hal_tim.o(i.HAL_TIM_PWM_PulseFinishedCallback)
    i.HAL_TIM_PeriodElapsedCallback          0x08001490   Section        0  main.o(i.HAL_TIM_PeriodElapsedCallback)
    i.HAL_TIM_TriggerCallback                0x080014a4   Section        0  stm32f1xx_hal_tim.o(i.HAL_TIM_TriggerCallback)
    i.HAL_UART_ErrorCallback                 0x080014a6   Section        0  stm32f1xx_hal_uart.o(i.HAL_UART_ErrorCallback)
    i.HAL_UART_IRQHandler                    0x080014a8   Section        0  stm32f1xx_hal_uart.o(i.HAL_UART_IRQHandler)
    i.HAL_UART_Init                          0x08001580   Section        0  stm32f1xx_hal_uart.o(i.HAL_UART_Init)
    i.HAL_UART_MspInit                       0x080015e0   Section        0  stm32f1xx_hal_msp.o(i.HAL_UART_MspInit)
    i.HAL_UART_RxCpltCallback                0x08001648   Section        0  stm32f1xx_hal_uart.o(i.HAL_UART_RxCpltCallback)
    i.HAL_UART_Transmit                      0x0800164a   Section        0  stm32f1xx_hal_uart.o(i.HAL_UART_Transmit)
    i.HAL_UART_TxCpltCallback                0x08001712   Section        0  stm32f1xx_hal_uart.o(i.HAL_UART_TxCpltCallback)
    i.HardFault_Handler                      0x08001714   Section        0  stm32f1xx_it.o(i.HardFault_Handler)
    i.LCD_clear                              0x08001716   Section        0  lcd_5510_main.o(i.LCD_clear)
    i.LCD_init                               0x08001740   Section        0  lcd_5510_main.o(i.LCD_init)
    i.LCD_set_XY                             0x0800181c   Section        0  lcd_5510_main.o(i.LCD_set_XY)
    i.LCD_write_byte                         0x08001838   Section        0  lcd_5510_main.o(i.LCD_write_byte)
    i.LCD_write_char                         0x080018ac   Section        0  lcd_5510_main.o(i.LCD_write_char)
    i.LCD_write_english_string               0x080018d4   Section        0  lcd_5510_main.o(i.LCD_write_english_string)
    i.LCD_write_num_string                   0x080018ec   Section        0  lcd_5510_main.o(i.LCD_write_num_string)
    i.MX_GPIO_Init                           0x08001934   Section        0  main.o(i.MX_GPIO_Init)
    MX_GPIO_Init                             0x08001935   Thumb Code   214  main.o(i.MX_GPIO_Init)
    i.MX_SPI1_Init                           0x08001a20   Section        0  main.o(i.MX_SPI1_Init)
    MX_SPI1_Init                             0x08001a21   Thumb Code    58  main.o(i.MX_SPI1_Init)
    i.MemManage_Handler                      0x08001a64   Section        0  stm32f1xx_it.o(i.MemManage_Handler)
    i.NMI_Handler                            0x08001a66   Section        0  stm32f1xx_it.o(i.NMI_Handler)
    i.NVIC_SetPriority                       0x08001a68   Section        0  stm32f1xx_hal_cortex.o(i.NVIC_SetPriority)
    NVIC_SetPriority                         0x08001a69   Thumb Code    32  stm32f1xx_hal_cortex.o(i.NVIC_SetPriority)
    i.SD_DisSelect                           0x08001a88   Section        0  sd.o(i.SD_DisSelect)
    i.SD_GetCSD                              0x08001aa4   Section        0  sd.o(i.SD_GetCSD)
    i.SD_GetResponse                         0x08001ace   Section        0  sd.o(i.SD_GetResponse)
    i.SD_GetSectorCount                      0x08001af8   Section        0  sd.o(i.SD_GetSectorCount)
    i.SD_ReadDisk                            0x08001b94   Section        0  sd.o(i.SD_ReadDisk)
    i.SD_RecvData                            0x08001c00   Section        0  sd.o(i.SD_RecvData)
    i.SD_Select                              0x08001c34   Section        0  sd.o(i.SD_Select)
    i.SD_SendCmd                             0x08001c54   Section        0  sd.o(i.SD_SendCmd)
    i.SD_WaitReady                           0x08001cb2   Section        0  sd.o(i.SD_WaitReady)
    i.SPI_WaitOnFlagUntilTimeout             0x08001cd2   Section        0  stm32f1xx_hal_spi.o(i.SPI_WaitOnFlagUntilTimeout)
    SPI_WaitOnFlagUntilTimeout               0x08001cd3   Thumb Code   158  stm32f1xx_hal_spi.o(i.SPI_WaitOnFlagUntilTimeout)
    i.SysTick_Handler                        0x08001d70   Section        0  stm32f1xx_it.o(i.SysTick_Handler)
    i.SystemClock_Config                     0x08001d74   Section        0  main.o(i.SystemClock_Config)
    i.SystemInit                             0x08001ddc   Section        0  system_stm32f1xx.o(i.SystemInit)
    i.TIM4_IRQHandler                        0x08001e24   Section        0  stm32f1xx_it.o(i.TIM4_IRQHandler)
    i.TIM_Base_SetConfig                     0x08001e30   Section        0  stm32f1xx_hal_tim.o(i.TIM_Base_SetConfig)
    i.UART_Receive_IT                        0x08001e94   Section        0  stm32f1xx_hal_uart.o(i.UART_Receive_IT)
    UART_Receive_IT                          0x08001e95   Thumb Code   166  stm32f1xx_hal_uart.o(i.UART_Receive_IT)
    i.UART_SetConfig                         0x08001f3c   Section        0  stm32f1xx_hal_uart.o(i.UART_SetConfig)
    UART_SetConfig                           0x08001f3d   Thumb Code   364  stm32f1xx_hal_uart.o(i.UART_SetConfig)
    i.UART_Transmit_IT                       0x080020ac   Section        0  stm32f1xx_hal_uart.o(i.UART_Transmit_IT)
    UART_Transmit_IT                         0x080020ad   Thumb Code   102  stm32f1xx_hal_uart.o(i.UART_Transmit_IT)
    i.UART_WaitOnFlagUntilTimeout            0x08002112   Section        0  stm32f1xx_hal_uart.o(i.UART_WaitOnFlagUntilTimeout)
    UART_WaitOnFlagUntilTimeout              0x08002113   Thumb Code   146  stm32f1xx_hal_uart.o(i.UART_WaitOnFlagUntilTimeout)
    i.USART1_IRQHandler                      0x080021a4   Section        0  stm32f1xx_it.o(i.USART1_IRQHandler)
    i.UsageFault_Handler                     0x080021b0   Section        0  stm32f1xx_it.o(i.UsageFault_Handler)
    i.__0printf$5                            0x080021b4   Section        0  printf5.o(i.__0printf$5)
    i.__0sprintf$5                           0x080021d4   Section        0  printf5.o(i.__0sprintf$5)
    i.__scatterload_copy                     0x080021fc   Section       14  handlers.o(i.__scatterload_copy)
    i.__scatterload_null                     0x0800220a   Section        2  handlers.o(i.__scatterload_null)
    i.__scatterload_zeroinit                 0x0800220c   Section       14  handlers.o(i.__scatterload_zeroinit)
    i._printf_core                           0x0800221c   Section        0  printf5.o(i._printf_core)
    _printf_core                             0x0800221d   Thumb Code   658  printf5.o(i._printf_core)
    i._sputc                                 0x080024dc   Section        0  printf5.o(i._sputc)
    _sputc                                   0x080024dd   Thumb Code    10  printf5.o(i._sputc)
    i.dispaly_module_init                    0x080024e8   Section        0  display.o(i.dispaly_module_init)
    i.fputc                                  0x08002554   Section        0  shell.o(i.fputc)
    i.main                                   0x0800256c   Section        0  main.o(i.main)
    i.makeFreeRtosPriority                   0x080025b4   Section        0  cmsis_os.o(i.makeFreeRtosPriority)
    makeFreeRtosPriority                     0x080025b5   Thumb Code    12  cmsis_os.o(i.makeFreeRtosPriority)
    i.osDelay                                0x080025c0   Section        0  cmsis_os.o(i.osDelay)
    i.osKernelStart                          0x080025ce   Section        0  cmsis_os.o(i.osKernelStart)
    i.osSystickHandler                       0x080025d8   Section        0  cmsis_os.o(i.osSystickHandler)
    i.osThreadCreate                         0x080025ec   Section        0  cmsis_os.o(i.osThreadCreate)
    i.prvAddCurrentTaskToDelayedList         0x08002624   Section        0  tasks.o(i.prvAddCurrentTaskToDelayedList)
    prvAddCurrentTaskToDelayedList           0x08002625   Thumb Code    48  tasks.o(i.prvAddCurrentTaskToDelayedList)
    i.prvCheckTasksWaitingTermination        0x08002658   Section        0  tasks.o(i.prvCheckTasksWaitingTermination)
    prvCheckTasksWaitingTermination          0x08002659   Thumb Code    80  tasks.o(i.prvCheckTasksWaitingTermination)
    i.prvHeapInit                            0x080026b0   Section        0  heap_4.o(i.prvHeapInit)
    prvHeapInit                              0x080026b1   Thumb Code    66  heap_4.o(i.prvHeapInit)
    i.prvIdleTask                            0x080026fc   Section        0  tasks.o(i.prvIdleTask)
    prvIdleTask                              0x080026fd   Thumb Code    18  tasks.o(i.prvIdleTask)
    i.prvInsertBlockIntoFreeList             0x08002714   Section        0  heap_4.o(i.prvInsertBlockIntoFreeList)
    prvInsertBlockIntoFreeList               0x08002715   Thumb Code    72  heap_4.o(i.prvInsertBlockIntoFreeList)
    i.prvResetNextTaskUnblockTime            0x08002760   Section        0  tasks.o(i.prvResetNextTaskUnblockTime)
    prvResetNextTaskUnblockTime              0x08002761   Thumb Code    26  tasks.o(i.prvResetNextTaskUnblockTime)
    i.prvTaskExitError                       0x08002780   Section        0  port.o(i.prvTaskExitError)
    prvTaskExitError                         0x08002781   Thumb Code    20  port.o(i.prvTaskExitError)
    i.pvPortMalloc                           0x08002798   Section        0  heap_4.o(i.pvPortMalloc)
    i.pxPortInitialiseStack                  0x08002854   Section        0  port.o(i.pxPortInitialiseStack)
    i.sd_init                                0x08002874   Section        0  sd.o(i.sd_init)
    i.sd_spi_init                            0x080029d4   Section        0  sd.o(i.sd_spi_init)
    i.set_spi_speedhight                     0x08002a00   Section        0  sd.o(i.set_spi_speedhight)
    i.shell_main                             0x08002a64   Section        0  shell.o(i.shell_main)
    i.spi_readwritebyte                      0x08002a70   Section        0  sd.o(i.spi_readwritebyte)
    i.task_main                              0x08002a94   Section        0  task_main.o(i.task_main)
    i.thread_init                            0x08002bdc   Section        0  task_main.o(i.thread_init)
    i.uxListRemove                           0x08002c18   Section        0  list.o(i.uxListRemove)
    i.vListInitialise                        0x08002c3c   Section        0  list.o(i.vListInitialise)
    i.vListInitialiseItem                    0x08002c52   Section        0  list.o(i.vListInitialiseItem)
    i.vListInsert                            0x08002c58   Section        0  list.o(i.vListInsert)
    i.vListInsertEnd                         0x08002c88   Section        0  list.o(i.vListInsertEnd)
    i.vPortEnterCritical                     0x08002ca0   Section        0  port.o(i.vPortEnterCritical)
    i.vPortExitCritical                      0x08002cd4   Section        0  port.o(i.vPortExitCritical)
    i.vPortFree                              0x08002cf8   Section        0  heap_4.o(i.vPortFree)
    i.vPortSetupTimerInterrupt               0x08002d40   Section        0  port.o(i.vPortSetupTimerInterrupt)
    i.vPortYield                             0x08002d60   Section        0  port.o(i.vPortYield)
    i.vTaskDelay                             0x08002d78   Section        0  tasks.o(i.vTaskDelay)
    i.vTaskStartScheduler                    0x08002dc8   Section        0  tasks.o(i.vTaskStartScheduler)
    i.vTaskSuspendAll                        0x08002e1c   Section        0  tasks.o(i.vTaskSuspendAll)
    i.vTaskSwitchContext                     0x08002e2c   Section        0  tasks.o(i.vTaskSwitchContext)
    i.xPortStartScheduler                    0x08002e80   Section        0  port.o(i.xPortStartScheduler)
    i.xPortSysTickHandler                    0x08002ef8   Section        0  port.o(i.xPortSysTickHandler)
    i.xTaskGenericCreate                     0x08002f1c   Section        0  tasks.o(i.xTaskGenericCreate)
    i.xTaskGetSchedulerState                 0x080030b8   Section        0  tasks.o(i.xTaskGetSchedulerState)
    i.xTaskIncrementTick                     0x080030d4   Section        0  tasks.o(i.xTaskIncrementTick)
    i.xTaskResumeAll                         0x08003194   Section        0  tasks.o(i.xTaskResumeAll)
    .constdata                               0x08003240   Section       16  system_stm32f1xx.o(.constdata)
    .constdata                               0x08003250   Section        8  system_stm32f1xx.o(.constdata)
    .constdata                               0x08003258   Section       40  task_main.o(.constdata)
    .conststring                             0x08003280   Section       14  task_main.o(.conststring)
    .data                                    0x20000000   Section        4  stm32f1xx_hal.o(.data)
    uwTick                                   0x20000000   Data           4  stm32f1xx_hal.o(.data)
    .data                                    0x20000004   Section        1  stm32f1xx_hal_spi_ex.o(.data)
    .data                                    0x20000008   Section        4  system_stm32f1xx.o(.data)
    .data                                    0x2000000c   Section       12  port.o(.data)
    ucMaxSysCallPriority                     0x2000000c   Data           1  port.o(.data)
    uxCriticalNesting                        0x20000010   Data           4  port.o(.data)
    ulMaxPRIGROUPValue                       0x20000014   Data           4  port.o(.data)
    .data                                    0x20000018   Section       24  heap_4.o(.data)
    pxEnd                                    0x20000018   Data           4  heap_4.o(.data)
    xFreeBytesRemaining                      0x2000001c   Data           4  heap_4.o(.data)
    xMinimumEverFreeBytesRemaining           0x20000020   Data           4  heap_4.o(.data)
    xBlockAllocatedBit                       0x20000024   Data           4  heap_4.o(.data)
    xStart                                   0x20000028   Data           8  heap_4.o(.data)
    .data                                    0x20000030   Section       56  tasks.o(.data)
    uxTasksDeleted                           0x20000034   Data           4  tasks.o(.data)
    uxCurrentNumberOfTasks                   0x20000038   Data           4  tasks.o(.data)
    xTickCount                               0x2000003c   Data           4  tasks.o(.data)
    uxTopReadyPriority                       0x20000040   Data           4  tasks.o(.data)
    xSchedulerRunning                        0x20000044   Data           4  tasks.o(.data)
    uxPendedTicks                            0x20000048   Data           4  tasks.o(.data)
    xYieldPending                            0x2000004c   Data           4  tasks.o(.data)
    xNumOfOverflows                          0x20000050   Data           4  tasks.o(.data)
    uxTaskNumber                             0x20000054   Data           4  tasks.o(.data)
    xNextTaskUnblockTime                     0x20000058   Data           4  tasks.o(.data)
    uxSchedulerSuspended                     0x2000005c   Data           4  tasks.o(.data)
    pxDelayedTaskList                        0x20000060   Data           4  tasks.o(.data)
    pxOverflowDelayedTaskList                0x20000064   Data           4  tasks.o(.data)
    .data                                    0x20000068   Section      552  lcd_5510_main.o(.data)
    font6x8                                  0x20000068   Data         552  lcd_5510_main.o(.data)
    .data                                    0x20000290   Section        8  task_main.o(.data)
    .data                                    0x20000298   Section        1  sd.o(.data)
    .data                                    0x2000029c   Section        4  stdout.o(.data)
    .bss                                     0x200002a0   Section       60  stm32f1xx_hal_timebase_tim.o(.bss)
    .bss                                     0x200002dc   Section      152  main.o(.bss)
    .bss                                     0x20000374   Section     3072  heap_4.o(.bss)
    ucHeap                                   0x20000374   Data        3072  heap_4.o(.bss)
    .bss                                     0x20000f74   Section      240  tasks.o(.bss)
    pxReadyTasksLists                        0x20000f74   Data         140  tasks.o(.bss)
    xDelayedTaskList1                        0x20001000   Data          20  tasks.o(.bss)
    xDelayedTaskList2                        0x20001014   Data          20  tasks.o(.bss)
    xPendingReadyList                        0x20001028   Data          20  tasks.o(.bss)
    xTasksWaitingTermination                 0x2000103c   Data          20  tasks.o(.bss)
    xSuspendedTaskList                       0x20001050   Data          20  tasks.o(.bss)
    .bss                                     0x20001064   Section      512  task_main.o(.bss)
    STACK                                    0x20001268   Section     1024  startup_stm32f103xb.o(STACK)

    Global Symbols

    Symbol Name                              Value     Ov Type        Size  Object(Section)

    BuildAttributes$$THM_ISAv4$P$D$K$B$S$PE$A:L22UL41UL21$X:L11$S22US41US21$IEEE1$IW$USESV6$~STKCKD$USESV7$~SHL$OSPACE$ROPI$EBA8$MICROLIB$REQ8$PRES8$EABIv2 0x00000000   Number         0  anon$$obj.o ABSOLUTE
    __ARM_use_no_argv                        0x00000000   Number         0  main.o ABSOLUTE
    _printf_a                                0x00000000   Number         0  stubs.o ABSOLUTE
    _printf_c                                0x00000000   Number         0  stubs.o ABSOLUTE
    _printf_charcount                        0x00000000   Number         0  stubs.o ABSOLUTE
    _printf_d                                0x00000000   Number         0  stubs.o ABSOLUTE
    _printf_e                                0x00000000   Number         0  stubs.o ABSOLUTE
    _printf_f                                0x00000000   Number         0  stubs.o ABSOLUTE
    _printf_flags                            0x00000000   Number         0  stubs.o ABSOLUTE
    _printf_fp_dec                           0x00000000   Number         0  stubs.o ABSOLUTE
    _printf_fp_hex                           0x00000000   Number         0  stubs.o ABSOLUTE
    _printf_g                                0x00000000   Number         0  stubs.o ABSOLUTE
    _printf_i                                0x00000000   Number         0  stubs.o ABSOLUTE
    _printf_int_dec                          0x00000000   Number         0  stubs.o ABSOLUTE
    _printf_l                                0x00000000   Number         0  stubs.o ABSOLUTE
    _printf_lc                               0x00000000   Number         0  stubs.o ABSOLUTE
    _printf_ll                               0x00000000   Number         0  stubs.o ABSOLUTE
    _printf_lld                              0x00000000   Number         0  stubs.o ABSOLUTE
    _printf_lli                              0x00000000   Number         0  stubs.o ABSOLUTE
    _printf_llo                              0x00000000   Number         0  stubs.o ABSOLUTE
    _printf_llu                              0x00000000   Number         0  stubs.o ABSOLUTE
    _printf_llx                              0x00000000   Number         0  stubs.o ABSOLUTE
    _printf_longlong_dec                     0x00000000   Number         0  stubs.o ABSOLUTE
    _printf_longlong_hex                     0x00000000   Number         0  stubs.o ABSOLUTE
    _printf_longlong_oct                     0x00000000   Number         0  stubs.o ABSOLUTE
    _printf_ls                               0x00000000   Number         0  stubs.o ABSOLUTE
    _printf_mbtowc                           0x00000000   Number         0  stubs.o ABSOLUTE
    _printf_n                                0x00000000   Number         0  stubs.o ABSOLUTE
    _printf_o                                0x00000000   Number         0  stubs.o ABSOLUTE
    _printf_p                                0x00000000   Number         0  stubs.o ABSOLUTE
    _printf_percent                          0x00000000   Number         0  stubs.o ABSOLUTE
    _printf_pre_padding                      0x00000000   Number         0  stubs.o ABSOLUTE
    _printf_return_value                     0x00000000   Number         0  stubs.o ABSOLUTE
    _printf_s                                0x00000000   Number         0  stubs.o ABSOLUTE
    _printf_sizespec                         0x00000000   Number         0  stubs.o ABSOLUTE
    _printf_str                              0x00000000   Number         0  stubs.o ABSOLUTE
    _printf_truncate_signed                  0x00000000   Number         0  stubs.o ABSOLUTE
    _printf_truncate_unsigned                0x00000000   Number         0  stubs.o ABSOLUTE
    _printf_u                                0x00000000   Number         0  stubs.o ABSOLUTE
    _printf_wc                               0x00000000   Number         0  stubs.o ABSOLUTE
    _printf_wctomb                           0x00000000   Number         0  stubs.o ABSOLUTE
    _printf_widthprec                        0x00000000   Number         0  stubs.o ABSOLUTE
    _printf_x                                0x00000000   Number         0  stubs.o ABSOLUTE
    __cpp_initialize__aeabi_                  - Undefined Weak Reference
    __cxa_finalize                            - Undefined Weak Reference
    _clock_init                               - Undefined Weak Reference
    _microlib_exit                            - Undefined Weak Reference
    __Vectors_Size                           0x000000ec   Number         0  startup_stm32f103xb.o ABSOLUTE
    __Vectors                                0x08000000   Data           4  startup_stm32f103xb.o(RESET)
    __Vectors_End                            0x080000ec   Data           0  startup_stm32f103xb.o(RESET)
    __main                                   0x080000ed   Thumb Code     0  entry.o(.ARM.Collect$$$$00000000)
    _main_stk                                0x080000ed   Thumb Code     0  entry2.o(.ARM.Collect$$$$00000001)
    _main_scatterload                        0x080000f1   Thumb Code     0  entry5.o(.ARM.Collect$$$$00000004)
    __main_after_scatterload                 0x080000f5   Thumb Code     0  entry5.o(.ARM.Collect$$$$00000004)
    _main_clock                              0x080000f5   Thumb Code     0  entry7b.o(.ARM.Collect$$$$00000008)
    _main_cpp_init                           0x080000f5   Thumb Code     0  entry8b.o(.ARM.Collect$$$$0000000A)
    _main_init                               0x080000f5   Thumb Code     0  entry9a.o(.ARM.Collect$$$$0000000B)
    __rt_final_cpp                           0x080000fd   Thumb Code     0  entry10a.o(.ARM.Collect$$$$0000000D)
    __rt_final_exit                          0x080000fd   Thumb Code     0  entry11a.o(.ARM.Collect$$$$0000000F)
    SVC_Handler                              0x08000101   Thumb Code    32  port.o(.emb_text)
    __asm___6_port_c_39a90d8d__prvStartFirstTask 0x08000125   Thumb Code    28  port.o(.emb_text)
    PendSV_Handler                           0x08000145   Thumb Code    64  port.o(.emb_text)
    ulPortSetInterruptMask                   0x08000189   Thumb Code    14  port.o(.emb_text)
    vPortClearInterruptMask                  0x08000197   Thumb Code     6  port.o(.emb_text)
    vPortGetIPSR                             0x0800019d   Thumb Code     6  port.o(.emb_text)
    Reset_Handler                            0x080001a5   Thumb Code     8  startup_stm32f103xb.o(.text)
    ADC1_2_IRQHandler                        0x080001bf   Thumb Code     0  startup_stm32f103xb.o(.text)
    CAN1_RX1_IRQHandler                      0x080001bf   Thumb Code     0  startup_stm32f103xb.o(.text)
    CAN1_SCE_IRQHandler                      0x080001bf   Thumb Code     0  startup_stm32f103xb.o(.text)
    DMA1_Channel1_IRQHandler                 0x080001bf   Thumb Code     0  startup_stm32f103xb.o(.text)
    DMA1_Channel2_IRQHandler                 0x080001bf   Thumb Code     0  startup_stm32f103xb.o(.text)
    DMA1_Channel3_IRQHandler                 0x080001bf   Thumb Code     0  startup_stm32f103xb.o(.text)
    DMA1_Channel4_IRQHandler                 0x080001bf   Thumb Code     0  startup_stm32f103xb.o(.text)
    DMA1_Channel5_IRQHandler                 0x080001bf   Thumb Code     0  startup_stm32f103xb.o(.text)
    DMA1_Channel6_IRQHandler                 0x080001bf   Thumb Code     0  startup_stm32f103xb.o(.text)
    DMA1_Channel7_IRQHandler                 0x080001bf   Thumb Code     0  startup_stm32f103xb.o(.text)
    EXTI0_IRQHandler                         0x080001bf   Thumb Code     0  startup_stm32f103xb.o(.text)
    EXTI15_10_IRQHandler                     0x080001bf   Thumb Code     0  startup_stm32f103xb.o(.text)
    EXTI1_IRQHandler                         0x080001bf   Thumb Code     0  startup_stm32f103xb.o(.text)
    EXTI2_IRQHandler                         0x080001bf   Thumb Code     0  startup_stm32f103xb.o(.text)
    EXTI3_IRQHandler                         0x080001bf   Thumb Code     0  startup_stm32f103xb.o(.text)
    EXTI4_IRQHandler                         0x080001bf   Thumb Code     0  startup_stm32f103xb.o(.text)
    EXTI9_5_IRQHandler                       0x080001bf   Thumb Code     0  startup_stm32f103xb.o(.text)
    FLASH_IRQHandler                         0x080001bf   Thumb Code     0  startup_stm32f103xb.o(.text)
    I2C1_ER_IRQHandler                       0x080001bf   Thumb Code     0  startup_stm32f103xb.o(.text)
    I2C1_EV_IRQHandler                       0x080001bf   Thumb Code     0  startup_stm32f103xb.o(.text)
    I2C2_ER_IRQHandler                       0x080001bf   Thumb Code     0  startup_stm32f103xb.o(.text)
    I2C2_EV_IRQHandler                       0x080001bf   Thumb Code     0  startup_stm32f103xb.o(.text)
    PVD_IRQHandler                           0x080001bf   Thumb Code     0  startup_stm32f103xb.o(.text)
    RCC_IRQHandler                           0x080001bf   Thumb Code     0  startup_stm32f103xb.o(.text)
    RTC_Alarm_IRQHandler                     0x080001bf   Thumb Code     0  startup_stm32f103xb.o(.text)
    RTC_IRQHandler                           0x080001bf   Thumb Code     0  startup_stm32f103xb.o(.text)
    SPI1_IRQHandler                          0x080001bf   Thumb Code     0  startup_stm32f103xb.o(.text)
    SPI2_IRQHandler                          0x080001bf   Thumb Code     0  startup_stm32f103xb.o(.text)
    TAMPER_IRQHandler                        0x080001bf   Thumb Code     0  startup_stm32f103xb.o(.text)
    TIM1_BRK_IRQHandler                      0x080001bf   Thumb Code     0  startup_stm32f103xb.o(.text)
    TIM1_CC_IRQHandler                       0x080001bf   Thumb Code     0  startup_stm32f103xb.o(.text)
    TIM1_TRG_COM_IRQHandler                  0x080001bf   Thumb Code     0  startup_stm32f103xb.o(.text)
    TIM1_UP_IRQHandler                       0x080001bf   Thumb Code     0  startup_stm32f103xb.o(.text)
    TIM2_IRQHandler                          0x080001bf   Thumb Code     0  startup_stm32f103xb.o(.text)
    TIM3_IRQHandler                          0x080001bf   Thumb Code     0  startup_stm32f103xb.o(.text)
    USART2_IRQHandler                        0x080001bf   Thumb Code     0  startup_stm32f103xb.o(.text)
    USART3_IRQHandler                        0x080001bf   Thumb Code     0  startup_stm32f103xb.o(.text)
    USBWakeUp_IRQHandler                     0x080001bf   Thumb Code     0  startup_stm32f103xb.o(.text)
    USB_HP_CAN1_TX_IRQHandler                0x080001bf   Thumb Code     0  startup_stm32f103xb.o(.text)
    USB_LP_CAN1_RX0_IRQHandler               0x080001bf   Thumb Code     0  startup_stm32f103xb.o(.text)
    WWDG_IRQHandler                          0x080001bf   Thumb Code     0  startup_stm32f103xb.o(.text)
    __aeabi_llsr                             0x080001c9   Thumb Code    32  llushr.o(.text)
    _ll_ushift_r                             0x080001c9   Thumb Code     0  llushr.o(.text)
    __aeabi_memcpy                           0x080001e9   Thumb Code    36  memcpya.o(.text)
    __aeabi_memcpy4                          0x080001e9   Thumb Code     0  memcpya.o(.text)
    __aeabi_memcpy8                          0x080001e9   Thumb Code     0  memcpya.o(.text)
    __aeabi_memset                           0x0800020d   Thumb Code    14  memseta.o(.text)
    __aeabi_memset4                          0x0800020d   Thumb Code     0  memseta.o(.text)
    __aeabi_memset8                          0x0800020d   Thumb Code     0  memseta.o(.text)
    __aeabi_memclr                           0x0800021b   Thumb Code     4  memseta.o(.text)
    __aeabi_memclr4                          0x0800021b   Thumb Code     0  memseta.o(.text)
    __aeabi_memclr8                          0x0800021b   Thumb Code     0  memseta.o(.text)
    _memset$wrapper                          0x0800021f   Thumb Code    18  memseta.o(.text)
    __aeabi_uldivmod                         0x08000231   Thumb Code    98  uldiv.o(.text)
    __scatterload                            0x08000295   Thumb Code    28  init.o(.text)
    __scatterload_rt2                        0x08000295   Thumb Code     0  init.o(.text)
    __aeabi_llsl                             0x080002b9   Thumb Code    30  llshl.o(.text)
    _ll_shift_l                              0x080002b9   Thumb Code     0  llshl.o(.text)
    __decompress                             0x080002d7   Thumb Code     0  __dczerorl2.o(.text)
    __decompress1                            0x080002d7   Thumb Code    86  __dczerorl2.o(.text)
    BusFault_Handler                         0x0800032d   Thumb Code     2  stm32f1xx_it.o(i.BusFault_Handler)
    DebugMon_Handler                         0x0800032f   Thumb Code     2  stm32f1xx_it.o(i.DebugMon_Handler)
    HAL_Delay                                0x08000331   Thumb Code    22  stm32f1xx_hal.o(i.HAL_Delay)
    HAL_GPIO_Init                            0x08000349   Thumb Code   422  stm32f1xx_hal_gpio.o(i.HAL_GPIO_Init)
    HAL_GPIO_WritePin                        0x08000511   Thumb Code    10  stm32f1xx_hal_gpio.o(i.HAL_GPIO_WritePin)
    HAL_GetTick                              0x0800051d   Thumb Code     6  stm32f1xx_hal.o(i.HAL_GetTick)
    HAL_IncTick                              0x08000529   Thumb Code    10  stm32f1xx_hal.o(i.HAL_IncTick)
    HAL_Init                                 0x08000539   Thumb Code    32  stm32f1xx_hal.o(i.HAL_Init)
    HAL_InitTick                             0x0800055d   Thumb Code   100  stm32f1xx_hal_timebase_tim.o(i.HAL_InitTick)
    HAL_MspInit                              0x080005d1   Thumb Code   118  stm32f1xx_hal_msp.o(i.HAL_MspInit)
    HAL_NVIC_EnableIRQ                       0x08000651   Thumb Code    22  stm32f1xx_hal_cortex.o(i.HAL_NVIC_EnableIRQ)
    HAL_NVIC_SetPriority                     0x08000669   Thumb Code    60  stm32f1xx_hal_cortex.o(i.HAL_NVIC_SetPriority)
    HAL_NVIC_SetPriorityGrouping             0x080006a9   Thumb Code    26  stm32f1xx_hal_cortex.o(i.HAL_NVIC_SetPriorityGrouping)
    HAL_RCC_ClockConfig                      0x080006cd   Thumb Code   366  stm32f1xx_hal_rcc.o(i.HAL_RCC_ClockConfig)
    HAL_RCC_GetClockConfig                   0x0800084d   Thumb Code    54  stm32f1xx_hal_rcc.o(i.HAL_RCC_GetClockConfig)
    HAL_RCC_GetHCLKFreq                      0x0800088d   Thumb Code     6  stm32f1xx_hal_rcc.o(i.HAL_RCC_GetHCLKFreq)
    HAL_RCC_GetPCLK1Freq                     0x08000899   Thumb Code    34  stm32f1xx_hal_rcc.o(i.HAL_RCC_GetPCLK1Freq)
    HAL_RCC_GetPCLK2Freq                     0x080008c9   Thumb Code    34  stm32f1xx_hal_rcc.o(i.HAL_RCC_GetPCLK2Freq)
    HAL_RCC_GetSysClockFreq                  0x080008f9   Thumb Code   102  stm32f1xx_hal_rcc.o(i.HAL_RCC_GetSysClockFreq)
    HAL_RCC_OscConfig                        0x08000981   Thumb Code  1402  stm32f1xx_hal_rcc.o(i.HAL_RCC_OscConfig)
    HAL_SPI_Init                             0x08000efd   Thumb Code   132  stm32f1xx_hal_spi_ex.o(i.HAL_SPI_Init)
    HAL_SPI_MspInit                          0x08000f85   Thumb Code    74  stm32f1xx_hal_msp.o(i.HAL_SPI_MspInit)
    HAL_SPI_TransmitReceive                  0x08000fdd   Thumb Code   690  stm32f1xx_hal_spi.o(i.HAL_SPI_TransmitReceive)
    HAL_SYSTICK_CLKSourceConfig              0x0800128f   Thumb Code    24  stm32f1xx_hal_cortex.o(i.HAL_SYSTICK_CLKSourceConfig)
    HAL_SYSTICK_Config                       0x080012a7   Thumb Code    40  stm32f1xx_hal_cortex.o(i.HAL_SYSTICK_Config)
    HAL_TIMEx_BreakCallback                  0x080012cf   Thumb Code     2  stm32f1xx_hal_tim_ex.o(i.HAL_TIMEx_BreakCallback)
    HAL_TIMEx_CommutationCallback            0x080012d1   Thumb Code     2  stm32f1xx_hal_tim_ex.o(i.HAL_TIMEx_CommutationCallback)
    HAL_TIM_Base_Init                        0x080012d3   Thumb Code    54  stm32f1xx_hal_tim.o(i.HAL_TIM_Base_Init)
    HAL_TIM_Base_MspInit                     0x08001309   Thumb Code     2  stm32f1xx_hal_tim.o(i.HAL_TIM_Base_MspInit)
    HAL_TIM_Base_Start_IT                    0x0800130b   Thumb Code    24  stm32f1xx_hal_tim.o(i.HAL_TIM_Base_Start_IT)
    HAL_TIM_IC_CaptureCallback               0x08001323   Thumb Code     2  stm32f1xx_hal_tim.o(i.HAL_TIM_IC_CaptureCallback)
    HAL_TIM_IRQHandler                       0x08001325   Thumb Code   358  stm32f1xx_hal_tim.o(i.HAL_TIM_IRQHandler)
    HAL_TIM_OC_DelayElapsedCallback          0x0800148b   Thumb Code     2  stm32f1xx_hal_tim.o(i.HAL_TIM_OC_DelayElapsedCallback)
    HAL_TIM_PWM_PulseFinishedCallback        0x0800148d   Thumb Code     2  stm32f1xx_hal_tim.o(i.HAL_TIM_PWM_PulseFinishedCallback)
    HAL_TIM_PeriodElapsedCallback            0x08001491   Thumb Code    14  main.o(i.HAL_TIM_PeriodElapsedCallback)
    HAL_TIM_TriggerCallback                  0x080014a5   Thumb Code     2  stm32f1xx_hal_tim.o(i.HAL_TIM_TriggerCallback)
    HAL_UART_ErrorCallback                   0x080014a7   Thumb Code     2  stm32f1xx_hal_uart.o(i.HAL_UART_ErrorCallback)
    HAL_UART_IRQHandler                      0x080014a9   Thumb Code   216  stm32f1xx_hal_uart.o(i.HAL_UART_IRQHandler)
    HAL_UART_Init                            0x08001581   Thumb Code    94  stm32f1xx_hal_uart.o(i.HAL_UART_Init)
    HAL_UART_MspInit                         0x080015e1   Thumb Code    92  stm32f1xx_hal_msp.o(i.HAL_UART_MspInit)
    HAL_UART_RxCpltCallback                  0x08001649   Thumb Code     2  stm32f1xx_hal_uart.o(i.HAL_UART_RxCpltCallback)
    HAL_UART_Transmit                        0x0800164b   Thumb Code   200  stm32f1xx_hal_uart.o(i.HAL_UART_Transmit)
    HAL_UART_TxCpltCallback                  0x08001713   Thumb Code     2  stm32f1xx_hal_uart.o(i.HAL_UART_TxCpltCallback)
    HardFault_Handler                        0x08001715   Thumb Code     2  stm32f1xx_it.o(i.HardFault_Handler)
    LCD_clear                                0x08001717   Thumb Code    40  lcd_5510_main.o(i.LCD_clear)
    LCD_init                                 0x08001741   Thumb Code   212  lcd_5510_main.o(i.LCD_init)
    LCD_set_XY                               0x0800181d   Thumb Code    28  lcd_5510_main.o(i.LCD_set_XY)
    LCD_write_byte                           0x08001839   Thumb Code   108  lcd_5510_main.o(i.LCD_write_byte)
    LCD_write_char                           0x080018ad   Thumb Code    36  lcd_5510_main.o(i.LCD_write_char)
    LCD_write_english_string                 0x080018d5   Thumb Code    24  lcd_5510_main.o(i.LCD_write_english_string)
    LCD_write_num_string                     0x080018ed   Thumb Code    64  lcd_5510_main.o(i.LCD_write_num_string)
    MemManage_Handler                        0x08001a65   Thumb Code     2  stm32f1xx_it.o(i.MemManage_Handler)
    NMI_Handler                              0x08001a67   Thumb Code     2  stm32f1xx_it.o(i.NMI_Handler)
    SD_DisSelect                             0x08001a89   Thumb Code    22  sd.o(i.SD_DisSelect)
    SD_GetCSD                                0x08001aa5   Thumb Code    42  sd.o(i.SD_GetCSD)
    SD_GetResponse                           0x08001acf   Thumb Code    40  sd.o(i.SD_GetResponse)
    SD_GetSectorCount                        0x08001af9   Thumb Code   130  sd.o(i.SD_GetSectorCount)
    SD_ReadDisk                              0x08001b95   Thumb Code   104  sd.o(i.SD_ReadDisk)
    SD_RecvData                              0x08001c01   Thumb Code    50  sd.o(i.SD_RecvData)
    SD_Select                                0x08001c35   Thumb Code    28  sd.o(i.SD_Select)
    SD_SendCmd                               0x08001c55   Thumb Code    94  sd.o(i.SD_SendCmd)
    SD_WaitReady                             0x08001cb3   Thumb Code    32  sd.o(i.SD_WaitReady)
    SysTick_Handler                          0x08001d71   Thumb Code     4  stm32f1xx_it.o(i.SysTick_Handler)
    SystemClock_Config                       0x08001d75   Thumb Code   104  main.o(i.SystemClock_Config)
    SystemInit                               0x08001ddd   Thumb Code    56  system_stm32f1xx.o(i.SystemInit)
    TIM4_IRQHandler                          0x08001e25   Thumb Code     6  stm32f1xx_it.o(i.TIM4_IRQHandler)
    TIM_Base_SetConfig                       0x08001e31   Thumb Code    86  stm32f1xx_hal_tim.o(i.TIM_Base_SetConfig)
    USART1_IRQHandler                        0x080021a5   Thumb Code     6  stm32f1xx_it.o(i.USART1_IRQHandler)
    UsageFault_Handler                       0x080021b1   Thumb Code     2  stm32f1xx_it.o(i.UsageFault_Handler)
    __0printf$5                              0x080021b5   Thumb Code    22  printf5.o(i.__0printf$5)
    __1printf$5                              0x080021b5   Thumb Code     0  printf5.o(i.__0printf$5)
    __2printf                                0x080021b5   Thumb Code     0  printf5.o(i.__0printf$5)
    __0sprintf$5                             0x080021d5   Thumb Code    34  printf5.o(i.__0sprintf$5)
    __1sprintf$5                             0x080021d5   Thumb Code     0  printf5.o(i.__0sprintf$5)
    __2sprintf                               0x080021d5   Thumb Code     0  printf5.o(i.__0sprintf$5)
    __scatterload_copy                       0x080021fd   Thumb Code    14  handlers.o(i.__scatterload_copy)
    __scatterload_null                       0x0800220b   Thumb Code     2  handlers.o(i.__scatterload_null)
    __scatterload_zeroinit                   0x0800220d   Thumb Code    14  handlers.o(i.__scatterload_zeroinit)
    dispaly_module_init                      0x080024e9   Thumb Code    46  display.o(i.dispaly_module_init)
    fputc                                    0x08002555   Thumb Code    20  shell.o(i.fputc)
    main                                     0x0800256d   Thumb Code    62  main.o(i.main)
    osDelay                                  0x080025c1   Thumb Code    14  cmsis_os.o(i.osDelay)
    osKernelStart                            0x080025cf   Thumb Code    10  cmsis_os.o(i.osKernelStart)
    osSystickHandler                         0x080025d9   Thumb Code    20  cmsis_os.o(i.osSystickHandler)
    osThreadCreate                           0x080025ed   Thumb Code    56  cmsis_os.o(i.osThreadCreate)
    pvPortMalloc                             0x08002799   Thumb Code   182  heap_4.o(i.pvPortMalloc)
    pxPortInitialiseStack                    0x08002855   Thumb Code    28  port.o(i.pxPortInitialiseStack)
    sd_init                                  0x08002875   Thumb Code   336  sd.o(i.sd_init)
    sd_spi_init                              0x080029d5   Thumb Code    38  sd.o(i.sd_spi_init)
    set_spi_speedhight                       0x08002a01   Thumb Code    76  sd.o(i.set_spi_speedhight)
    shell_main                               0x08002a65   Thumb Code    12  shell.o(i.shell_main)
    spi_readwritebyte                        0x08002a71   Thumb Code    32  sd.o(i.spi_readwritebyte)
    task_main                                0x08002a95   Thumb Code   198  task_main.o(i.task_main)
    thread_init                              0x08002bdd   Thumb Code    52  task_main.o(i.thread_init)
    uxListRemove                             0x08002c19   Thumb Code    36  list.o(i.uxListRemove)
    vListInitialise                          0x08002c3d   Thumb Code    22  list.o(i.vListInitialise)
    vListInitialiseItem                      0x08002c53   Thumb Code     6  list.o(i.vListInitialiseItem)
    vListInsert                              0x08002c59   Thumb Code    48  list.o(i.vListInsert)
    vListInsertEnd                           0x08002c89   Thumb Code    24  list.o(i.vListInsertEnd)
    vPortEnterCritical                       0x08002ca1   Thumb Code    44  port.o(i.vPortEnterCritical)
    vPortExitCritical                        0x08002cd5   Thumb Code    30  port.o(i.vPortExitCritical)
    vPortFree                                0x08002cf9   Thumb Code    68  heap_4.o(i.vPortFree)
    vPortSetupTimerInterrupt                 0x08002d41   Thumb Code    26  port.o(i.vPortSetupTimerInterrupt)
    vPortYield                               0x08002d61   Thumb Code    18  port.o(i.vPortYield)
    vTaskDelay                               0x08002d79   Thumb Code    76  tasks.o(i.vTaskDelay)
    vTaskStartScheduler                      0x08002dc9   Thumb Code    66  tasks.o(i.vTaskStartScheduler)
    vTaskSuspendAll                          0x08002e1d   Thumb Code    10  tasks.o(i.vTaskSuspendAll)
    vTaskSwitchContext                       0x08002e2d   Thumb Code    74  tasks.o(i.vTaskSwitchContext)
    xPortStartScheduler                      0x08002e81   Thumb Code   108  port.o(i.xPortStartScheduler)
    xPortSysTickHandler                      0x08002ef9   Thumb Code    30  port.o(i.xPortSysTickHandler)
    xTaskGenericCreate                       0x08002f1d   Thumb Code   404  tasks.o(i.xTaskGenericCreate)
    xTaskGetSchedulerState                   0x080030b9   Thumb Code    22  tasks.o(i.xTaskGetSchedulerState)
    xTaskIncrementTick                       0x080030d5   Thumb Code   184  tasks.o(i.xTaskIncrementTick)
    xTaskResumeAll                           0x08003195   Thumb Code   162  tasks.o(i.xTaskResumeAll)
    AHBPrescTable                            0x08003240   Data          16  system_stm32f1xx.o(.constdata)
    APBPrescTable                            0x08003250   Data           8  system_stm32f1xx.o(.constdata)
    Region$$Table$$Base                      0x08003290   Number         0  anon$$obj.o(Region$$Table)
    Region$$Table$$Limit                     0x080032b0   Number         0  anon$$obj.o(Region$$Table)
    uCRCErrorWorkaroundCheck                 0x20000004   Data           1  stm32f1xx_hal_spi_ex.o(.data)
    SystemCoreClock                          0x20000008   Data           4  system_stm32f1xx.o(.data)
    pxCurrentTCB                             0x20000030   Data           4  tasks.o(.data)
    TaskHandle                               0x20000290   Data           4  task_main.o(.data)
    Shellhandle                              0x20000294   Data           4  task_main.o(.data)
    SD_Type                                  0x20000298   Data           1  sd.o(.data)
    __stdout                                 0x2000029c   Data           4  stdout.o(.data)
    htim4                                    0x200002a0   Data          60  stm32f1xx_hal_timebase_tim.o(.bss)
    hspi1                                    0x200002dc   Data          88  main.o(.bss)
    huart1                                   0x20000334   Data          64  main.o(.bss)
    buf_kk                                   0x20001064   Data         512  task_main.o(.bss)
    __initial_sp                             0x20001668   Data           0  startup_stm32f103xb.o(STACK)



==============================================================================

Memory Map of the image

  Image Entry point : 0x080000ed

  Load Region LR_IROM1 (Base: 0x08000000, Size: 0x00003550, Max: 0x00020000, ABSOLUTE, COMPRESSED[0x00003478])

    Execution Region ER_IROM1 (Base: 0x08000000, Size: 0x000032b0, Max: 0x00020000, ABSOLUTE)

    Base Addr    Size         Type   Attr      Idx    E Section Name        Object

    0x08000000   0x000000ec   Data   RO         2826    RESET               startup_stm32f103xb.o
    0x080000ec   0x00000000   Code   RO         4620  * .ARM.Collect$$$$00000000  mc_w.l(entry.o)
    0x080000ec   0x00000004   Code   RO         4892    .ARM.Collect$$$$00000001  mc_w.l(entry2.o)
    0x080000f0   0x00000004   Code   RO         4895    .ARM.Collect$$$$00000004  mc_w.l(entry5.o)
    0x080000f4   0x00000000   Code   RO         4897    .ARM.Collect$$$$00000008  mc_w.l(entry7b.o)
    0x080000f4   0x00000000   Code   RO         4899    .ARM.Collect$$$$0000000A  mc_w.l(entry8b.o)
    0x080000f4   0x00000008   Code   RO         4900    .ARM.Collect$$$$0000000B  mc_w.l(entry9a.o)
    0x080000fc   0x00000000   Code   RO         4902    .ARM.Collect$$$$0000000D  mc_w.l(entry10a.o)
    0x080000fc   0x00000000   Code   RO         4904    .ARM.Collect$$$$0000000F  mc_w.l(entry11a.o)
    0x080000fc   0x00000004   Code   RO         4893    .ARM.Collect$$$$00002712  mc_w.l(entry2.o)
    0x08000100   0x000000a2   Code   RO         2840    .emb_text           port.o
    0x080001a2   0x00000002   PAD
    0x080001a4   0x00000024   Code   RO         2827    .text               startup_stm32f103xb.o
    0x080001c8   0x00000020   Code   RO         4623    .text               mc_w.l(llushr.o)
    0x080001e8   0x00000024   Code   RO         4625    .text               mc_w.l(memcpya.o)
    0x0800020c   0x00000024   Code   RO         4627    .text               mc_w.l(memseta.o)
    0x08000230   0x00000062   Code   RO         4909    .text               mc_w.l(uldiv.o)
    0x08000292   0x00000002   PAD
    0x08000294   0x00000024   Code   RO         4922    .text               mc_w.l(init.o)
    0x080002b8   0x0000001e   Code   RO         4924    .text               mc_w.l(llshl.o)
    0x080002d6   0x00000056   Code   RO         4938    .text               mc_w.l(__dczerorl2.o)
    0x0800032c   0x00000002   Code   RO         2394    i.BusFault_Handler  stm32f1xx_it.o
    0x0800032e   0x00000002   Code   RO         2395    i.DebugMon_Handler  stm32f1xx_it.o
    0x08000330   0x00000016   Code   RO          320    i.HAL_Delay         stm32f1xx_hal.o
    0x08000346   0x00000002   PAD
    0x08000348   0x000001c8   Code   RO            7    i.HAL_GPIO_Init     stm32f1xx_hal_gpio.o
    0x08000510   0x0000000a   Code   RO           11    i.HAL_GPIO_WritePin  stm32f1xx_hal_gpio.o
    0x0800051a   0x00000002   PAD
    0x0800051c   0x0000000c   Code   RO          324    i.HAL_GetTick       stm32f1xx_hal.o
    0x08000528   0x00000010   Code   RO          325    i.HAL_IncTick       stm32f1xx_hal.o
    0x08000538   0x00000024   Code   RO          326    i.HAL_Init          stm32f1xx_hal.o
    0x0800055c   0x00000074   Code   RO         2354    i.HAL_InitTick      stm32f1xx_hal_timebase_tim.o
    0x080005d0   0x00000080   Code   RO         2637    i.HAL_MspInit       stm32f1xx_hal_msp.o
    0x08000650   0x00000016   Code   RO          162    i.HAL_NVIC_EnableIRQ  stm32f1xx_hal_cortex.o
    0x08000666   0x00000002   PAD
    0x08000668   0x00000040   Code   RO          168    i.HAL_NVIC_SetPriority  stm32f1xx_hal_cortex.o
    0x080006a8   0x00000024   Code   RO          169    i.HAL_NVIC_SetPriorityGrouping  stm32f1xx_hal_cortex.o
    0x080006cc   0x00000180   Code   RO          448    i.HAL_RCC_ClockConfig  stm32f1xx_hal_rcc.o
    0x0800084c   0x00000040   Code   RO          452    i.HAL_RCC_GetClockConfig  stm32f1xx_hal_rcc.o
    0x0800088c   0x0000000c   Code   RO          453    i.HAL_RCC_GetHCLKFreq  stm32f1xx_hal_rcc.o
    0x08000898   0x00000030   Code   RO          455    i.HAL_RCC_GetPCLK1Freq  stm32f1xx_hal_rcc.o
    0x080008c8   0x00000030   Code   RO          456    i.HAL_RCC_GetPCLK2Freq  stm32f1xx_hal_rcc.o
    0x080008f8   0x00000088   Code   RO          457    i.HAL_RCC_GetSysClockFreq  stm32f1xx_hal_rcc.o
    0x08000980   0x0000057a   Code   RO          460    i.HAL_RCC_OscConfig  stm32f1xx_hal_rcc.o
    0x08000efa   0x00000002   PAD
    0x08000efc   0x00000088   Code   RO         2321    i.HAL_SPI_Init      stm32f1xx_hal_spi_ex.o
    0x08000f84   0x00000058   Code   RO         2639    i.HAL_SPI_MspInit   stm32f1xx_hal_msp.o
    0x08000fdc   0x000002b2   Code   RO         2093    i.HAL_SPI_TransmitReceive  stm32f1xx_hal_spi.o
    0x0800128e   0x00000018   Code   RO          171    i.HAL_SYSTICK_CLKSourceConfig  stm32f1xx_hal_cortex.o
    0x080012a6   0x00000028   Code   RO          173    i.HAL_SYSTICK_Config  stm32f1xx_hal_cortex.o
    0x080012ce   0x00000002   Code   RO          787    i.HAL_TIMEx_BreakCallback  stm32f1xx_hal_tim_ex.o
    0x080012d0   0x00000002   Code   RO          788    i.HAL_TIMEx_CommutationCallback  stm32f1xx_hal_tim_ex.o
    0x080012d2   0x00000036   Code   RO         1362    i.HAL_TIM_Base_Init  stm32f1xx_hal_tim.o
    0x08001308   0x00000002   Code   RO         1364    i.HAL_TIM_Base_MspInit  stm32f1xx_hal_tim.o
    0x0800130a   0x00000018   Code   RO         1367    i.HAL_TIM_Base_Start_IT  stm32f1xx_hal_tim.o
    0x08001322   0x00000002   Code   RO         1391    i.HAL_TIM_IC_CaptureCallback  stm32f1xx_hal_tim.o
    0x08001324   0x00000166   Code   RO         1404    i.HAL_TIM_IRQHandler  stm32f1xx_hal_tim.o
    0x0800148a   0x00000002   Code   RO         1407    i.HAL_TIM_OC_DelayElapsedCallback  stm32f1xx_hal_tim.o
    0x0800148c   0x00000002   Code   RO         1434    i.HAL_TIM_PWM_PulseFinishedCallback  stm32f1xx_hal_tim.o
    0x0800148e   0x00000002   PAD
    0x08001490   0x00000014   Code   RO         2516    i.HAL_TIM_PeriodElapsedCallback  main.o
    0x080014a4   0x00000002   Code   RO         1445    i.HAL_TIM_TriggerCallback  stm32f1xx_hal_tim.o
    0x080014a6   0x00000002   Code   RO         1135    i.HAL_UART_ErrorCallback  stm32f1xx_hal_uart.o
    0x080014a8   0x000000d8   Code   RO         1138    i.HAL_UART_IRQHandler  stm32f1xx_hal_uart.o
    0x08001580   0x0000005e   Code   RO         1139    i.HAL_UART_Init     stm32f1xx_hal_uart.o
    0x080015de   0x00000002   PAD
    0x080015e0   0x00000068   Code   RO         2641    i.HAL_UART_MspInit  stm32f1xx_hal_msp.o
    0x08001648   0x00000002   Code   RO         1145    i.HAL_UART_RxCpltCallback  stm32f1xx_hal_uart.o
    0x0800164a   0x000000c8   Code   RO         1147    i.HAL_UART_Transmit  stm32f1xx_hal_uart.o
    0x08001712   0x00000002   Code   RO         1150    i.HAL_UART_TxCpltCallback  stm32f1xx_hal_uart.o
    0x08001714   0x00000002   Code   RO         2396    i.HardFault_Handler  stm32f1xx_it.o
    0x08001716   0x00000028   Code   RO         3837    i.LCD_clear         lcd_5510_main.o
    0x0800173e   0x00000002   PAD
    0x08001740   0x000000dc   Code   RO         3839    i.LCD_init          lcd_5510_main.o
    0x0800181c   0x0000001c   Code   RO         3840    i.LCD_set_XY        lcd_5510_main.o
    0x08001838   0x00000074   Code   RO         3841    i.LCD_write_byte    lcd_5510_main.o
    0x080018ac   0x00000028   Code   RO         3842    i.LCD_write_char    lcd_5510_main.o
    0x080018d4   0x00000018   Code   RO         3843    i.LCD_write_english_string  lcd_5510_main.o
    0x080018ec   0x00000048   Code   RO         3844    i.LCD_write_num_string  lcd_5510_main.o
    0x08001934   0x000000ec   Code   RO         2517    i.MX_GPIO_Init      main.o
    0x08001a20   0x00000044   Code   RO         2518    i.MX_SPI1_Init      main.o
    0x08001a64   0x00000002   Code   RO         2397    i.MemManage_Handler  stm32f1xx_it.o
    0x08001a66   0x00000002   Code   RO         2398    i.NMI_Handler       stm32f1xx_it.o
    0x08001a68   0x00000020   Code   RO          175    i.NVIC_SetPriority  stm32f1xx_hal_cortex.o
    0x08001a88   0x0000001c   Code   RO         4010    i.SD_DisSelect      sd.o
    0x08001aa4   0x0000002a   Code   RO         4012    i.SD_GetCSD         sd.o
    0x08001ace   0x00000028   Code   RO         4013    i.SD_GetResponse    sd.o
    0x08001af6   0x00000002   PAD
    0x08001af8   0x0000009c   Code   RO         4014    i.SD_GetSectorCount  sd.o
    0x08001b94   0x0000006c   Code   RO         4015    i.SD_ReadDisk       sd.o
    0x08001c00   0x00000032   Code   RO         4016    i.SD_RecvData       sd.o
    0x08001c32   0x00000002   PAD
    0x08001c34   0x00000020   Code   RO         4017    i.SD_Select         sd.o
    0x08001c54   0x0000005e   Code   RO         4019    i.SD_SendCmd        sd.o
    0x08001cb2   0x00000020   Code   RO         4020    i.SD_WaitReady      sd.o
    0x08001cd2   0x0000009e   Code   RO         2115    i.SPI_WaitOnFlagUntilTimeout  stm32f1xx_hal_spi.o
    0x08001d70   0x00000004   Code   RO         2399    i.SysTick_Handler   stm32f1xx_it.o
    0x08001d74   0x00000068   Code   RO         2519    i.SystemClock_Config  main.o
    0x08001ddc   0x00000048   Code   RO         2790    i.SystemInit        system_stm32f1xx.o
    0x08001e24   0x0000000c   Code   RO         2400    i.TIM4_IRQHandler   stm32f1xx_it.o
    0x08001e30   0x00000064   Code   RO         1446    i.TIM_Base_SetConfig  stm32f1xx_hal_tim.o
    0x08001e94   0x000000a6   Code   RO         1157    i.UART_Receive_IT   stm32f1xx_hal_uart.o
    0x08001f3a   0x00000002   PAD
    0x08001f3c   0x00000170   Code   RO         1158    i.UART_SetConfig    stm32f1xx_hal_uart.o
    0x080020ac   0x00000066   Code   RO         1159    i.UART_Transmit_IT  stm32f1xx_hal_uart.o
    0x08002112   0x00000092   Code   RO         1160    i.UART_WaitOnFlagUntilTimeout  stm32f1xx_hal_uart.o
    0x080021a4   0x0000000c   Code   RO         2401    i.USART1_IRQHandler  stm32f1xx_it.o
    0x080021b0   0x00000002   Code   RO         2402    i.UsageFault_Handler  stm32f1xx_it.o
    0x080021b2   0x00000002   PAD
    0x080021b4   0x00000020   Code   RO         4764    i.__0printf$5       mc_w.l(printf5.o)
    0x080021d4   0x00000028   Code   RO         4766    i.__0sprintf$5      mc_w.l(printf5.o)
    0x080021fc   0x0000000e   Code   RO         4932    i.__scatterload_copy  mc_w.l(handlers.o)
    0x0800220a   0x00000002   Code   RO         4933    i.__scatterload_null  mc_w.l(handlers.o)
    0x0800220c   0x0000000e   Code   RO         4934    i.__scatterload_zeroinit  mc_w.l(handlers.o)
    0x0800221a   0x00000002   PAD
    0x0800221c   0x000002c0   Code   RO         4771    i._printf_core      mc_w.l(printf5.o)
    0x080024dc   0x0000000a   Code   RO         4773    i._sputc            mc_w.l(printf5.o)
    0x080024e6   0x00000002   PAD
    0x080024e8   0x0000006c   Code   RO         3949    i.dispaly_module_init  display.o
    0x08002554   0x00000018   Code   RO         3906    i.fputc             shell.o
    0x0800256c   0x00000048   Code   RO         2521    i.main              main.o
    0x080025b4   0x0000000c   Code   RO         3197    i.makeFreeRtosPriority  cmsis_os.o
    0x080025c0   0x0000000e   Code   RO         3198    i.osDelay           cmsis_os.o
    0x080025ce   0x0000000a   Code   RO         3201    i.osKernelStart     cmsis_os.o
    0x080025d8   0x00000014   Code   RO         3230    i.osSystickHandler  cmsis_os.o
    0x080025ec   0x00000038   Code   RO         3231    i.osThreadCreate    cmsis_os.o
    0x08002624   0x00000034   Code   RO         3516    i.prvAddCurrentTaskToDelayedList  tasks.o
    0x08002658   0x00000058   Code   RO         3517    i.prvCheckTasksWaitingTermination  tasks.o
    0x080026b0   0x0000004c   Code   RO         2911    i.prvHeapInit       heap_4.o
    0x080026fc   0x00000018   Code   RO         3518    i.prvIdleTask       tasks.o
    0x08002714   0x0000004c   Code   RO         2912    i.prvInsertBlockIntoFreeList  heap_4.o
    0x08002760   0x00000020   Code   RO         3520    i.prvResetNextTaskUnblockTime  tasks.o
    0x08002780   0x00000018   Code   RO         2841    i.prvTaskExitError  port.o
    0x08002798   0x000000bc   Code   RO         2913    i.pvPortMalloc      heap_4.o
    0x08002854   0x00000020   Code   RO         2842    i.pxPortInitialiseStack  port.o
    0x08002874   0x00000160   Code   RO         4022    i.sd_init           sd.o
    0x080029d4   0x0000002c   Code   RO         4023    i.sd_spi_init       sd.o
    0x08002a00   0x00000064   Code   RO         4024    i.set_spi_speedhight  sd.o
    0x08002a64   0x0000000c   Code   RO         3907    i.shell_main        shell.o
    0x08002a70   0x00000024   Code   RO         4026    i.spi_readwritebyte  sd.o
    0x08002a94   0x00000148   Code   RO         3973    i.task_main         task_main.o
    0x08002bdc   0x0000003c   Code   RO         3974    i.thread_init       task_main.o
    0x08002c18   0x00000024   Code   RO         3798    i.uxListRemove      list.o
    0x08002c3c   0x00000016   Code   RO         3799    i.vListInitialise   list.o
    0x08002c52   0x00000006   Code   RO         3800    i.vListInitialiseItem  list.o
    0x08002c58   0x00000030   Code   RO         3801    i.vListInsert       list.o
    0x08002c88   0x00000018   Code   RO         3802    i.vListInsertEnd    list.o
    0x08002ca0   0x00000034   Code   RO         2844    i.vPortEnterCritical  port.o
    0x08002cd4   0x00000024   Code   RO         2845    i.vPortExitCritical  port.o
    0x08002cf8   0x00000048   Code   RO         2914    i.vPortFree         heap_4.o
    0x08002d40   0x00000020   Code   RO         2846    i.vPortSetupTimerInterrupt  port.o
    0x08002d60   0x00000018   Code   RO         2848    i.vPortYield        port.o
    0x08002d78   0x00000050   Code   RO         3530    i.vTaskDelay        tasks.o
    0x08002dc8   0x00000054   Code   RO         3542    i.vTaskStartScheduler  tasks.o
    0x08002e1c   0x00000010   Code   RO         3544    i.vTaskSuspendAll   tasks.o
    0x08002e2c   0x00000054   Code   RO         3545    i.vTaskSwitchContext  tasks.o
    0x08002e80   0x00000078   Code   RO         2849    i.xPortStartScheduler  port.o
    0x08002ef8   0x00000024   Code   RO         2850    i.xPortSysTickHandler  port.o
    0x08002f1c   0x0000019c   Code   RO         3547    i.xTaskGenericCreate  tasks.o
    0x080030b8   0x0000001c   Code   RO         3551    i.xTaskGetSchedulerState  tasks.o
    0x080030d4   0x000000c0   Code   RO         3554    i.xTaskIncrementTick  tasks.o
    0x08003194   0x000000ac   Code   RO         3560    i.xTaskResumeAll    tasks.o
    0x08003240   0x00000010   Data   RO         2791    .constdata          system_stm32f1xx.o
    0x08003250   0x00000008   Data   RO         2792    .constdata          system_stm32f1xx.o
    0x08003258   0x00000028   Data   RO         3976    .constdata          task_main.o
    0x08003280   0x0000000e   Data   RO         3977    .conststring        task_main.o
    0x0800328e   0x00000002   PAD
    0x08003290   0x00000020   Data   RO         4930    Region$$Table       anon$$obj.o


    Execution Region RW_IRAM1 (Base: 0x20000000, Size: 0x00001668, Max: 0x00005000, ABSOLUTE, COMPRESSED[0x000001c8])

    Base Addr    Size         Type   Attr      Idx    E Section Name        Object

    0x20000000   0x00000004   Data   RW          332    .data               stm32f1xx_hal.o
    0x20000004   0x00000001   Data   RW         2323    .data               stm32f1xx_hal_spi_ex.o
    0x20000005   0x00000003   PAD
    0x20000008   0x00000004   Data   RW         2793    .data               system_stm32f1xx.o
    0x2000000c   0x0000000c   Data   RW         2851    .data               port.o
    0x20000018   0x00000018   Data   RW         2919    .data               heap_4.o
    0x20000030   0x00000038   Data   RW         3563    .data               tasks.o
    0x20000068   0x00000228   Data   RW         3845    .data               lcd_5510_main.o
    0x20000290   0x00000008   Data   RW         3978    .data               task_main.o
    0x20000298   0x00000001   Data   RW         4029    .data               sd.o
    0x20000299   0x00000003   PAD
    0x2000029c   0x00000004   Data   RW         4906    .data               mc_w.l(stdout.o)
    0x200002a0   0x0000003c   Zero   RW         2357    .bss                stm32f1xx_hal_timebase_tim.o
    0x200002dc   0x00000098   Zero   RW         2522    .bss                main.o
    0x20000374   0x00000c00   Zero   RW         2918    .bss                heap_4.o
    0x20000f74   0x000000f0   Zero   RW         3562    .bss                tasks.o
    0x20001064   0x00000200   Zero   RW         3975    .bss                task_main.o
    0x20001264   0x00000004   PAD
    0x20001268   0x00000400   Zero   RW         2824    STACK               startup_stm32f103xb.o


==============================================================================

Image component sizes


      Code (inc. data)   RO Data    RW Data    ZI Data      Debug   Object Name

       112          0          0          0          0       7600   cmsis_os.o
       108         68          0          0          0        570   display.o
       412         24          0         24       3072       5363   heap_4.o
       540         28          0        552          0       4700   lcd_5510_main.o
       136          0          0          0          0       3110   list.o
       500         48          0          0        152       7922   main.o
       518         64          0         12          0       7649   port.o
      1114         90          0          1          0       8229   sd.o
        36          4          0          0          0       6405   shell.o
        36          8        236          0       1024        752   startup_stm32f103xb.o
        86         16          0          4          0       2911   stm32f1xx_hal.o
       218         14          0          0          0      25841   stm32f1xx_hal_cortex.o
       466         34          0          0          0     460876   stm32f1xx_hal_gpio.o
       320         36          0          0          0       2039   stm32f1xx_hal_msp.o
      2094        108          0          0          0       6121   stm32f1xx_hal_rcc.o
       848          0          0          0          0       2410   stm32f1xx_hal_spi.o
       136          4          0          1          0       1274   stm32f1xx_hal_spi_ex.o
       546         14          0          0          0       6402   stm32f1xx_hal_tim.o
         4          0          0          0          0       1510   stm32f1xx_hal_tim_ex.o
       116         16          0          0         60       1372   stm32f1xx_hal_timebase_tim.o
      1298          4          0          0          0       7023   stm32f1xx_hal_uart.o
        40         12          0          0          0      21645   stm32f1xx_it.o
        72         16         24          4          0       1335   system_stm32f1xx.o
       388        138         54          8        512       1950   task_main.o
      1264         94          0         56        240      12178   tasks.o

    ----------------------------------------------------------------------
     11432        840        348        668       5064     607187   Object Totals
         0          0         32          0          0          0   (incl. Generated)
        24          0          2          6          4          0   (incl. Padding)

    ----------------------------------------------------------------------

      Code (inc. data)   RO Data    RW Data    ZI Data      Debug   Library Member Name

        86          0          0          0          0          0   __dczerorl2.o
         0          0          0          0          0          0   entry.o
         0          0          0          0          0          0   entry10a.o
         0          0          0          0          0          0   entry11a.o
         8          4          0          0          0          0   entry2.o
         4          0          0          0          0          0   entry5.o
         0          0          0          0          0          0   entry7b.o
         0          0          0          0          0          0   entry8b.o
         8          4          0          0          0          0   entry9a.o
        30          0          0          0          0          0   handlers.o
        36          8          0          0          0         68   init.o
        30          0          0          0          0         68   llshl.o
        32          0          0          0          0         68   llushr.o
        36          0          0          0          0         68   memcpya.o
        36          0          0          0          0        108   memseta.o
       786         62          0          0          0        336   printf5.o
         0          0          0          4          0          0   stdout.o
        98          0          0          0          0         92   uldiv.o

    ----------------------------------------------------------------------
      1196         78          0          4          0        808   Library Totals
         6          0          0          0          0          0   (incl. Padding)

    ----------------------------------------------------------------------

      Code (inc. data)   RO Data    RW Data    ZI Data      Debug   Library Name

      1190         78          0          4          0        808   mc_w.l

    ----------------------------------------------------------------------
      1196         78          0          4          0        808   Library Totals

    ----------------------------------------------------------------------

==============================================================================


      Code (inc. data)   RO Data    RW Data    ZI Data      Debug   

     12628        918        348        672       5064     601727   Grand Totals
     12628        918        348        456       5064     601727   ELF Image Totals (compressed)
     12628        918        348        456          0          0   ROM Totals

==============================================================================

    Total RO  Size (Code + RO Data)                12976 (  12.67kB)
    Total RW  Size (RW Data + ZI Data)              5736 (   5.60kB)
    Total ROM Size (Code + RO Data + RW Data)      13432 (  13.12kB)

==============================================================================

