Component: ARM Compiler 5.05 update 1 (build 106) Tool: armlink [4d0efa]

==============================================================================

Section Cross References

    stm32f1xx_hal_gpio.o(i.HAL_GPIO_EXTI_IRQHandler) refers to stm32f1xx_hal_gpio.o(i.HAL_GPIO_EXTI_Callback) for HAL_GPIO_EXTI_Callback
    stm32f1xx_hal_cortex.o(i.HAL_NVIC_GetPriorityGrouping) refers to stm32f1xx_hal_cortex.o(i.NVIC_GetPriorityGrouping) for NVIC_GetPriorityGrouping
    stm32f1xx_hal_cortex.o(i.HAL_NVIC_SetPriority) refers to stm32f1xx_hal_cortex.o(i.NVIC_GetPriorityGrouping) for NVIC_GetPriorityGrouping
    stm32f1xx_hal_cortex.o(i.HAL_NVIC_SetPriority) refers to stm32f1xx_hal_cortex.o(i.NVIC_SetPriority) for NVIC_SetPriority
    stm32f1xx_hal_cortex.o(i.HAL_SYSTICK_Config) refers to stm32f1xx_hal_cortex.o(i.NVIC_SetPriority) for NVIC_SetPriority
    stm32f1xx_hal_cortex.o(i.HAL_SYSTICK_IRQHandler) refers to stm32f1xx_hal_cortex.o(i.HAL_SYSTICK_Callback) for HAL_SYSTICK_Callback
    stm32f1xx_hal_rcc_ex.o(i.HAL_RCCEx_GetPeriphCLKFreq) refers to stm32f1xx_hal_rcc.o(i.HAL_RCC_GetPCLK2Freq) for HAL_RCC_GetPCLK2Freq
    stm32f1xx_hal_rcc_ex.o(i.HAL_RCCEx_PeriphCLKConfig) refers to stm32f1xx_hal.o(i.HAL_GetTick) for HAL_GetTick
    stm32f1xx_hal.o(i.HAL_DeInit) refers to stm32f1xx_hal.o(i.HAL_MspDeInit) for HAL_MspDeInit
    stm32f1xx_hal.o(i.HAL_Delay) refers to stm32f1xx_hal.o(i.HAL_GetTick) for HAL_GetTick
    stm32f1xx_hal.o(i.HAL_GetTick) refers to stm32f1xx_hal.o(.data) for uwTick
    stm32f1xx_hal.o(i.HAL_IncTick) refers to stm32f1xx_hal.o(.data) for uwTick
    stm32f1xx_hal.o(i.HAL_Init) refers to stm32f1xx_hal_cortex.o(i.HAL_NVIC_SetPriorityGrouping) for HAL_NVIC_SetPriorityGrouping
    stm32f1xx_hal.o(i.HAL_Init) refers to stm32f1xx_hal_timebase_tim.o(i.HAL_InitTick) for HAL_InitTick
    stm32f1xx_hal.o(i.HAL_Init) refers to stm32f1xx_hal_msp.o(i.HAL_MspInit) for HAL_MspInit
    stm32f1xx_hal.o(i.HAL_InitTick) refers to stm32f1xx_hal_rcc.o(i.HAL_RCC_GetHCLKFreq) for HAL_RCC_GetHCLKFreq
    stm32f1xx_hal.o(i.HAL_InitTick) refers to stm32f1xx_hal_cortex.o(i.HAL_SYSTICK_Config) for HAL_SYSTICK_Config
    stm32f1xx_hal.o(i.HAL_InitTick) refers to stm32f1xx_hal_cortex.o(i.HAL_NVIC_SetPriority) for HAL_NVIC_SetPriority
    stm32f1xx_hal_rcc.o(i.HAL_RCC_ClockConfig) refers to stm32f1xx_hal.o(i.HAL_GetTick) for HAL_GetTick
    stm32f1xx_hal_rcc.o(i.HAL_RCC_ClockConfig) refers to stm32f1xx_hal_rcc.o(i.HAL_RCC_GetSysClockFreq) for HAL_RCC_GetSysClockFreq
    stm32f1xx_hal_rcc.o(i.HAL_RCC_ClockConfig) refers to stm32f1xx_hal_timebase_tim.o(i.HAL_InitTick) for HAL_InitTick
    stm32f1xx_hal_rcc.o(i.HAL_RCC_ClockConfig) refers to system_stm32f1xx.o(.constdata) for AHBPrescTable
    stm32f1xx_hal_rcc.o(i.HAL_RCC_ClockConfig) refers to system_stm32f1xx.o(.data) for SystemCoreClock
    stm32f1xx_hal_rcc.o(i.HAL_RCC_DeInit) refers to system_stm32f1xx.o(.data) for SystemCoreClock
    stm32f1xx_hal_rcc.o(i.HAL_RCC_GetHCLKFreq) refers to system_stm32f1xx.o(.data) for SystemCoreClock
    stm32f1xx_hal_rcc.o(i.HAL_RCC_GetPCLK1Freq) refers to stm32f1xx_hal_rcc.o(i.HAL_RCC_GetHCLKFreq) for HAL_RCC_GetHCLKFreq
    stm32f1xx_hal_rcc.o(i.HAL_RCC_GetPCLK1Freq) refers to system_stm32f1xx.o(.constdata) for APBPrescTable
    stm32f1xx_hal_rcc.o(i.HAL_RCC_GetPCLK2Freq) refers to stm32f1xx_hal_rcc.o(i.HAL_RCC_GetHCLKFreq) for HAL_RCC_GetHCLKFreq
    stm32f1xx_hal_rcc.o(i.HAL_RCC_GetPCLK2Freq) refers to system_stm32f1xx.o(.constdata) for APBPrescTable
    stm32f1xx_hal_rcc.o(i.HAL_RCC_MCOConfig) refers to stm32f1xx_hal_gpio.o(i.HAL_GPIO_Init) for HAL_GPIO_Init
    stm32f1xx_hal_rcc.o(i.HAL_RCC_NMI_IRQHandler) refers to stm32f1xx_hal_rcc.o(i.HAL_RCC_CSSCallback) for HAL_RCC_CSSCallback
    stm32f1xx_hal_rcc.o(i.HAL_RCC_OscConfig) refers to stm32f1xx_hal.o(i.HAL_GetTick) for HAL_GetTick
    stm32f1xx_hal_rcc.o(i.HAL_RCC_OscConfig) refers to stm32f1xx_hal.o(i.HAL_Delay) for HAL_Delay
    stm32f1xx_hal_pwr.o(i.HAL_PWR_EnterSTOPMode) refers to stm32f1xx_hal_pwr.o(i.PWR_OverloadWfe) for PWR_OverloadWfe
    stm32f1xx_hal_pwr.o(i.HAL_PWR_PVD_IRQHandler) refers to stm32f1xx_hal_pwr.o(i.HAL_PWR_PVDCallback) for HAL_PWR_PVDCallback
    stm32f1xx_hal_dma.o(i.HAL_DMA_Abort) refers to stm32f1xx_hal.o(i.HAL_GetTick) for HAL_GetTick
    stm32f1xx_hal_dma.o(i.HAL_DMA_PollForTransfer) refers to stm32f1xx_hal.o(i.HAL_GetTick) for HAL_GetTick
    stm32f1xx_hal_dma.o(i.HAL_DMA_Start) refers to stm32f1xx_hal_dma.o(i.DMA_SetConfig) for DMA_SetConfig
    stm32f1xx_hal_dma.o(i.HAL_DMA_Start_IT) refers to stm32f1xx_hal_dma.o(i.DMA_SetConfig) for DMA_SetConfig
    stm32f1xx_hal_tim_ex.o(i.HAL_TIMEx_ConfigCommutationEvent_DMA) refers to stm32f1xx_hal_tim_ex.o(i.TIMEx_DMACommutationCplt) for TIMEx_DMACommutationCplt
    stm32f1xx_hal_tim_ex.o(i.HAL_TIMEx_ConfigCommutationEvent_DMA) refers to stm32f1xx_hal_tim.o(i.TIM_DMAError) for TIM_DMAError
[...]
    ..\Firmware\Drivers\5510\src\LCD_5510_main.c 0x00000000   Number         0  lcd_5510_main.o ABSOLUTE
    ..\Firmware\Drivers\FAT_OP\fat_opt.c     0x00000000   Number         0  fat_opt.o ABSOLUTE
    ..\Firmware\Drivers\LOG\shell.c          0x00000000   Number         0  shell.o ABSOLUTE
    ..\Firmware\Drivers\SD\src\sd.c          0x00000000   Number         0  sd.o ABSOLUTE
    ..\Middlewares\Third_Party\FatFs\src\diskio.c 0x00000000   Number         0  diskio.o ABSOLUTE
    ..\Middlewares\Third_Party\FatFs\src\ff.c 0x00000000   Number         0  ff.o ABSOLUTE
    ..\Middlewares\Third_Party\FatFs\src\ff_gen_drv.c 0x00000000   Number         0  ff_gen_drv.o ABSOLUTE
    ..\Middlewares\Third_Party\FatFs\src\option\syscall.c 0x00000000   Number         0  syscall.o ABSOLUTE
    ..\Middlewares\Third_Party\FreeRTOS\Source\CMSIS_RTOS\cmsis_os.c 0x00000000   Number         0  cmsis_os.o ABSOLUTE
    ..\Middlewares\Third_Party\FreeRTOS\Source\portable\RVDS\ARM_CM3\port.c 0x00000000   Number         0  port.o ABSOLUTE
    ..\Src\fatfs.c                           0x00000000   Number         0  fatfs.o ABSOLUTE
    ..\Src\main.c                            0x00000000   Number         0  main.o ABSOLUTE
    ..\Src\stm32f1xx_hal_msp.c               0x00000000   Number         0  stm32f1xx_hal_msp.o ABSOLUTE
    ..\Src\stm32f1xx_hal_timebase_TIM.c      0x00000000   Number         0  stm32f1xx_hal_timebase_tim.o ABSOLUTE
    ..\Src\stm32f1xx_it.c                    0x00000000   Number         0  stm32f1xx_it.o ABSOLUTE
    ..\Src\user_diskio.c                     0x00000000   Number         0  user_diskio.o ABSOLUTE
    ..\\Firmware\\APP\\display\\src\\display.c 0x00000000   Number         0  display.o ABSOLUTE
    ..\\Firmware\\APP\\task_main\\src\\task_main.c 0x00000000   Number         0  task_main.o ABSOLUTE
    ..\\Firmware\\Drivers\\5510\\src\\LCD_5510_main.c 0x00000000   Number         0  lcd_5510_main.o ABSOLUTE
    ..\\Firmware\\Drivers\\FAT_OP\\fat_opt.c 0x00000000   Number         0  fat_opt.o ABSOLUTE
    ..\\Firmware\\Drivers\\LOG\\shell.c      0x00000000   Number         0  shell.o ABSOLUTE
    ..\\Firmware\\Drivers\\SD\\src\\sd.c     0x00000000   Number         0  sd.o ABSOLUTE
    cdrcmple.s                               0x00000000   Number         0  cdrcmple.o ABSOLUTE
    dc.s                                     0x00000000   Number         0  dc.o ABSOLUTE
    handlers.s                               0x00000000   Number         0  handlers.o ABSOLUTE
    init.s                                   0x00000000   Number         0  init.o ABSOLUTE
    startup_stm32f103xb.s                    0x00000000   Number         0  startup_stm32f103xb.o ABSOLUTE
    RESET                                    0x08000000   Section      236  startup_stm32f103xb.o(RESET)
    .ARM.Collect$$$$00000000                 0x080000ec   Section        0  entry.o(.ARM.Collect$$$$00000000)
    .ARM.Collect$$$$00000001                 0x080000ec   Section        4  entry2.o(.ARM.Collect$$$$00000001)
    .ARM.Collect$$$$00000004                 0x080000f0   Section        4  entry5.o(.ARM.Collect$$$$00000004)
    .ARM.Collect$$$$00000008                 0x080000f4   Section        0  entry7b.o(.ARM.Collect$$$$00000008)
    .ARM.Collect$$$$0000000A                 0x080000f4   Section        0  entry8b.o(.ARM.Collect$$$$0000000A)
    .ARM.Collect$$$$0000000B                 0x080000f4   Section        8  entry9a.o(.ARM.Collect$$$$0000000B)
    .ARM.Collect$$$$0000000D                 0x080000fc   Section        0  entry10a.o(.ARM.Collect$$$$0000000D)
    .ARM.Collect$$$$0000000F                 0x080000fc   Section        0  entry11a.o(.ARM.Collect$$$$0000000F)
    .ARM.Collect$$$$00002712                 0x080000fc   Section        4  entry2.o(.ARM.Collect$$$$00002712)
    __lit__00000000                          0x080000fc   Data           4  entry2.o(.ARM.Collect$$$$00002712)
    .emb_text                                0x08000100   Section      162  port.o(.emb_text)
    .text                                    0x080001a4   Section       36  startup_stm32f103xb.o(.text)
    .text                                    0x080001c8   Section        0  memcpya.o(.text)
    .text                                    0x080001ec   Section        0  memseta.o(.text)
    .text                                    0x08000210   Section        0  uidiv.o(.text)
    .text                                    0x0800023c   Section       36  init.o(.text)
    .text                                    0x08000260   Section        0  __dczerorl2.o(.text)
    i.BusFault_Handler                       0x080002b6   Section        0  stm32f1xx_it.o(i.BusFault_Handler)
    i.DebugMon_Handler                       0x080002ba   Section        0  stm32f1xx_it.o(i.DebugMon_Handler)
    i.Error_Handler                          0x080002bc   Section        0  main.o(i.Error_Handler)
    i.FATFS_LinkDriver                       0x080002c0   Section        0  ff_gen_drv.o(i.FATFS_LinkDriver)
    i.FATFS_LinkDriverEx                     0x080002d4   Section        0  ff_gen_drv.o(i.FATFS_LinkDriverEx)
    i.HAL_Delay                              0x08000328   Section        0  stm32f1xx_hal.o(i.HAL_Delay)
    i.HAL_GPIO_Init                          0x08000344   Section        0  stm32f1xx_hal_gpio.o(i.HAL_GPIO_Init)
    i.HAL_GPIO_WritePin                      0x08000660   Section        0  stm32f1xx_hal_gpio.o(i.HAL_GPIO_WritePin)
    i.HAL_GetTick                            0x0800066c   Section        0  stm32f1xx_hal.o(i.HAL_GetTick)
    i.HAL_IncTick                            0x08000678   Section        0  stm32f1xx_hal.o(i.HAL_IncTick)
    i.HAL_Init                               0x08000688   Section        0  stm32f1xx_hal.o(i.HAL_Init)
    i.HAL_InitTick                           0x080006b0   Section        0  stm32f1xx_hal_timebase_tim.o(i.HAL_InitTick)
    i.HAL_MspInit                            0x08000738   Section        0  stm32f1xx_hal_msp.o(i.HAL_MspInit)
    i.HAL_NVIC_EnableIRQ                     0x080007c4   Section        0  stm32f1xx_hal_cortex.o(i.HAL_NVIC_EnableIRQ)
    i.HAL_NVIC_SetPriority                   0x080007de   Section        0  stm32f1xx_hal_cortex.o(i.HAL_NVIC_SetPriority)
    i.HAL_NVIC_SetPriorityGrouping           0x0800085c   Section        0  stm32f1xx_hal_cortex.o(i.HAL_NVIC_SetPriorityGrouping)
    i.HAL_RCC_ClockConfig                    0x08000884   Section        0  stm32f1xx_hal_rcc.o(i.HAL_RCC_ClockConfig)
    i.HAL_RCC_GetClockConfig                 0x08000b1c   Section        0  stm32f1xx_hal_rcc.o(i.HAL_RCC_GetClockConfig)
    i.HAL_RCC_GetHCLKFreq                    0x08000b60   Section        0  stm32f1xx_hal_rcc.o(i.HAL_RCC_GetHCLKFreq)
    i.HAL_RCC_GetPCLK1Freq                   0x08000b6c   Section        0  stm32f1xx_hal_rcc.o(i.HAL_RCC_GetPCLK1Freq)
    i.HAL_RCC_GetPCLK2Freq                   0x08000b98   Section        0  stm32f1xx_hal_rcc.o(i.HAL_RCC_GetPCLK2Freq)
    i.HAL_RCC_GetSysClockFreq                0x08000bc4   Section        0  stm32f1xx_hal_rcc.o(i.HAL_RCC_GetSysClockFreq)
    i.HAL_RCC_OscConfig                      0x08000c78   Section        0  stm32f1xx_hal_rcc.o(i.HAL_RCC_OscConfig)
    i.HAL_SPI_Init                           0x080014f0   Section        0  stm32f1xx_hal_spi_ex.o(i.HAL_SPI_Init)
    i.HAL_SPI_MspInit                        0x0800157c   Section        0  stm32f1xx_hal_msp.o(i.HAL_SPI_MspInit)
    i.HAL_SPI_TransmitReceive                0x080015dc   Section        0  stm32f1xx_hal_spi.o(i.HAL_SPI_TransmitReceive)
    i.HAL_SYSTICK_CLKSourceConfig            0x08001920   Section        0  stm32f1xx_hal_cortex.o(i.HAL_SYSTICK_CLKSourceConfig)
    i.HAL_SYSTICK_Config                     0x08001948   Section        0  stm32f1xx_hal_cortex.o(i.HAL_SYSTICK_Config)
    i.HAL_TIMEx_BreakCallback                0x0800197c   Section        0  stm32f1xx_hal_tim_ex.o(i.HAL_TIMEx_BreakCallback)
    i.HAL_TIMEx_CommutationCallback          0x0800197e   Section        0  stm32f1xx_hal_tim_ex.o(i.HAL_TIMEx_CommutationCallback)
    i.HAL_TIM_Base_Init                      0x08001980   Section        0  stm32f1xx_hal_tim.o(i.HAL_TIM_Base_Init)
    i.HAL_TIM_Base_MspInit                   0x080019b4   Section        0  stm32f1xx_hal_tim.o(i.HAL_TIM_Base_MspInit)
    i.HAL_TIM_Base_Start_IT                  0x080019b6   Section        0  stm32f1xx_hal_tim.o(i.HAL_TIM_Base_Start_IT)
    i.HAL_TIM_IC_CaptureCallback             0x080019d4   Section        0  stm32f1xx_hal_tim.o(i.HAL_TIM_IC_CaptureCallback)
    i.HAL_TIM_IRQHandler                     0x080019d6   Section        0  stm32f1xx_hal_tim.o(i.HAL_TIM_IRQHandler)
    i.HAL_TIM_OC_DelayElapsedCallback        0x08001b6c   Section        0  stm32f1xx_hal_tim.o(i.HAL_TIM_OC_DelayElapsedCallback)
    i.HAL_TIM_PWM_PulseFinishedCallback      0x08001b6e   Section        0  stm32f1xx_hal_tim.o(i.HAL_TIM_PWM_PulseFinishedCallback)
    i.HAL_TIM_PeriodElapsedCallback          0x08001b70   Section        0  main.o(i.HAL_TIM_PeriodElapsedCallback)
    i.HAL_TIM_TriggerCallback                0x08001b88   Section        0  stm32f1xx_hal_tim.o(i.HAL_TIM_TriggerCallback)
    i.HAL_UART_ErrorCallback                 0x08001b8a   Section        0  stm32f1xx_hal_uart.o(i.HAL_UART_ErrorCallback)
    i.HAL_UART_IRQHandler                    0x08001b8c   Section        0  stm32f1xx_hal_uart.o(i.HAL_UART_IRQHandler)
    i.HAL_UART_Init                          0x08001c66   Section        0  stm32f1xx_hal_uart.o(i.HAL_UART_Init)
    i.HAL_UART_MspInit                       0x08001cd4   Section        0  stm32f1xx_hal_msp.o(i.HAL_UART_MspInit)
    i.HAL_UART_RxCpltCallback                0x08001d48   Section        0  stm32f1xx_hal_uart.o(i.HAL_UART_RxCpltCallback)
    i.HAL_UART_Transmit                      0x08001d4a   Section        0  stm32f1xx_hal_uart.o(i.HAL_UART_Transmit)
    i.HAL_UART_TxCpltCallback                0x08001e3a   Section        0  stm32f1xx_hal_uart.o(i.HAL_UART_TxCpltCallback)
    i.HardFault_Handler                      0x08001e3c   Section        0  stm32f1xx_it.o(i.HardFault_Handler)
    i.LCD_clear                              0x08001e40   Section        0  lcd_5510_main.o(i.LCD_clear)
    i.LCD_init                               0x08001e68   Section        0  lcd_5510_main.o(i.LCD_init)
    i.LCD_set_XY                             0x08001f48   Section        0  lcd_5510_main.o(i.LCD_set_XY)
    i.LCD_write_byte                         0x08001f64   Section        0  lcd_5510_main.o(i.LCD_write_byte)
    i.LCD_write_char                         0x08001fe4   Section        0  lcd_5510_main.o(i.LCD_write_char)
    i.LCD_write_english_string               0x08002014   Section        0  lcd_5510_main.o(i.LCD_write_english_string)
    i.MX_FATFS_Init                          0x08002038   Section        0  fatfs.o(i.MX_FATFS_Init)
    i.MX_GPIO_Init                           0x08002080   Section        0  main.o(i.MX_GPIO_Init)
    MX_GPIO_Init                             0x08002081   Thumb Code   252  main.o(i.MX_GPIO_Init)
    i.MX_SPI1_Init                           0x08002190   Section        0  main.o(i.MX_SPI1_Init)
    MX_SPI1_Init                             0x08002191   Thumb Code    62  main.o(i.MX_SPI1_Init)
    i.MX_USART1_UART_Init                    0x080021d8   Section        0  main.o(i.MX_USART1_UART_Init)
    MX_USART1_UART_Init                      0x080021d9   Thumb Code    46  main.o(i.MX_USART1_UART_Init)
    i.MemManage_Handler                      0x08002210   Section        0  stm32f1xx_it.o(i.MemManage_Handler)
    i.NMI_Handler                            0x08002214   Section        0  stm32f1xx_it.o(i.NMI_Handler)
    i.NVIC_GetPriorityGrouping               0x08002218   Section        0  stm32f1xx_hal_cortex.o(i.NVIC_GetPriorityGrouping)
    NVIC_GetPriorityGrouping                 0x08002219   Thumb Code    10  stm32f1xx_hal_cortex.o(i.NVIC_GetPriorityGrouping)
    i.NVIC_SetPriority                       0x08002228   Section        0  stm32f1xx_hal_cortex.o(i.NVIC_SetPriority)
    NVIC_SetPriority                         0x08002229   Thumb Code    32  stm32f1xx_hal_cortex.o(i.NVIC_SetPriority)
    i.SD_DisSelect                           0x08002250   Section        0  sd.o(i.SD_DisSelect)
    i.SD_GetCSD                              0x08002268   Section        0  sd.o(i.SD_GetCSD)
    i.SD_GetResponse                         0x08002292   Section        0  sd.o(i.SD_GetResponse)
    i.SD_GetSectorCount                      0x080022b8   Section        0  sd.o(i.SD_GetSectorCount)
    i.SD_ReadDisk                            0x0800235c   Section        0  sd.o(i.SD_ReadDisk)
    i.SD_RecvData                            0x080023d0   Section        0  sd.o(i.SD_RecvData)
    i.SD_Select                              0x08002408   Section        0  sd.o(i.SD_Select)
    i.SD_SendBlock                           0x0800242c   Section        0  sd.o(i.SD_SendBlock)
    i.SD_SendCmd                             0x0800247e   Section        0  sd.o(i.SD_SendCmd)
    i.SD_WaitReady                           0x080024f6   Section        0  sd.o(i.SD_WaitReady)
    i.SD_WriteDisk                           0x08002518   Section        0  sd.o(i.SD_WriteDisk)
    i.SPI_WaitOnFlagUntilTimeout             0x080025a8   Section        0  stm32f1xx_hal_spi.o(i.SPI_WaitOnFlagUntilTimeout)
    SPI_WaitOnFlagUntilTimeout               0x080025a9   Thumb Code   276  stm32f1xx_hal_spi.o(i.SPI_WaitOnFlagUntilTimeout)
    i.SysTick_Handler                        0x080026bc   Section        0  stm32f1xx_it.o(i.SysTick_Handler)
    i.SystemClock_Config                     0x080026c4   Section        0  main.o(i.SystemClock_Config)
    i.SystemInit                             0x0800273c   Section        0  system_stm32f1xx.o(i.SystemInit)
    i.TIM4_IRQHandler                        0x08002794   Section        0  stm32f1xx_it.o(i.TIM4_IRQHandler)
    i.TIM_Base_SetConfig                     0x080027a4   Section        0  stm32f1xx_hal_tim.o(i.TIM_Base_SetConfig)
    i.UART_EndTransmit_IT                    0x08002810   Section        0  stm32f1xx_hal_uart.o(i.UART_EndTransmit_IT)
    UART_EndTransmit_IT                      0x08002811   Thumb Code    48  stm32f1xx_hal_uart.o(i.UART_EndTransmit_IT)
    i.UART_Receive_IT                        0x08002840   Section        0  stm32f1xx_hal_uart.o(i.UART_Receive_IT)
    UART_Receive_IT                          0x08002841   Thumb Code   188  stm32f1xx_hal_uart.o(i.UART_Receive_IT)
    i.UART_SetConfig                         0x080028fc   Section        0  stm32f1xx_hal_uart.o(i.UART_SetConfig)
    UART_SetConfig                           0x080028fd   Thumb Code   450  stm32f1xx_hal_uart.o(i.UART_SetConfig)
    i.UART_Transmit_IT                       0x08002ac4   Section        0  stm32f1xx_hal_uart.o(i.UART_Transmit_IT)
    UART_Transmit_IT                         0x08002ac5   Thumb Code   112  stm32f1xx_hal_uart.o(i.UART_Transmit_IT)
    i.UART_WaitOnFlagUntilTimeout            0x08002b34   Section        0  stm32f1xx_hal_uart.o(i.UART_WaitOnFlagUntilTimeout)
    UART_WaitOnFlagUntilTimeout              0x08002b35   Thumb Code   250  stm32f1xx_hal_uart.o(i.UART_WaitOnFlagUntilTimeout)
    i.USART1_IRQHandler                      0x08002c30   Section        0  stm32f1xx_it.o(i.USART1_IRQHandler)
    i.USER_initialize                        0x08002c40   Section        0  user_diskio.o(i.USER_initialize)
    i.USER_ioctl                             0x08002cbc   Section        0  user_diskio.o(i.USER_ioctl)
    i.USER_read                              0x08002d08   Section        0  user_diskio.o(i.USER_read)
    i.USER_status                            0x08002d70   Section        0  user_diskio.o(i.USER_status)
    i.USER_write                             0x08002d84   Section        0  user_diskio.o(i.USER_write)
    i.UsageFault_Handler                     0x08002dc2   Section        0  stm32f1xx_it.o(i.UsageFault_Handler)
    i.__0printf$6                            0x08002dc8   Section        0  printf6.o(i.__0printf$6)
    i.__scatterload_copy                     0x08002de8   Section       14  handlers.o(i.__scatterload_copy)
    i.__scatterload_null                     0x08002df6   Section        2  handlers.o(i.__scatterload_null)
    i.__scatterload_zeroinit                 0x08002df8   Section       14  handlers.o(i.__scatterload_zeroinit)
    i._printf_core                           0x08002e08   Section        0  printf6.o(i._printf_core)
    _printf_core                             0x08002e09   Thumb Code   748  printf6.o(i._printf_core)
    i._printf_post_padding                   0x080030f8   Section        0  printf6.o(i._printf_post_padding)
    _printf_post_padding                     0x080030f9   Thumb Code    36  printf6.o(i._printf_post_padding)
    i._printf_pre_padding                    0x0800311c   Section        0  printf6.o(i._printf_pre_padding)
    _printf_pre_padding                      0x0800311d   Thumb Code    46  printf6.o(i._printf_pre_padding)
    i.check_fs                               0x0800314c   Section        0  ff.o(i.check_fs)
    check_fs                                 0x0800314d   Thumb Code   146  ff.o(i.check_fs)
    i.clear_lock                             0x080031e4   Section        0  ff.o(i.clear_lock)
    clear_lock                               0x080031e5   Thumb Code    44  ff.o(i.clear_lock)
    i.disk_initialize                        0x08003214   Section        0  diskio.o(i.disk_initialize)
    i.disk_read                              0x08003240   Section        0  diskio.o(i.disk_read)
    i.disk_status                            0x08003270   Section        0  diskio.o(i.disk_status)
    i.disk_write                             0x0800328c   Section        0  diskio.o(i.disk_write)
    i.dispaly_module_init                    0x080032bc   Section        0  display.o(i.dispaly_module_init)
    i.f_getfree                              0x08003340   Section        0  ff.o(i.f_getfree)
    i.f_mount                                0x08003464   Section        0  ff.o(i.f_mount)
    i.ff_cre_syncobj                         0x080034f0   Section        0  syscall.o(i.ff_cre_syncobj)
    i.ff_del_syncobj                         0x08003514   Section        0  syscall.o(i.ff_del_syncobj)
    i.ff_rel_grant                           0x08003522   Section        0  syscall.o(i.ff_rel_grant)
    i.ff_req_grant                           0x0800352e   Section        0  syscall.o(i.ff_req_grant)
    i.find_volume                            0x08003548   Section        0  ff.o(i.find_volume)
    find_volume                              0x08003549   Thumb Code  1004  ff.o(i.find_volume)
    i.fputc                                  0x08003944   Section        0  shell.o(i.fputc)
    i.get_fat                                0x08003960   Section        0  ff.o(i.get_fat)
    i.get_ldnumber                           0x08003a76   Section        0  ff.o(i.get_ldnumber)
    get_ldnumber                             0x08003a77   Thumb Code    74  ff.o(i.get_ldnumber)
    i.get_sd_free                            0x08003ac0   Section        0  fat_opt.o(i.get_sd_free)
    i.inHandlerMode                          0x08003b70   Section        0  cmsis_os.o(i.inHandlerMode)
    inHandlerMode                            0x08003b71   Thumb Code    16  cmsis_os.o(i.inHandlerMode)
    i.lock_fs                                0x08003b80   Section        0  ff.o(i.lock_fs)
    lock_fs                                  0x08003b81   Thumb Code    14  ff.o(i.lock_fs)
    i.main                                   0x08003b8e   Section        0  main.o(i.main)
    i.makeFreeRtosPriority                   0x08003bae   Section        0  cmsis_os.o(i.makeFreeRtosPriority)
    makeFreeRtosPriority                     0x08003baf   Thumb Code    14  cmsis_os.o(i.makeFreeRtosPriority)
    i.move_window                            0x08003bbc   Section        0  ff.o(i.move_window)
    move_window                              0x08003bbd   Thumb Code    56  ff.o(i.move_window)
    i.osDelay                                0x08003bf4   Section        0  cmsis_os.o(i.osDelay)
    i.osKernelStart                          0x08003c0c   Section        0  cmsis_os.o(i.osKernelStart)
    i.osSemaphoreCreate                      0x08003c16   Section        0  cmsis_os.o(i.osSemaphoreCreate)
    i.osSemaphoreDelete                      0x08003c42   Section        0  cmsis_os.o(i.osSemaphoreDelete)
    i.osSemaphoreRelease                     0x08003c5c   Section        0  cmsis_os.o(i.osSemaphoreRelease)
    i.osSemaphoreWait                        0x08003ca4   Section        0  cmsis_os.o(i.osSemaphoreWait)
    i.osSystickHandler                       0x08003d08   Section        0  cmsis_os.o(i.osSystickHandler)
    i.osThreadCreate                         0x08003d18   Section        0  cmsis_os.o(i.osThreadCreate)
    i.prvAddCurrentTaskToDelayedList         0x08003d54   Section        0  tasks.o(i.prvAddCurrentTaskToDelayedList)
    prvAddCurrentTaskToDelayedList           0x08003d55   Thumb Code    62  tasks.o(i.prvAddCurrentTaskToDelayedList)
    i.prvAllocateTCBAndStack                 0x08003da8   Section        0  tasks.o(i.prvAllocateTCBAndStack)
    prvAllocateTCBAndStack                   0x08003da9   Thumb Code    66  tasks.o(i.prvAllocateTCBAndStack)
    i.prvCheckTasksWaitingTermination        0x08003dec   Section        0  tasks.o(i.prvCheckTasksWaitingTermination)
    prvCheckTasksWaitingTermination          0x08003ded   Thumb Code    86  tasks.o(i.prvCheckTasksWaitingTermination)
    i.prvCopyDataFromQueue                   0x08003e50   Section        0  queue.o(i.prvCopyDataFromQueue)
    prvCopyDataFromQueue                     0x08003e51   Thumb Code    42  queue.o(i.prvCopyDataFromQueue)
    i.prvCopyDataToQueue                     0x08003e7a   Section        0  queue.o(i.prvCopyDataToQueue)
    prvCopyDataToQueue                       0x08003e7b   Thumb Code   128  queue.o(i.prvCopyDataToQueue)
    i.prvDeleteTCB                           0x08003efa   Section        0  tasks.o(i.prvDeleteTCB)
    prvDeleteTCB                             0x08003efb   Thumb Code    18  tasks.o(i.prvDeleteTCB)
    i.prvHeapInit                            0x08003f0c   Section        0  heap_4.o(i.prvHeapInit)
    prvHeapInit                              0x08003f0d   Thumb Code    98  heap_4.o(i.prvHeapInit)
    i.prvIdleTask                            0x08003f88   Section        0  tasks.o(i.prvIdleTask)
    prvIdleTask                              0x08003f89   Thumb Code    20  tasks.o(i.prvIdleTask)
    i.prvInitialiseTCBVariables              0x08003fa0   Section        0  tasks.o(i.prvInitialiseTCBVariables)
    prvInitialiseTCBVariables                0x08003fa1   Thumb Code    98  tasks.o(i.prvInitialiseTCBVariables)
    i.prvInitialiseTaskLists                 0x08004004   Section        0  tasks.o(i.prvInitialiseTaskLists)
    prvInitialiseTaskLists                   0x08004005   Thumb Code    70  tasks.o(i.prvInitialiseTaskLists)
    i.prvInsertBlockIntoFreeList             0x0800406c   Section        0  heap_4.o(i.prvInsertBlockIntoFreeList)
    prvInsertBlockIntoFreeList               0x0800406d   Thumb Code    96  heap_4.o(i.prvInsertBlockIntoFreeList)
    i.prvIsQueueEmpty                        0x080040d4   Section        0  queue.o(i.prvIsQueueEmpty)
    prvIsQueueEmpty                          0x080040d5   Thumb Code    26  queue.o(i.prvIsQueueEmpty)
    i.prvIsQueueFull                         0x080040ee   Section        0  queue.o(i.prvIsQueueFull)
    prvIsQueueFull                           0x080040ef   Thumb Code    30  queue.o(i.prvIsQueueFull)
    i.prvResetNextTaskUnblockTime            0x0800410c   Section        0  tasks.o(i.prvResetNextTaskUnblockTime)
    prvResetNextTaskUnblockTime              0x0800410d   Thumb Code    42  tasks.o(i.prvResetNextTaskUnblockTime)
    i.prvTaskExitError                       0x08004140   Section        0  port.o(i.prvTaskExitError)
    prvTaskExitError                         0x08004141   Thumb Code    32  port.o(i.prvTaskExitError)
    i.prvUnlockQueue                         0x08004164   Section        0  queue.o(i.prvUnlockQueue)
    prvUnlockQueue                           0x08004165   Thumb Code   126  queue.o(i.prvUnlockQueue)
    i.pvPortMalloc                           0x080041e4   Section        0  heap_4.o(i.pvPortMalloc)
    i.pvTaskIncrementMutexHeldCount          0x080042f8   Section        0  tasks.o(i.pvTaskIncrementMutexHeldCount)
    i.pxPortInitialiseStack                  0x08004318   Section        0  port.o(i.pxPortInitialiseStack)
    i.sd_init                                0x08004338   Section        0  sd.o(i.sd_init)
    i.sd_spi_init                            0x080044cc   Section        0  sd.o(i.sd_spi_init)
    i.set_spi_speedhight                     0x080044f4   Section        0  sd.o(i.set_spi_speedhight)
    i.set_spi_speedlow                       0x08004560   Section        0  sd.o(i.set_spi_speedlow)
    i.spi_readwritebyte                      0x080045a4   Section        0  sd.o(i.spi_readwritebyte)
    i.sync_window                            0x080045cc   Section        0  ff.o(i.sync_window)
    sync_window                              0x080045cd   Thumb Code    98  ff.o(i.sync_window)
    i.task_main                              0x08004630   Section        0  task_main.o(i.task_main)
    i.thread_init                            0x080046ec   Section        0  task_main.o(i.thread_init)
    i.unlock_fs                              0x08004714   Section        0  ff.o(i.unlock_fs)
    unlock_fs                                0x08004715   Thumb Code    34  ff.o(i.unlock_fs)
    i.uxListRemove                           0x08004736   Section        0  list.o(i.uxListRemove)
    i.vListInitialise                        0x0800475e   Section        0  list.o(i.vListInitialise)
    i.vListInitialiseItem                    0x08004778   Section        0  list.o(i.vListInitialiseItem)
    i.vListInsert                            0x0800477e   Section        0  list.o(i.vListInsert)
    i.vListInsertEnd                         0x080047b2   Section        0  list.o(i.vListInsertEnd)
    i.vPortEnterCritical                     0x080047cc   Section        0  port.o(i.vPortEnterCritical)
    i.vPortExitCritical                      0x08004810   Section        0  port.o(i.vPortExitCritical)
    i.vPortFree                              0x0800483c   Section        0  heap_4.o(i.vPortFree)
    i.vPortSetupTimerInterrupt               0x080048b4   Section        0  port.o(i.vPortSetupTimerInterrupt)
    i.vPortValidateInterruptPriority         0x080048d4   Section        0  port.o(i.vPortValidateInterruptPriority)
    i.vPortYield                             0x08004930   Section        0  port.o(i.vPortYield)
    i.vQueueDelete                           0x08004948   Section        0  queue.o(i.vQueueDelete)
    i.vQueueUnregisterQueue                  0x08004968   Section        0  queue.o(i.vQueueUnregisterQueue)
    i.vTaskDelay                             0x08004994   Section        0  tasks.o(i.vTaskDelay)
    i.vTaskMissedYield                       0x08004a04   Section        0  tasks.o(i.vTaskMissedYield)
    i.vTaskPlaceOnEventList                  0x08004a10   Section        0  tasks.o(i.vTaskPlaceOnEventList)
    i.vTaskPriorityInherit                   0x08004a80   Section        0  tasks.o(i.vTaskPriorityInherit)
    i.vTaskSetTimeOutState                   0x08004b30   Section        0  tasks.o(i.vTaskSetTimeOutState)
    i.vTaskStartScheduler                    0x08004b54   Section        0  tasks.o(i.vTaskStartScheduler)
    i.vTaskSuspendAll                        0x08004bb4   Section        0  tasks.o(i.vTaskSuspendAll)
    i.vTaskSwitchContext                     0x08004bc4   Section        0  tasks.o(i.vTaskSwitchContext)
    i.xPortStartScheduler                    0x08004c44   Section        0  port.o(i.xPortStartScheduler)
    i.xPortSysTickHandler                    0x08004ce4   Section        0  port.o(i.xPortSysTickHandler)
    i.xQueueGenericCreate                    0x08004d04   Section        0  queue.o(i.xQueueGenericCreate)
    i.xQueueGenericReceive                   0x08004d6e   Section        0  queue.o(i.xQueueGenericReceive)
    i.xQueueGenericReset                     0x08004ec8   Section        0  queue.o(i.xQueueGenericReset)
    i.xQueueGenericSend                      0x08004f40   Section        0  queue.o(i.xQueueGenericSend)
    i.xQueueGiveFromISR                      0x08005082   Section        0  queue.o(i.xQueueGiveFromISR)
    i.xQueueReceiveFromISR                   0x08005116   Section        0  queue.o(i.xQueueReceiveFromISR)
    i.xTaskCheckForTimeOut                   0x080051a0   Section        0  tasks.o(i.xTaskCheckForTimeOut)
    i.xTaskGenericCreate                     0x08005214   Section        0  tasks.o(i.xTaskGenericCreate)
    i.xTaskGetSchedulerState                 0x0800534c   Section        0  tasks.o(i.xTaskGetSchedulerState)
    i.xTaskIncrementTick                     0x0800536c   Section        0  tasks.o(i.xTaskIncrementTick)
    i.xTaskPriorityDisinherit                0x080054a8   Section        0  tasks.o(i.xTaskPriorityDisinherit)
    i.xTaskRemoveFromEventList               0x08005554   Section        0  tasks.o(i.xTaskRemoveFromEventList)
    i.xTaskResumeAll                         0x080055e0   Section        0  tasks.o(i.xTaskResumeAll)
    .constdata                               0x080056c8   Section       24  system_stm32f1xx.o(.constdata)
    .constdata                               0x080056e0   Section       20  task_main.o(.constdata)
    .conststring                             0x080056f4   Section        5  task_main.o(.conststring)
    .data                                    0x20000000   Section        4  stm32f1xx_hal.o(.data)
    uwTick                                   0x20000000   Data           4  stm32f1xx_hal.o(.data)
    .data                                    0x20000004   Section        1  stm32f1xx_hal_spi_ex.o(.data)
    .data                                    0x20000008   Section       24  user_diskio.o(.data)
    Stat                                     0x20000008   Data           1  user_diskio.o(.data)
    .data                                    0x20000020   Section        5  fatfs.o(.data)
    .data                                    0x20000028   Section        4  system_stm32f1xx.o(.data)
    .data                                    0x2000002c   Section       12  port.o(.data)
    uxCriticalNesting                        0x2000002c   Data           4  port.o(.data)
    ucMaxSysCallPriority                     0x20000030   Data           1  port.o(.data)
    ulMaxPRIGROUPValue                       0x20000034   Data           4  port.o(.data)
    .data                                    0x20000038   Section       24  heap_4.o(.data)
    xStart                                   0x20000038   Data           8  heap_4.o(.data)
    pxEnd                                    0x20000040   Data           4  heap_4.o(.data)
    xFreeBytesRemaining                      0x20000044   Data           4  heap_4.o(.data)
    xMinimumEverFreeBytesRemaining           0x20000048   Data           4  heap_4.o(.data)
    xBlockAllocatedBit                       0x2000004c   Data           4  heap_4.o(.data)
    .data                                    0x20000050   Section       56  tasks.o(.data)
    pxDelayedTaskList                        0x20000054   Data           4  tasks.o(.data)
    pxOverflowDelayedTaskList                0x20000058   Data           4  tasks.o(.data)
    uxTasksDeleted                           0x2000005c   Data           4  tasks.o(.data)
    uxCurrentNumberOfTasks                   0x20000060   Data           4  tasks.o(.data)
    xTickCount                               0x20000064   Data           4  tasks.o(.data)
    uxTopReadyPriority                       0x20000068   Data           4  tasks.o(.data)
    xSchedulerRunning                        0x2000006c   Data           4  tasks.o(.data)
    uxPendedTicks                            0x20000070   Data           4  tasks.o(.data)
    xYieldPending                            0x20000074   Data           4  tasks.o(.data)
    xNumOfOverflows                          0x20000078   Data           4  tasks.o(.data)
    uxTaskNumber                             0x2000007c   Data           4  tasks.o(.data)
    xNextTaskUnblockTime                     0x20000080   Data           4  tasks.o(.data)
    uxSchedulerSuspended                     0x20000084   Data           4  tasks.o(.data)
    .data                                    0x20000088   Section      552  lcd_5510_main.o(.data)
    font6x8                                  0x20000088   Data         552  lcd_5510_main.o(.data)
    .data                                    0x200002b0   Section        8  task_main.o(.data)
    .data                                    0x200002b8   Section        1  sd.o(.data)
    .data                                    0x200002bc   Section        6  ff.o(.data)
    FatFs                                    0x200002bc   Data           4  ff.o(.data)
    Fsid                                     0x200002c0   Data           2  ff.o(.data)
    .data                                    0x200002c4   Section        4  stdout.o(.data)
    .bss                                     0x200002c8   Section       60  stm32f1xx_hal_timebase_tim.o(.bss)
    .bss                                     0x20000304   Section      152  main.o(.bss)
    .bss                                     0x2000039c   Section     3072  heap_4.o(.bss)
    ucHeap                                   0x2000039c   Data        3072  heap_4.o(.bss)
    .bss                                     0x20000f9c   Section       64  queue.o(.bss)
    .bss                                     0x20000fdc   Section      240  tasks.o(.bss)
    pxReadyTasksLists                        0x20000fdc   Data         140  tasks.o(.bss)
    xDelayedTaskList1                        0x20001068   Data          20  tasks.o(.bss)
    xDelayedTaskList2                        0x2000107c   Data          20  tasks.o(.bss)
    xPendingReadyList                        0x20001090   Data          20  tasks.o(.bss)
    xTasksWaitingTermination                 0x200010a4   Data          20  tasks.o(.bss)
    xSuspendedTaskList                       0x200010b8   Data          20  tasks.o(.bss)
    .bss                                     0x200010cc   Section       24  ff.o(.bss)
    Files                                    0x200010cc   Data          24  ff.o(.bss)
    .bss                                     0x200010e4   Section       12  ff_gen_drv.o(.bss)
    STACK                                    0x200010f0   Section     1024  startup_stm32f103xb.o(STACK)

    Global Symbols

    Symbol Name                              Value     Ov Type        Size  Object(Section)

    BuildAttributes$$THM_ISAv4$P$D$K$B$S$PE$A:L22UL41UL21$X:L11$S22US41US21$IEEE1$IW$USESV6$~STKCKD$USESV7$~SHL$OSPACE$ROPI$EBA8$MICROLIB$REQ8$PRES8$EABIv2 0x00000000   Number         0  anon$$obj.o ABSOLUTE
    __ARM_use_no_argv                        0x00000000   Number         0  main.o ABSOLUTE
    _printf_a                                0x00000000   Number         0  stubs.o ABSOLUTE
    _printf_c                                0x00000000   Number         0  stubs.o ABSOLUTE
    _printf_charcount                        0x00000000   Number         0  stubs.o ABSOLUTE
    _printf_d                                0x00000000   Number         0  stubs.o ABSOLUTE
    _printf_e                                0x00000000   Number         0  stubs.o ABSOLUTE
    _printf_f                                0x00000000   Number         0  stubs.o ABSOLUTE
    _printf_flags                            0x00000000   Number         0  stubs.o ABSOLUTE
    _printf_fp_dec                           0x00000000   Number         0  stubs.o ABSOLUTE
    _printf_fp_hex                           0x00000000   Number         0  stubs.o ABSOLUTE
    _printf_g                                0x00000000   Number         0  stubs.o ABSOLUTE
    _printf_i                                0x00000000   Number         0  stubs.o ABSOLUTE
    _printf_int_dec                          0x00000000   Number         0  stubs.o ABSOLUTE
    _printf_l                                0x00000000   Number         0  stubs.o ABSOLUTE
    _printf_lc                               0x00000000   Number         0  stubs.o ABSOLUTE
    _printf_ll                               0x00000000   Number         0  stubs.o ABSOLUTE
    _printf_lld                              0x00000000   Number         0  stubs.o ABSOLUTE
    _printf_lli                              0x00000000   Number         0  stubs.o ABSOLUTE
    _printf_llo                              0x00000000   Number         0  stubs.o ABSOLUTE
    _printf_llu                              0x00000000   Number         0  stubs.o ABSOLUTE
    _printf_llx                              0x00000000   Number         0  stubs.o ABSOLUTE
    _printf_longlong_dec                     0x00000000   Number         0  stubs.o ABSOLUTE
    _printf_longlong_hex                     0x00000000   Number         0  stubs.o ABSOLUTE
    _printf_longlong_oct                     0x00000000   Number         0  stubs.o ABSOLUTE
    _printf_ls                               0x00000000   Number         0  stubs.o ABSOLUTE
    _printf_mbtowc                           0x00000000   Number         0  stubs.o ABSOLUTE
    _printf_n                                0x00000000   Number         0  stubs.o ABSOLUTE
    _printf_o                                0x00000000   Number         0  stubs.o ABSOLUTE
    _printf_p                                0x00000000   Number         0  stubs.o ABSOLUTE
    _printf_percent                          0x00000000   Number         0  stubs.o ABSOLUTE
    _printf_pre_padding                      0x00000000   Number         0  stubs.o ABSOLUTE
    _printf_return_value                     0x00000000   Number         0  stubs.o ABSOLUTE
    _printf_s                                0x00000000   Number         0  stubs.o ABSOLUTE
    _printf_sizespec                         0x00000000   Number         0  stubs.o ABSOLUTE
    _printf_str                              0x00000000   Number         0  stubs.o ABSOLUTE
    _printf_truncate_signed                  0x00000000   Number         0  stubs.o ABSOLUTE
    _printf_truncate_unsigned                0x00000000   Number         0  stubs.o ABSOLUTE
    _printf_u                                0x00000000   Number         0  stubs.o ABSOLUTE
    _printf_wc                               0x00000000   Number         0  stubs.o ABSOLUTE
    _printf_wctomb                           0x00000000   Number         0  stubs.o ABSOLUTE
    _printf_widthprec                        0x00000000   Number         0  stubs.o ABSOLUTE
    _printf_x                                0x00000000   Number         0  stubs.o ABSOLUTE
    __cpp_initialize__aeabi_                  - Undefined Weak Reference
    __cxa_finalize                            - Undefined Weak Reference
    _clock_init                               - Undefined Weak Reference
    _microlib_exit                            - Undefined Weak Reference
    __Vectors_Size                           0x000000ec   Number         0  startup_stm32f103xb.o ABSOLUTE
    __Vectors                                0x08000000   Data           4  startup_stm32f103xb.o(RESET)
    __Vectors_End                            0x080000ec   Data           0  startup_stm32f103xb.o(RESET)
    __main                                   0x080000ed   Thumb Code     0  entry.o(.ARM.Collect$$$$00000000)
    _main_stk                                0x080000ed   Thumb Code     0  entry2.o(.ARM.Collect$$$$00000001)
    _main_scatterload                        0x080000f1   Thumb Code     0  entry5.o(.ARM.Collect$$$$00000004)
    __main_after_scatterload                 0x080000f5   Thumb Code     0  entry5.o(.ARM.Collect$$$$00000004)
    _main_clock                              0x080000f5   Thumb Code     0  entry7b.o(.ARM.Collect$$$$00000008)
    _main_cpp_init                           0x080000f5   Thumb Code     0  entry8b.o(.ARM.Collect$$$$0000000A)
    _main_init                               0x080000f5   Thumb Code     0  entry9a.o(.ARM.Collect$$$$0000000B)
    __rt_final_cpp                           0x080000fd   Thumb Code     0  entry10a.o(.ARM.Collect$$$$0000000D)
    __rt_final_exit                          0x080000fd   Thumb Code     0  entry11a.o(.ARM.Collect$$$$0000000F)
    SVC_Handler                              0x08000101   Thumb Code    32  port.o(.emb_text)
    __asm___6_port_c_39a90d8d__prvStartFirstTask 0x08000125   Thumb Code    28  port.o(.emb_text)
    PendSV_Handler                           0x08000145   Thumb Code    64  port.o(.emb_text)
    ulPortSetInterruptMask                   0x08000189   Thumb Code    14  port.o(.emb_text)
    vPortClearInterruptMask                  0x08000197   Thumb Code     6  port.o(.emb_text)
    vPortGetIPSR                             0x0800019d   Thumb Code     6  port.o(.emb_text)
    Reset_Handler                            0x080001a5   Thumb Code     8  startup_stm32f103xb.o(.text)
    ADC1_2_IRQHandler                        0x080001bf   Thumb Code     0  startup_stm32f103xb.o(.text)
    CAN1_RX1_IRQHandler                      0x080001bf   Thumb Code     0  startup_stm32f103xb.o(.text)
    CAN1_SCE_IRQHandler                      0x080001bf   Thumb Code     0  startup_stm32f103xb.o(.text)
    DMA1_Channel1_IRQHandler                 0x080001bf   Thumb Code     0  startup_stm32f103xb.o(.text)
    DMA1_Channel2_IRQHandler                 0x080001bf   Thumb Code     0  startup_stm32f103xb.o(.text)
    DMA1_Channel3_IRQHandler                 0x080001bf   Thumb Code     0  startup_stm32f103xb.o(.text)
    DMA1_Channel4_IRQHandler                 0x080001bf   Thumb Code     0  startup_stm32f103xb.o(.text)
    DMA1_Channel5_IRQHandler                 0x080001bf   Thumb Code     0  startup_stm32f103xb.o(.text)
    DMA1_Channel6_IRQHandler                 0x080001bf   Thumb Code     0  startup_stm32f103xb.o(.text)
    DMA1_Channel7_IRQHandler                 0x080001bf   Thumb Code     0  startup_stm32f103xb.o(.text)
    EXTI0_IRQHandler                         0x080001bf   Thumb Code     0  startup_stm32f103xb.o(.text)
    EXTI15_10_IRQHandler                     0x080001bf   Thumb Code     0  startup_stm32f103xb.o(.text)
    EXTI1_IRQHandler                         0x080001bf   Thumb Code     0  startup_stm32f103xb.o(.text)
    EXTI2_IRQHandler                         0x080001bf   Thumb Code     0  startup_stm32f103xb.o(.text)
    EXTI3_IRQHandler                         0x080001bf   Thumb Code     0  startup_stm32f103xb.o(.text)
    EXTI4_IRQHandler                         0x080001bf   Thumb Code     0  startup_stm32f103xb.o(.text)
    EXTI9_5_IRQHandler                       0x080001bf   Thumb Code     0  startup_stm32f103xb.o(.text)
    FLASH_IRQHandler                         0x080001bf   Thumb Code     0  startup_stm32f103xb.o(.text)
    I2C1_ER_IRQHandler                       0x080001bf   Thumb Code     0  startup_stm32f103xb.o(.text)
    I2C1_EV_IRQHandler                       0x080001bf   Thumb Code     0  startup_stm32f103xb.o(.text)
    I2C2_ER_IRQHandler                       0x080001bf   Thumb Code     0  startup_stm32f103xb.o(.text)
    I2C2_EV_IRQHandler                       0x080001bf   Thumb Code     0  startup_stm32f103xb.o(.text)
    PVD_IRQHandler                           0x080001bf   Thumb Code     0  startup_stm32f103xb.o(.text)
    RCC_IRQHandler                           0x080001bf   Thumb Code     0  startup_stm32f103xb.o(.text)
    RTC_Alarm_IRQHandler                     0x080001bf   Thumb Code     0  startup_stm32f103xb.o(.text)
    RTC_IRQHandler                           0x080001bf   Thumb Code     0  startup_stm32f103xb.o(.text)
    SPI1_IRQHandler                          0x080001bf   Thumb Code     0  startup_stm32f103xb.o(.text)
    SPI2_IRQHandler                          0x080001bf   Thumb Code     0  startup_stm32f103xb.o(.text)
    TAMPER_IRQHandler                        0x080001bf   Thumb Code     0  startup_stm32f103xb.o(.text)
    TIM1_BRK_IRQHandler                      0x080001bf   Thumb Code     0  startup_stm32f103xb.o(.text)
    TIM1_CC_IRQHandler                       0x080001bf   Thumb Code     0  startup_stm32f103xb.o(.text)
    TIM1_TRG_COM_IRQHandler                  0x080001bf   Thumb Code     0  startup_stm32f103xb.o(.text)
    TIM1_UP_IRQHandler                       0x080001bf   Thumb Code     0  startup_stm32f103xb.o(.text)
    TIM2_IRQHandler                          0x080001bf   Thumb Code     0  startup_stm32f103xb.o(.text)
    TIM3_IRQHandler                          0x080001bf   Thumb Code     0  startup_stm32f103xb.o(.text)
    USART2_IRQHandler                        0x080001bf   Thumb Code     0  startup_stm32f103xb.o(.text)
    USART3_IRQHandler                        0x080001bf   Thumb Code     0  startup_stm32f103xb.o(.text)
    USBWakeUp_IRQHandler                     0x080001bf   Thumb Code     0  startup_stm32f103xb.o(.text)
    USB_HP_CAN1_TX_IRQHandler                0x080001bf   Thumb Code     0  startup_stm32f103xb.o(.text)
    USB_LP_CAN1_RX0_IRQHandler               0x080001bf   Thumb Code     0  startup_stm32f103xb.o(.text)
    WWDG_IRQHandler                          0x080001bf   Thumb Code     0  startup_stm32f103xb.o(.text)
    __aeabi_memcpy                           0x080001c9   Thumb Code    36  memcpya.o(.text)
    __aeabi_memcpy4                          0x080001c9   Thumb Code     0  memcpya.o(.text)
    __aeabi_memcpy8                          0x080001c9   Thumb Code     0  memcpya.o(.text)
    __aeabi_memset                           0x080001ed   Thumb Code    14  memseta.o(.text)
    __aeabi_memset4                          0x080001ed   Thumb Code     0  memseta.o(.text)
    __aeabi_memset8                          0x080001ed   Thumb Code     0  memseta.o(.text)
    __aeabi_memclr                           0x080001fb   Thumb Code     4  memseta.o(.text)
    __aeabi_memclr4                          0x080001fb   Thumb Code     0  memseta.o(.text)
    __aeabi_memclr8                          0x080001fb   Thumb Code     0  memseta.o(.text)
    _memset$wrapper                          0x080001ff   Thumb Code    18  memseta.o(.text)
    __aeabi_uidiv                            0x08000211   Thumb Code     0  uidiv.o(.text)
    __aeabi_uidivmod                         0x08000211   Thumb Code    44  uidiv.o(.text)
    __scatterload                            0x0800023d   Thumb Code    28  init.o(.text)
    __scatterload_rt2                        0x0800023d   Thumb Code     0  init.o(.text)
    __decompress                             0x08000261   Thumb Code     0  __dczerorl2.o(.text)
    __decompress1                            0x08000261   Thumb Code    86  __dczerorl2.o(.text)
    BusFault_Handler                         0x080002b7   Thumb Code     4  stm32f1xx_it.o(i.BusFault_Handler)
    DebugMon_Handler                         0x080002bb   Thumb Code     2  stm32f1xx_it.o(i.DebugMon_Handler)
    Error_Handler                            0x080002bd   Thumb Code     4  main.o(i.Error_Handler)
    FATFS_LinkDriver                         0x080002c1   Thumb Code    18  ff_gen_drv.o(i.FATFS_LinkDriver)
    FATFS_LinkDriverEx                       0x080002d5   Thumb Code    78  ff_gen_drv.o(i.FATFS_LinkDriverEx)
    HAL_Delay                                0x08000329   Thumb Code    26  stm32f1xx_hal.o(i.HAL_Delay)
    HAL_GPIO_Init                            0x08000345   Thumb Code   764  stm32f1xx_hal_gpio.o(i.HAL_GPIO_Init)
    HAL_GPIO_WritePin                        0x08000661   Thumb Code    12  stm32f1xx_hal_gpio.o(i.HAL_GPIO_WritePin)
    HAL_GetTick                              0x0800066d   Thumb Code     6  stm32f1xx_hal.o(i.HAL_GetTick)
    HAL_IncTick                              0x08000679   Thumb Code    12  stm32f1xx_hal.o(i.HAL_IncTick)
    HAL_Init                                 0x08000689   Thumb Code    34  stm32f1xx_hal.o(i.HAL_Init)
    HAL_InitTick                             0x080006b1   Thumb Code   118  stm32f1xx_hal_timebase_tim.o(i.HAL_InitTick)
    HAL_MspInit                              0x08000739   Thumb Code   130  stm32f1xx_hal_msp.o(i.HAL_MspInit)
    HAL_NVIC_EnableIRQ                       0x080007c5   Thumb Code    26  stm32f1xx_hal_cortex.o(i.HAL_NVIC_EnableIRQ)
    HAL_NVIC_SetPriority                     0x080007df   Thumb Code   124  stm32f1xx_hal_cortex.o(i.HAL_NVIC_SetPriority)
    HAL_NVIC_SetPriorityGrouping             0x0800085d   Thumb Code    32  stm32f1xx_hal_cortex.o(i.HAL_NVIC_SetPriorityGrouping)
    HAL_RCC_ClockConfig                      0x08000885   Thumb Code   648  stm32f1xx_hal_rcc.o(i.HAL_RCC_ClockConfig)
    HAL_RCC_GetClockConfig                   0x08000b1d   Thumb Code    58  stm32f1xx_hal_rcc.o(i.HAL_RCC_GetClockConfig)
    HAL_RCC_GetHCLKFreq                      0x08000b61   Thumb Code     6  stm32f1xx_hal_rcc.o(i.HAL_RCC_GetHCLKFreq)
    HAL_RCC_GetPCLK1Freq                     0x08000b6d   Thumb Code    36  stm32f1xx_hal_rcc.o(i.HAL_RCC_GetPCLK1Freq)
    HAL_RCC_GetPCLK2Freq                     0x08000b99   Thumb Code    36  stm32f1xx_hal_rcc.o(i.HAL_RCC_GetPCLK2Freq)
    HAL_RCC_GetSysClockFreq                  0x08000bc5   Thumb Code   146  stm32f1xx_hal_rcc.o(i.HAL_RCC_GetSysClockFreq)
    HAL_RCC_OscConfig                        0x08000c79   Thumb Code  2164  stm32f1xx_hal_rcc.o(i.HAL_RCC_OscConfig)
    HAL_SPI_Init                             0x080014f1   Thumb Code   134  stm32f1xx_hal_spi_ex.o(i.HAL_SPI_Init)
    HAL_SPI_MspInit                          0x0800157d   Thumb Code    84  stm32f1xx_hal_msp.o(i.HAL_SPI_MspInit)
    HAL_SPI_TransmitReceive                  0x080015dd   Thumb Code   836  stm32f1xx_hal_spi.o(i.HAL_SPI_TransmitReceive)
    HAL_SYSTICK_CLKSourceConfig              0x08001921   Thumb Code    40  stm32f1xx_hal_cortex.o(i.HAL_SYSTICK_CLKSourceConfig)
    HAL_SYSTICK_Config                       0x08001949   Thumb Code    52  stm32f1xx_hal_cortex.o(i.HAL_SYSTICK_Config)
    HAL_TIMEx_BreakCallback                  0x0800197d   Thumb Code     2  stm32f1xx_hal_tim_ex.o(i.HAL_TIMEx_BreakCallback)
    HAL_TIMEx_CommutationCallback            0x0800197f   Thumb Code     2  stm32f1xx_hal_tim_ex.o(i.HAL_TIMEx_CommutationCallback)
    HAL_TIM_Base_Init                        0x08001981   Thumb Code    52  stm32f1xx_hal_tim.o(i.HAL_TIM_Base_Init)
    HAL_TIM_Base_MspInit                     0x080019b5   Thumb Code     2  stm32f1xx_hal_tim.o(i.HAL_TIM_Base_MspInit)
    HAL_TIM_Base_Start_IT                    0x080019b7   Thumb Code    30  stm32f1xx_hal_tim.o(i.HAL_TIM_Base_Start_IT)
    HAL_TIM_IC_CaptureCallback               0x080019d5   Thumb Code     2  stm32f1xx_hal_tim.o(i.HAL_TIM_IC_CaptureCallback)
    HAL_TIM_IRQHandler                       0x080019d7   Thumb Code   406  stm32f1xx_hal_tim.o(i.HAL_TIM_IRQHandler)
    HAL_TIM_OC_DelayElapsedCallback          0x08001b6d   Thumb Code     2  stm32f1xx_hal_tim.o(i.HAL_TIM_OC_DelayElapsedCallback)
    HAL_TIM_PWM_PulseFinishedCallback        0x08001b6f   Thumb Code     2  stm32f1xx_hal_tim.o(i.HAL_TIM_PWM_PulseFinishedCallback)
    HAL_TIM_PeriodElapsedCallback            0x08001b71   Thumb Code    18  main.o(i.HAL_TIM_PeriodElapsedCallback)
    HAL_TIM_TriggerCallback                  0x08001b89   Thumb Code     2  stm32f1xx_hal_tim.o(i.HAL_TIM_TriggerCallback)
    HAL_UART_ErrorCallback                   0x08001b8b   Thumb Code     2  stm32f1xx_hal_uart.o(i.HAL_UART_ErrorCallback)
    HAL_UART_IRQHandler                      0x08001b8d   Thumb Code   218  stm32f1xx_hal_uart.o(i.HAL_UART_IRQHandler)
    HAL_UART_Init                            0x08001c67   Thumb Code   110  stm32f1xx_hal_uart.o(i.HAL_UART_Init)
    HAL_UART_MspInit                         0x08001cd5   Thumb Code   102  stm32f1xx_hal_msp.o(i.HAL_UART_MspInit)
    HAL_UART_RxCpltCallback                  0x08001d49   Thumb Code     2  stm32f1xx_hal_uart.o(i.HAL_UART_RxCpltCallback)
    HAL_UART_Transmit                        0x08001d4b   Thumb Code   240  stm32f1xx_hal_uart.o(i.HAL_UART_Transmit)
    HAL_UART_TxCpltCallback                  0x08001e3b   Thumb Code     2  stm32f1xx_hal_uart.o(i.HAL_UART_TxCpltCallback)
    HardFault_Handler                        0x08001e3d   Thumb Code     4  stm32f1xx_it.o(i.HardFault_Handler)
    LCD_clear                                0x08001e41   Thumb Code    40  lcd_5510_main.o(i.LCD_clear)
    LCD_init                                 0x08001e69   Thumb Code   214  lcd_5510_main.o(i.LCD_init)
    LCD_set_XY                               0x08001f49   Thumb Code    28  lcd_5510_main.o(i.LCD_set_XY)
    LCD_write_byte                           0x08001f65   Thumb Code   118  lcd_5510_main.o(i.LCD_write_byte)
    LCD_write_char                           0x08001fe5   Thumb Code    42  lcd_5510_main.o(i.LCD_write_char)
    LCD_write_english_string                 0x08002015   Thumb Code    34  lcd_5510_main.o(i.LCD_write_english_string)
    MX_FATFS_Init                            0x08002039   Thumb Code    28  fatfs.o(i.MX_FATFS_Init)
    MemManage_Handler                        0x08002211   Thumb Code     4  stm32f1xx_it.o(i.MemManage_Handler)
    NMI_Handler                              0x08002215   Thumb Code     2  stm32f1xx_it.o(i.NMI_Handler)
    SD_DisSelect                             0x08002251   Thumb Code    20  sd.o(i.SD_DisSelect)
    SD_GetCSD                                0x08002269   Thumb Code    42  sd.o(i.SD_GetCSD)
    SD_GetResponse                           0x08002293   Thumb Code    38  sd.o(i.SD_GetResponse)
    SD_GetSectorCount                        0x080022b9   Thumb Code   138  sd.o(i.SD_GetSectorCount)
    SD_ReadDisk                              0x0800235d   Thumb Code   112  sd.o(i.SD_ReadDisk)
    SD_RecvData                              0x080023d1   Thumb Code    56  sd.o(i.SD_RecvData)
    SD_Select                                0x08002409   Thumb Code    30  sd.o(i.SD_Select)
    SD_SendBlock                             0x0800242d   Thumb Code    82  sd.o(i.SD_SendBlock)
    SD_SendCmd                               0x0800247f   Thumb Code   120  sd.o(i.SD_SendCmd)
    SD_WaitReady                             0x080024f7   Thumb Code    34  sd.o(i.SD_WaitReady)
    SD_WriteDisk                             0x08002519   Thumb Code   140  sd.o(i.SD_WriteDisk)
    SysTick_Handler                          0x080026bd   Thumb Code     8  stm32f1xx_it.o(i.SysTick_Handler)
    SystemClock_Config                       0x080026c5   Thumb Code   120  main.o(i.SystemClock_Config)
    SystemInit                               0x0800273d   Thumb Code    70  system_stm32f1xx.o(i.SystemInit)
    TIM4_IRQHandler                          0x08002795   Thumb Code    10  stm32f1xx_it.o(i.TIM4_IRQHandler)
    TIM_Base_SetConfig                       0x080027a5   Thumb Code    94  stm32f1xx_hal_tim.o(i.TIM_Base_SetConfig)
    USART1_IRQHandler                        0x08002c31   Thumb Code    10  stm32f1xx_it.o(i.USART1_IRQHandler)
    USER_initialize                          0x08002c41   Thumb Code    76  user_diskio.o(i.USER_initialize)
    USER_ioctl                               0x08002cbd   Thumb Code    76  user_diskio.o(i.USER_ioctl)
    USER_read                                0x08002d09   Thumb Code    88  user_diskio.o(i.USER_read)
    USER_status                              0x08002d71   Thumb Code    14  user_diskio.o(i.USER_status)
    USER_write                               0x08002d85   Thumb Code    62  user_diskio.o(i.USER_write)
    UsageFault_Handler                       0x08002dc3   Thumb Code     4  stm32f1xx_it.o(i.UsageFault_Handler)
    __0printf$6                              0x08002dc9   Thumb Code    22  printf6.o(i.__0printf$6)
    __1printf$6                              0x08002dc9   Thumb Code     0  printf6.o(i.__0printf$6)
    __2printf                                0x08002dc9   Thumb Code     0  printf6.o(i.__0printf$6)
    __scatterload_copy                       0x08002de9   Thumb Code    14  handlers.o(i.__scatterload_copy)
    __scatterload_null                       0x08002df7   Thumb Code     2  handlers.o(i.__scatterload_null)
    __scatterload_zeroinit                   0x08002df9   Thumb Code    14  handlers.o(i.__scatterload_zeroinit)
    disk_initialize                          0x08003215   Thumb Code    40  diskio.o(i.disk_initialize)
    disk_read                                0x08003241   Thumb Code    42  diskio.o(i.disk_read)
    disk_status                              0x08003271   Thumb Code    24  diskio.o(i.disk_status)
    disk_write                               0x0800328d   Thumb Code    42  diskio.o(i.disk_write)
    dispaly_module_init                      0x080032bd   Thumb Code    72  display.o(i.dispaly_module_init)
    f_getfree                                0x08003341   Thumb Code   290  ff.o(i.f_getfree)
    f_mount                                  0x08003465   Thumb Code   136  ff.o(i.f_mount)
    ff_cre_syncobj                           0x080034f1   Thumb Code    36  syscall.o(i.ff_cre_syncobj)
    ff_del_syncobj                           0x08003515   Thumb Code    14  syscall.o(i.ff_del_syncobj)
    ff_rel_grant                             0x08003523   Thumb Code    12  syscall.o(i.ff_rel_grant)
    ff_req_grant                             0x0800352f   Thumb Code    24  syscall.o(i.ff_req_grant)
    fputc                                    0x08003945   Thumb Code    22  shell.o(i.fputc)
    get_fat                                  0x08003961   Thumb Code   278  ff.o(i.get_fat)
    get_sd_free                              0x08003ac1   Thumb Code    70  fat_opt.o(i.get_sd_free)
    main                                     0x08003b8f   Thumb Code    32  main.o(i.main)
    osDelay                                  0x08003bf5   Thumb Code    24  cmsis_os.o(i.osDelay)
    osKernelStart                            0x08003c0d   Thumb Code    10  cmsis_os.o(i.osKernelStart)
    osSemaphoreCreate                        0x08003c17   Thumb Code    44  cmsis_os.o(i.osSemaphoreCreate)
    osSemaphoreDelete                        0x08003c43   Thumb Code    24  cmsis_os.o(i.osSemaphoreDelete)
    osSemaphoreRelease                       0x08003c5d   Thumb Code    68  cmsis_os.o(i.osSemaphoreRelease)
    osSemaphoreWait                          0x08003ca5   Thumb Code    96  cmsis_os.o(i.osSemaphoreWait)
    osSystickHandler                         0x08003d09   Thumb Code    16  cmsis_os.o(i.osSystickHandler)
    osThreadCreate                           0x08003d19   Thumb Code    58  cmsis_os.o(i.osThreadCreate)
    pvPortMalloc                             0x080041e5   Thumb Code   254  heap_4.o(i.pvPortMalloc)
    pvTaskIncrementMutexHeldCount            0x080042f9   Thumb Code    26  tasks.o(i.pvTaskIncrementMutexHeldCount)
    pxPortInitialiseStack                    0x08004319   Thumb Code    26  port.o(i.pxPortInitialiseStack)
    sd_init                                  0x08004339   Thumb Code   388  sd.o(i.sd_init)
    sd_spi_init                              0x080044cd   Thumb Code    34  sd.o(i.sd_spi_init)
    set_spi_speedhight                       0x080044f5   Thumb Code    84  sd.o(i.set_spi_speedhight)
    set_spi_speedlow                         0x08004561   Thumb Code    48  sd.o(i.set_spi_speedlow)
    spi_readwritebyte                        0x080045a5   Thumb Code    34  sd.o(i.spi_readwritebyte)
    task_main                                0x08004631   Thumb Code   120  task_main.o(i.task_main)
    thread_init                              0x080046ed   Thumb Code    30  task_main.o(i.thread_init)
    uxListRemove                             0x08004737   Thumb Code    40  list.o(i.uxListRemove)
    vListInitialise                          0x0800475f   Thumb Code    26  list.o(i.vListInitialise)
    vListInitialiseItem                      0x08004779   Thumb Code     6  list.o(i.vListInitialiseItem)
    vListInsert                              0x0800477f   Thumb Code    52  list.o(i.vListInsert)
    vListInsertEnd                           0x080047b3   Thumb Code    24  list.o(i.vListInsertEnd)
    vPortEnterCritical                       0x080047cd   Thumb Code    58  port.o(i.vPortEnterCritical)
    vPortExitCritical                        0x08004811   Thumb Code    40  port.o(i.vPortExitCritical)
    vPortFree                                0x0800483d   Thumb Code   112  heap_4.o(i.vPortFree)
    vPortSetupTimerInterrupt                 0x080048b5   Thumb Code    26  port.o(i.vPortSetupTimerInterrupt)
    vPortValidateInterruptPriority           0x080048d5   Thumb Code    78  port.o(i.vPortValidateInterruptPriority)
    vPortYield                               0x08004931   Thumb Code    18  port.o(i.vPortYield)
    vQueueDelete                             0x08004949   Thumb Code    30  queue.o(i.vQueueDelete)
    vQueueUnregisterQueue                    0x08004969   Thumb Code    38  queue.o(i.vQueueUnregisterQueue)
    vTaskDelay                               0x08004995   Thumb Code    94  tasks.o(i.vTaskDelay)
    vTaskMissedYield                         0x08004a05   Thumb Code     8  tasks.o(i.vTaskMissedYield)
    vTaskPlaceOnEventList                    0x08004a11   Thumb Code    94  tasks.o(i.vTaskPlaceOnEventList)
    vTaskPriorityInherit                     0x08004a81   Thumb Code   164  tasks.o(i.vTaskPriorityInherit)
    vTaskSetTimeOutState                     0x08004b31   Thumb Code    28  tasks.o(i.vTaskSetTimeOutState)
    vTaskStartScheduler                      0x08004b55   Thumb Code    70  tasks.o(i.vTaskStartScheduler)
    vTaskSuspendAll                          0x08004bb5   Thumb Code    12  tasks.o(i.vTaskSuspendAll)
    vTaskSwitchContext                       0x08004bc5   Thumb Code   106  tasks.o(i.vTaskSwitchContext)
    xPortStartScheduler                      0x08004c45   Thumb Code   140  port.o(i.xPortStartScheduler)
    xPortSysTickHandler                      0x08004ce5   Thumb Code    28  port.o(i.xPortSysTickHandler)
    xQueueGenericCreate                      0x08004d05   Thumb Code   106  queue.o(i.xQueueGenericCreate)
    xQueueGenericReceive                     0x08004d6f   Thumb Code   346  queue.o(i.xQueueGenericReceive)
    xQueueGenericReset                       0x08004ec9   Thumb Code   120  queue.o(i.xQueueGenericReset)
    xQueueGenericSend                        0x08004f41   Thumb Code   322  queue.o(i.xQueueGenericSend)
    xQueueGiveFromISR                        0x08005083   Thumb Code   148  queue.o(i.xQueueGiveFromISR)
    xQueueReceiveFromISR                     0x08005117   Thumb Code   136  queue.o(i.xQueueReceiveFromISR)
    xTaskCheckForTimeOut                     0x080051a1   Thumb Code   108  tasks.o(i.xTaskCheckForTimeOut)
    xTaskGenericCreate                       0x08005215   Thumb Code   288  tasks.o(i.xTaskGenericCreate)
    xTaskGetSchedulerState                   0x0800534d   Thumb Code    24  tasks.o(i.xTaskGetSchedulerState)
    xTaskIncrementTick                       0x0800536d   Thumb Code   272  tasks.o(i.xTaskIncrementTick)
    xTaskPriorityDisinherit                  0x080054a9   Thumb Code   160  tasks.o(i.xTaskPriorityDisinherit)
    xTaskRemoveFromEventList                 0x08005555   Thumb Code   114  tasks.o(i.xTaskRemoveFromEventList)
    xTaskResumeAll                           0x080055e1   Thumb Code   200  tasks.o(i.xTaskResumeAll)
    AHBPrescTable                            0x080056c8   Data          16  system_stm32f1xx.o(.constdata)
    APBPrescTable                            0x080056d8   Data           8  system_stm32f1xx.o(.constdata)
    Region$$Table$$Base                      0x080056fc   Number         0  anon$$obj.o(Region$$Table)
    Region$$Table$$Limit                     0x0800571c   Number         0  anon$$obj.o(Region$$Table)
    uCRCErrorWorkaroundCheck                 0x20000004   Data           1  stm32f1xx_hal_spi_ex.o(.data)
    USER_Driver                              0x2000000c   Data          20  user_diskio.o(.data)
    retUSER                                  0x20000020   Data           1  fatfs.o(.data)
    USER_Path                                0x20000021   Data           4  fatfs.o(.data)
    SystemCoreClock                          0x20000028   Data           4  system_stm32f1xx.o(.data)
    pxCurrentTCB                             0x20000050   Data           4  tasks.o(.data)
    TaskHandle                               0x200002b0   Data           4  task_main.o(.data)
    Shellhandle                              0x200002b4   Data           4  task_main.o(.data)
    SD_Type                                  0x200002b8   Data           1  sd.o(.data)
    __stdout                                 0x200002c4   Data           4  stdout.o(.data)
    htim4                                    0x200002c8   Data          60  stm32f1xx_hal_timebase_tim.o(.bss)
    hspi1                                    0x20000304   Data          88  main.o(.bss)
    huart1                                   0x2000035c   Data          64  main.o(.bss)
    xQueueRegistry                           0x20000f9c   Data          64  queue.o(.bss)
    disk                                     0x200010e4   Data          12  ff_gen_drv.o(.bss)
    __initial_sp                             0x200014f0   Data           0  startup_stm32f103xb.o(STACK)



==============================================================================

Memory Map of the image

  Image Entry point : 0x080000ed

  Load Region LR_IROM1 (Base: 0x08000000, Size: 0x000059e4, Max: 0x00020000, ABSOLUTE, COMPRESSED[0x000058f4])

    Execution Region ER_IROM1 (Base: 0x08000000, Size: 0x0000571c, Max: 0x00020000, ABSOLUTE)

    Base Addr    Size         Type   Attr      Idx    E Section Name        Object

    0x08000000   0x000000ec   Data   RO         2876    RESET               startup_stm32f103xb.o
    0x080000ec   0x00000000   Code   RO         4800  * .ARM.Collect$$$$00000000  mc_w.l(entry.o)
    0x080000ec   0x00000004   Code   RO         5074    .ARM.Collect$$$$00000001  mc_w.l(entry2.o)
    0x080000f0   0x00000004   Code   RO         5077    .ARM.Collect$$$$00000004  mc_w.l(entry5.o)
    0x080000f4   0x00000000   Code   RO         5079    .ARM.Collect$$$$00000008  mc_w.l(entry7b.o)
    0x080000f4   0x00000000   Code   RO         5081    .ARM.Collect$$$$0000000A  mc_w.l(entry8b.o)
    0x080000f4   0x00000008   Code   RO         5082    .ARM.Collect$$$$0000000B  mc_w.l(entry9a.o)
    0x080000fc   0x00000000   Code   RO         5084    .ARM.Collect$$$$0000000D  mc_w.l(entry10a.o)
    0x080000fc   0x00000000   Code   RO         5086    .ARM.Collect$$$$0000000F  mc_w.l(entry11a.o)
    0x080000fc   0x00000004   Code   RO         5075    .ARM.Collect$$$$00002712  mc_w.l(entry2.o)
    0x08000100   0x000000a2   Code   RO         2890    .emb_text           port.o
    0x080001a2   0x00000002   PAD
    0x080001a4   0x00000024   Code   RO         2877    .text               startup_stm32f103xb.o
    0x080001c8   0x00000024   Code   RO         4805    .text               mc_w.l(memcpya.o)
    0x080001ec   0x00000024   Code   RO         4807    .text               mc_w.l(memseta.o)
    0x08000210   0x0000002c   Code   RO         5089    .text               mc_w.l(uidiv.o)
    0x0800023c   0x00000024   Code   RO         5104    .text               mc_w.l(init.o)
    0x08000260   0x00000056   Code   RO         5120    .text               mc_w.l(__dczerorl2.o)
    0x080002b6   0x00000004   Code   RO         2435    i.BusFault_Handler  stm32f1xx_it.o
    0x080002ba   0x00000002   Code   RO         2436    i.DebugMon_Handler  stm32f1xx_it.o
    0x080002bc   0x00000004   Code   RO         2556    i.Error_Handler     main.o
    0x080002c0   0x00000012   Code   RO         4753    i.FATFS_LinkDriver  ff_gen_drv.o
    0x080002d2   0x00000002   PAD
    0x080002d4   0x00000054   Code   RO         4754    i.FATFS_LinkDriverEx  ff_gen_drv.o
    0x08000328   0x0000001a   Code   RO          325    i.HAL_Delay         stm32f1xx_hal.o
    0x08000342   0x00000002   PAD
    0x08000344   0x0000031c   Code   RO            7    i.HAL_GPIO_Init     stm32f1xx_hal_gpio.o
    0x08000660   0x0000000c   Code   RO           11    i.HAL_GPIO_WritePin  stm32f1xx_hal_gpio.o
    0x0800066c   0x0000000c   Code   RO          329    i.HAL_GetTick       stm32f1xx_hal.o
    0x08000678   0x00000010   Code   RO          330    i.HAL_IncTick       stm32f1xx_hal.o
    0x08000688   0x00000028   Code   RO          331    i.HAL_Init          stm32f1xx_hal.o
    0x080006b0   0x00000088   Code   RO         2395    i.HAL_InitTick      stm32f1xx_hal_timebase_tim.o
    0x08000738   0x0000008c   Code   RO         2683    i.HAL_MspInit       stm32f1xx_hal_msp.o
    0x080007c4   0x0000001a   Code   RO          162    i.HAL_NVIC_EnableIRQ  stm32f1xx_hal_cortex.o
    0x080007de   0x0000007c   Code   RO          168    i.HAL_NVIC_SetPriority  stm32f1xx_hal_cortex.o
    0x0800085a   0x00000002   PAD
    0x0800085c   0x00000028   Code   RO          169    i.HAL_NVIC_SetPriorityGrouping  stm32f1xx_hal_cortex.o
    0x08000884   0x00000298   Code   RO          453    i.HAL_RCC_ClockConfig  stm32f1xx_hal_rcc.o
    0x08000b1c   0x00000044   Code   RO          457    i.HAL_RCC_GetClockConfig  stm32f1xx_hal_rcc.o
    0x08000b60   0x0000000c   Code   RO          458    i.HAL_RCC_GetHCLKFreq  stm32f1xx_hal_rcc.o
    0x08000b6c   0x0000002c   Code   RO          460    i.HAL_RCC_GetPCLK1Freq  stm32f1xx_hal_rcc.o
    0x08000b98   0x0000002c   Code   RO          461    i.HAL_RCC_GetPCLK2Freq  stm32f1xx_hal_rcc.o
    0x08000bc4   0x000000b4   Code   RO          462    i.HAL_RCC_GetSysClockFreq  stm32f1xx_hal_rcc.o
    0x08000c78   0x00000878   Code   RO          465    i.HAL_RCC_OscConfig  stm32f1xx_hal_rcc.o
    0x080014f0   0x0000008c   Code   RO         2362    i.HAL_SPI_Init      stm32f1xx_hal_spi_ex.o
    0x0800157c   0x00000060   Code   RO         2685    i.HAL_SPI_MspInit   stm32f1xx_hal_msp.o
    0x080015dc   0x00000344   Code   RO         2134    i.HAL_SPI_TransmitReceive  stm32f1xx_hal_spi.o
    0x08001920   0x00000028   Code   RO          171    i.HAL_SYSTICK_CLKSourceConfig  stm32f1xx_hal_cortex.o
    0x08001948   0x00000034   Code   RO          173    i.HAL_SYSTICK_Config  stm32f1xx_hal_cortex.o
    0x0800197c   0x00000002   Code   RO          792    i.HAL_TIMEx_BreakCallback  stm32f1xx_hal_tim_ex.o
    0x0800197e   0x00000002   Code   RO          793    i.HAL_TIMEx_CommutationCallback  stm32f1xx_hal_tim_ex.o
    0x08001980   0x00000034   Code   RO         1372    i.HAL_TIM_Base_Init  stm32f1xx_hal_tim.o
    0x080019b4   0x00000002   Code   RO         1374    i.HAL_TIM_Base_MspInit  stm32f1xx_hal_tim.o
    0x080019b6   0x0000001e   Code   RO         1377    i.HAL_TIM_Base_Start_IT  stm32f1xx_hal_tim.o
    0x080019d4   0x00000002   Code   RO         1401    i.HAL_TIM_IC_CaptureCallback  stm32f1xx_hal_tim.o
    0x080019d6   0x00000196   Code   RO         1414    i.HAL_TIM_IRQHandler  stm32f1xx_hal_tim.o
    0x08001b6c   0x00000002   Code   RO         1417    i.HAL_TIM_OC_DelayElapsedCallback  stm32f1xx_hal_tim.o
    0x08001b6e   0x00000002   Code   RO         1444    i.HAL_TIM_PWM_PulseFinishedCallback  stm32f1xx_hal_tim.o
    0x08001b70   0x00000018   Code   RO         2557    i.HAL_TIM_PeriodElapsedCallback  main.o
    0x08001b88   0x00000002   Code   RO         1455    i.HAL_TIM_TriggerCallback  stm32f1xx_hal_tim.o
    0x08001b8a   0x00000002   Code   RO         1140    i.HAL_UART_ErrorCallback  stm32f1xx_hal_uart.o
    0x08001b8c   0x000000da   Code   RO         1143    i.HAL_UART_IRQHandler  stm32f1xx_hal_uart.o
    0x08001c66   0x0000006e   Code   RO         1144    i.HAL_UART_Init     stm32f1xx_hal_uart.o
    0x08001cd4   0x00000074   Code   RO         2687    i.HAL_UART_MspInit  stm32f1xx_hal_msp.o
    0x08001d48   0x00000002   Code   RO         1150    i.HAL_UART_RxCpltCallback  stm32f1xx_hal_uart.o
    0x08001d4a   0x000000f0   Code   RO         1152    i.HAL_UART_Transmit  stm32f1xx_hal_uart.o
    0x08001e3a   0x00000002   Code   RO         1155    i.HAL_UART_TxCpltCallback  stm32f1xx_hal_uart.o
    0x08001e3c   0x00000004   Code   RO         2437    i.HardFault_Handler  stm32f1xx_it.o
    0x08001e40   0x00000028   Code   RO         3923    i.LCD_clear         lcd_5510_main.o
    0x08001e68   0x000000e0   Code   RO         3925    i.LCD_init          lcd_5510_main.o
    0x08001f48   0x0000001c   Code   RO         3926    i.LCD_set_XY        lcd_5510_main.o
    0x08001f64   0x00000080   Code   RO         3927    i.LCD_write_byte    lcd_5510_main.o
    0x08001fe4   0x00000030   Code   RO         3928    i.LCD_write_char    lcd_5510_main.o
    0x08002014   0x00000022   Code   RO         3929    i.LCD_write_english_string  lcd_5510_main.o
    0x08002036   0x00000002   PAD
    0x08002038   0x00000048   Code   RO         2801    i.MX_FATFS_Init     fatfs.o
    0x08002080   0x00000110   Code   RO         2558    i.MX_GPIO_Init      main.o
    0x08002190   0x00000048   Code   RO         2559    i.MX_SPI1_Init      main.o
    0x080021d8   0x00000038   Code   RO         2560    i.MX_USART1_UART_Init  main.o
    0x08002210   0x00000004   Code   RO         2438    i.MemManage_Handler  stm32f1xx_it.o
    0x08002214   0x00000002   Code   RO         2439    i.NMI_Handler       stm32f1xx_it.o
    0x08002216   0x00000002   PAD
    0x08002218   0x00000010   Code   RO          175    i.NVIC_GetPriorityGrouping  stm32f1xx_hal_cortex.o
    0x08002228   0x00000028   Code   RO          176    i.NVIC_SetPriority  stm32f1xx_hal_cortex.o
    0x08002250   0x00000018   Code   RO         4162    i.SD_DisSelect      sd.o
    0x08002268   0x0000002a   Code   RO         4164    i.SD_GetCSD         sd.o
    0x08002292   0x00000026   Code   RO         4165    i.SD_GetResponse    sd.o
    0x080022b8   0x000000a4   Code   RO         4166    i.SD_GetSectorCount  sd.o
    0x0800235c   0x00000074   Code   RO         4167    i.SD_ReadDisk       sd.o
    0x080023d0   0x00000038   Code   RO         4168    i.SD_RecvData       sd.o
    0x08002408   0x00000024   Code   RO         4169    i.SD_Select         sd.o
    0x0800242c   0x00000052   Code   RO         4170    i.SD_SendBlock      sd.o
    0x0800247e   0x00000078   Code   RO         4171    i.SD_SendCmd        sd.o
    0x080024f6   0x00000022   Code   RO         4172    i.SD_WaitReady      sd.o
    0x08002518   0x00000090   Code   RO         4173    i.SD_WriteDisk      sd.o
    0x080025a8   0x00000114   Code   RO         2156    i.SPI_WaitOnFlagUntilTimeout  stm32f1xx_hal_spi.o
    0x080026bc   0x00000008   Code   RO         2440    i.SysTick_Handler   stm32f1xx_it.o
    0x080026c4   0x00000078   Code   RO         2561    i.SystemClock_Config  main.o
    0x0800273c   0x00000058   Code   RO         2841    i.SystemInit        system_stm32f1xx.o
    0x08002794   0x00000010   Code   RO         2441    i.TIM4_IRQHandler   stm32f1xx_it.o
    0x080027a4   0x0000006c   Code   RO         1456    i.TIM_Base_SetConfig  stm32f1xx_hal_tim.o
    0x08002810   0x00000030   Code   RO         1162    i.UART_EndTransmit_IT  stm32f1xx_hal_uart.o
    0x08002840   0x000000bc   Code   RO         1163    i.UART_Receive_IT   stm32f1xx_hal_uart.o
    0x080028fc   0x000001c8   Code   RO         1164    i.UART_SetConfig    stm32f1xx_hal_uart.o
    0x08002ac4   0x00000070   Code   RO         1165    i.UART_Transmit_IT  stm32f1xx_hal_uart.o
    0x08002b34   0x000000fa   Code   RO         1166    i.UART_WaitOnFlagUntilTimeout  stm32f1xx_hal_uart.o
    0x08002c2e   0x00000002   PAD
    0x08002c30   0x00000010   Code   RO         2442    i.USART1_IRQHandler  stm32f1xx_it.o
    0x08002c40   0x0000007c   Code   RO         2731    i.USER_initialize   user_diskio.o
    0x08002cbc   0x0000004c   Code   RO         2732    i.USER_ioctl        user_diskio.o
    0x08002d08   0x00000068   Code   RO         2733    i.USER_read         user_diskio.o
    0x08002d70   0x00000014   Code   RO         2734    i.USER_status       user_diskio.o
    0x08002d84   0x0000003e   Code   RO         2735    i.USER_write        user_diskio.o
    0x08002dc2   0x00000004   Code   RO         2443    i.UsageFault_Handler  stm32f1xx_it.o
    0x08002dc6   0x00000002   PAD
    0x08002dc8   0x00000020   Code   RO         4968    i.__0printf$6       mc_w.l(printf6.o)
    0x08002de8   0x0000000e   Code   RO         5114    i.__scatterload_copy  mc_w.l(handlers.o)
    0x08002df6   0x00000002   Code   RO         5115    i.__scatterload_null  mc_w.l(handlers.o)
    0x08002df8   0x0000000e   Code   RO         5116    i.__scatterload_zeroinit  mc_w.l(handlers.o)
    0x08002e06   0x00000002   PAD
    0x08002e08   0x000002f0   Code   RO         4975    i._printf_core      mc_w.l(printf6.o)
    0x080030f8   0x00000024   Code   RO         4976    i._printf_post_padding  mc_w.l(printf6.o)
    0x0800311c   0x0000002e   Code   RO         4977    i._printf_pre_padding  mc_w.l(printf6.o)
    0x0800314a   0x00000002   PAD
    0x0800314c   0x00000098   Code   RO         4287    i.check_fs          ff.o
    0x080031e4   0x00000030   Code   RO         4290    i.clear_lock        ff.o
    0x08003214   0x0000002c   Code   RO         4697    i.disk_initialize   diskio.o
    0x08003240   0x00000030   Code   RO         4699    i.disk_read         diskio.o
    0x08003270   0x0000001c   Code   RO         4700    i.disk_status       diskio.o
    0x0800328c   0x00000030   Code   RO         4701    i.disk_write        diskio.o
    0x080032bc   0x00000084   Code   RO         4090    i.dispaly_module_init  display.o
    0x08003340   0x00000122   Code   RO         4307    i.f_getfree         ff.o
    0x08003462   0x00000002   PAD
    0x08003464   0x0000008c   Code   RO         4312    i.f_mount           ff.o
    0x080034f0   0x00000024   Code   RO         4645    i.ff_cre_syncobj    syscall.o
    0x08003514   0x0000000e   Code   RO         4646    i.ff_del_syncobj    syscall.o
    0x08003522   0x0000000c   Code   RO         4647    i.ff_rel_grant      syscall.o
    0x0800352e   0x00000018   Code   RO         4648    i.ff_req_grant      syscall.o
    0x08003546   0x00000002   PAD
    0x08003548   0x000003fc   Code   RO         4327    i.find_volume       ff.o
    0x08003944   0x0000001c   Code   RO         3994    i.fputc             shell.o
    0x08003960   0x00000116   Code   RO         4329    i.get_fat           ff.o
    0x08003a76   0x0000004a   Code   RO         4331    i.get_ldnumber      ff.o
    0x08003ac0   0x000000b0   Code   RO         4035    i.get_sd_free       fat_opt.o
    0x08003b70   0x00000010   Code   RO         3255    i.inHandlerMode     cmsis_os.o
    0x08003b80   0x0000000e   Code   RO         4334    i.lock_fs           ff.o
    0x08003b8e   0x00000020   Code   RO         2563    i.main              main.o
    0x08003bae   0x0000000e   Code   RO         3257    i.makeFreeRtosPriority  cmsis_os.o
    0x08003bbc   0x00000038   Code   RO         4338    i.move_window       ff.o
    0x08003bf4   0x00000018   Code   RO         3258    i.osDelay           cmsis_os.o
    0x08003c0c   0x0000000a   Code   RO         3261    i.osKernelStart     cmsis_os.o
    0x08003c16   0x0000002c   Code   RO         3284    i.osSemaphoreCreate  cmsis_os.o
    0x08003c42   0x00000018   Code   RO         3285    i.osSemaphoreDelete  cmsis_os.o
    0x08003c5a   0x00000002   PAD
    0x08003c5c   0x00000048   Code   RO         3286    i.osSemaphoreRelease  cmsis_os.o
    0x08003ca4   0x00000064   Code   RO         3287    i.osSemaphoreWait   cmsis_os.o
    0x08003d08   0x00000010   Code   RO         3290    i.osSystickHandler  cmsis_os.o
    0x08003d18   0x0000003a   Code   RO         3291    i.osThreadCreate    cmsis_os.o
    0x08003d52   0x00000002   PAD
    0x08003d54   0x00000054   Code   RO         3576    i.prvAddCurrentTaskToDelayedList  tasks.o
    0x08003da8   0x00000042   Code   RO         3577    i.prvAllocateTCBAndStack  tasks.o
    0x08003dea   0x00000002   PAD
    0x08003dec   0x00000064   Code   RO         3578    i.prvCheckTasksWaitingTermination  tasks.o
    0x08003e50   0x0000002a   Code   RO         3019    i.prvCopyDataFromQueue  queue.o
    0x08003e7a   0x00000080   Code   RO         3020    i.prvCopyDataToQueue  queue.o
    0x08003efa   0x00000012   Code   RO         3579    i.prvDeleteTCB      tasks.o
    0x08003f0c   0x0000007c   Code   RO         2961    i.prvHeapInit       heap_4.o
    0x08003f88   0x00000018   Code   RO         3580    i.prvIdleTask       tasks.o
    0x08003fa0   0x00000062   Code   RO         3581    i.prvInitialiseTCBVariables  tasks.o
    0x08004002   0x00000002   PAD
    0x08004004   0x00000068   Code   RO         3582    i.prvInitialiseTaskLists  tasks.o
    0x0800406c   0x00000068   Code   RO         2962    i.prvInsertBlockIntoFreeList  heap_4.o
    0x080040d4   0x0000001a   Code   RO         3021    i.prvIsQueueEmpty   queue.o
    0x080040ee   0x0000001e   Code   RO         3022    i.prvIsQueueFull    queue.o
    0x0800410c   0x00000034   Code   RO         3584    i.prvResetNextTaskUnblockTime  tasks.o
    0x08004140   0x00000024   Code   RO         2891    i.prvTaskExitError  port.o
    0x08004164   0x0000007e   Code   RO         3023    i.prvUnlockQueue    queue.o
    0x080041e2   0x00000002   PAD
    0x080041e4   0x00000114   Code   RO         2963    i.pvPortMalloc      heap_4.o
    0x080042f8   0x00000020   Code   RO         3587    i.pvTaskIncrementMutexHeldCount  tasks.o
    0x08004318   0x00000020   Code   RO         2892    i.pxPortInitialiseStack  port.o
    0x08004338   0x00000194   Code   RO         4174    i.sd_init           sd.o
    0x080044cc   0x00000028   Code   RO         4175    i.sd_spi_init       sd.o
    0x080044f4   0x0000006c   Code   RO         4176    i.set_spi_speedhight  sd.o
    0x08004560   0x00000044   Code   RO         4177    i.set_spi_speedlow  sd.o
    0x080045a4   0x00000028   Code   RO         4178    i.spi_readwritebyte  sd.o
    0x080045cc   0x00000062   Code   RO         4344    i.sync_window       ff.o
    0x0800462e   0x00000002   PAD
    0x08004630   0x000000bc   Code   RO         4114    i.task_main         task_main.o
    0x080046ec   0x00000028   Code   RO         4115    i.thread_init       task_main.o
    0x08004714   0x00000022   Code   RO         4345    i.unlock_fs         ff.o
    0x08004736   0x00000028   Code   RO         3884    i.uxListRemove      list.o
    0x0800475e   0x0000001a   Code   RO         3885    i.vListInitialise   list.o
    0x08004778   0x00000006   Code   RO         3886    i.vListInitialiseItem  list.o
    0x0800477e   0x00000034   Code   RO         3887    i.vListInsert       list.o
    0x080047b2   0x00000018   Code   RO         3888    i.vListInsertEnd    list.o
    0x080047ca   0x00000002   PAD
    0x080047cc   0x00000044   Code   RO         2894    i.vPortEnterCritical  port.o
    0x08004810   0x0000002c   Code   RO         2895    i.vPortExitCritical  port.o
    0x0800483c   0x00000078   Code   RO         2964    i.vPortFree         heap_4.o
    0x080048b4   0x00000020   Code   RO         2896    i.vPortSetupTimerInterrupt  port.o
    0x080048d4   0x0000005c   Code   RO         2897    i.vPortValidateInterruptPriority  port.o
    0x08004930   0x00000018   Code   RO         2898    i.vPortYield        port.o
    0x08004948   0x0000001e   Code   RO         3030    i.vQueueDelete      queue.o
    0x08004966   0x00000002   PAD
    0x08004968   0x0000002c   Code   RO         3032    i.vQueueUnregisterQueue  queue.o
    0x08004994   0x00000070   Code   RO         3595    i.vTaskDelay        tasks.o
    0x08004a04   0x0000000c   Code   RO         3598    i.vTaskMissedYield  tasks.o
    0x08004a10   0x00000070   Code   RO         3600    i.vTaskPlaceOnEventList  tasks.o
    0x08004a80   0x000000b0   Code   RO         3602    i.vTaskPriorityInherit  tasks.o
    0x08004b30   0x00000024   Code   RO         3606    i.vTaskSetTimeOutState  tasks.o
    0x08004b54   0x00000060   Code   RO         3607    i.vTaskStartScheduler  tasks.o
    0x08004bb4   0x00000010   Code   RO         3609    i.vTaskSuspendAll   tasks.o
    0x08004bc4   0x00000080   Code   RO         3610    i.vTaskSwitchContext  tasks.o
    0x08004c44   0x000000a0   Code   RO         2899    i.xPortStartScheduler  port.o
    0x08004ce4   0x00000020   Code   RO         2900    i.xPortSysTickHandler  port.o
    0x08004d04   0x0000006a   Code   RO         3034    i.xQueueGenericCreate  queue.o
    0x08004d6e   0x0000015a   Code   RO         3035    i.xQueueGenericReceive  queue.o
    0x08004ec8   0x00000078   Code   RO         3036    i.xQueueGenericReset  queue.o
    0x08004f40   0x00000142   Code   RO         3037    i.xQueueGenericSend  queue.o
    0x08005082   0x00000094   Code   RO         3039    i.xQueueGiveFromISR  queue.o
    0x08005116   0x00000088   Code   RO         3043    i.xQueueReceiveFromISR  queue.o
    0x0800519e   0x00000002   PAD
    0x080051a0   0x00000074   Code   RO         3611    i.xTaskCheckForTimeOut  tasks.o
    0x08005214   0x00000138   Code   RO         3612    i.xTaskGenericCreate  tasks.o
    0x0800534c   0x00000020   Code   RO         3616    i.xTaskGetSchedulerState  tasks.o
    0x0800536c   0x0000013c   Code   RO         3619    i.xTaskIncrementTick  tasks.o
    0x080054a8   0x000000ac   Code   RO         3622    i.xTaskPriorityDisinherit  tasks.o
    0x08005554   0x0000008c   Code   RO         3623    i.xTaskRemoveFromEventList  tasks.o
    0x080055e0   0x000000e8   Code   RO         3625    i.xTaskResumeAll    tasks.o
    0x080056c8   0x00000018   Data   RO         2842    .constdata          system_stm32f1xx.o
    0x080056e0   0x00000014   Data   RO         4116    .constdata          task_main.o
    0x080056f4   0x00000005   Data   RO         4117    .conststring        task_main.o
    0x080056f9   0x00000003   PAD
    0x080056fc   0x00000020   Data   RO         5112    Region$$Table       anon$$obj.o


    Execution Region RW_IRAM1 (Base: 0x20000000, Size: 0x000014f0, Max: 0x00005000, ABSOLUTE, COMPRESSED[0x000001d8])

    Base Addr    Size         Type   Attr      Idx    E Section Name        Object

    0x20000000   0x00000004   Data   RW          337    .data               stm32f1xx_hal.o
    0x20000004   0x00000001   Data   RW         2364    .data               stm32f1xx_hal_spi_ex.o
    0x20000005   0x00000003   PAD
    0x20000008   0x00000018   Data   RW         2736    .data               user_diskio.o
    0x20000020   0x00000005   Data   RW         2803    .data               fatfs.o
    0x20000025   0x00000003   PAD
    0x20000028   0x00000004   Data   RW         2843    .data               system_stm32f1xx.o
    0x2000002c   0x0000000c   Data   RW         2901    .data               port.o
    0x20000038   0x00000018   Data   RW         2969    .data               heap_4.o
    0x20000050   0x00000038   Data   RW         3628    .data               tasks.o
    0x20000088   0x00000228   Data   RW         3931    .data               lcd_5510_main.o
    0x200002b0   0x00000008   Data   RW         4118    .data               task_main.o
    0x200002b8   0x00000001   Data   RW         4180    .data               sd.o
    0x200002b9   0x00000003   PAD
    0x200002bc   0x00000006   Data   RW         4349    .data               ff.o
    0x200002c2   0x00000002   PAD
    0x200002c4   0x00000004   Data   RW         5088    .data               mc_w.l(stdout.o)
    0x200002c8   0x0000003c   Zero   RW         2398    .bss                stm32f1xx_hal_timebase_tim.o
    0x20000304   0x00000098   Zero   RW         2564    .bss                main.o
    0x2000039c   0x00000c00   Zero   RW         2968    .bss                heap_4.o
    0x20000f9c   0x00000040   Zero   RW         3044    .bss                queue.o
    0x20000fdc   0x000000f0   Zero   RW         3627    .bss                tasks.o
    0x200010cc   0x00000018   Zero   RW         4347    .bss                ff.o
    0x200010e4   0x0000000c   Zero   RW         4757    .bss                ff_gen_drv.o
    0x200010f0   0x00000400   Zero   RW         2874    STACK               startup_stm32f103xb.o


==============================================================================

Image component sizes


      Code (inc. data)   RO Data    RW Data    ZI Data      Debug   Object Name

       378          8          0          0          0      12341   cmsis_os.o
       168         20          0          0          0       2860   diskio.o
       132         66          0          0          0        574   display.o
       176        106          0          0          0       7306   fat_opt.o
        72         44          0          5          0       3744   fatfs.o
      2204         30          0          6         24      11624   ff.o
       102          6          0          0         12       1543   ff_gen_drv.o
       624         64          0         24       3072       5547   heap_4.o
       502         26          0        552          0       4193   lcd_5510_main.o
       148          0          0          0          0       3294   list.o
       580         46          0          0        152      12254   main.o
       682         86          0         12          0       8270   port.o
      1604          6          0          0         64      11661   queue.o
      1516        116          0          1          0      10456   sd.o
        28          6          0          0          0       2124   shell.o
        36          8        236          0       1024        752   startup_stm32f103xb.o
        94         16          0          4          0       2911   stm32f1xx_hal.o
       338         22          0          0          0      26613   stm32f1xx_hal_cortex.o
       808         32          0          0          0     460964   stm32f1xx_hal_gpio.o
       352         36          0          0          0       2047   stm32f1xx_hal_msp.o
      3180        110          0          0          0       6201   stm32f1xx_hal_rcc.o
      1112          0          0          0          0       2634   stm32f1xx_hal_spi.o
       140          6          0          1          0       1282   stm32f1xx_hal_spi_ex.o
       606         14          0          0          0       5726   stm32f1xx_hal_tim.o
         4          0          0          0          0       1474   stm32f1xx_hal_tim_ex.o
       136         18          0          0         60       1424   stm32f1xx_hal_timebase_tim.o
      1628          6          0          0          0       7815   stm32f1xx_hal_uart.o
        60         12          0          0          0      25377   stm32f1xx_it.o
        86          0          0          0          0       3228   syscall.o
        88         18         24          4          0       1331   system_stm32f1xx.o
       228         78         25          8          0       5217   task_main.o
      2586        356          0         56        240      18954   tasks.o
       386         70          0         24          0       3724   user_diskio.o

    ----------------------------------------------------------------------
     20822       1432        320        708       4648     675465   Object Totals
         0          0         32          0          0          0   (incl. Generated)
        38          0          3         11          0          0   (incl. Padding)

    ----------------------------------------------------------------------

      Code (inc. data)   RO Data    RW Data    ZI Data      Debug   Library Member Name

        86          0          0          0          0          0   __dczerorl2.o
         0          0          0          0          0          0   entry.o
         0          0          0          0          0          0   entry10a.o
         0          0          0          0          0          0   entry11a.o
         8          4          0          0          0          0   entry2.o
         4          0          0          0          0          0   entry5.o
         0          0          0          0          0          0   entry7b.o
         0          0          0          0          0          0   entry8b.o
         8          4          0          0          0          0   entry9a.o
        30          0          0          0          0          0   handlers.o
        36          8          0          0          0         68   init.o
        36          0          0          0          0         68   memcpya.o
        36          0          0          0          0        108   memseta.o
       866         14          0          0          0        352   printf6.o
         0          0          0          4          0          0   stdout.o
        44          0          0          0          0         80   uidiv.o

    ----------------------------------------------------------------------
      1158         30          0          4          0        676   Library Totals
         4          0          0          0          0          0   (incl. Padding)

    ----------------------------------------------------------------------

      Code (inc. data)   RO Data    RW Data    ZI Data      Debug   Library Name

      1154         30          0          4          0        676   mc_w.l

    ----------------------------------------------------------------------
      1158         30          0          4          0        676   Library Totals

    ----------------------------------------------------------------------

==============================================================================


      Code (inc. data)   RO Data    RW Data    ZI Data      Debug   

     21980       1462        320        712       4648     666649   Grand Totals
     21980       1462        320        472       4648     666649   ELF Image Totals (compressed)
     21980       1462        320        472          0          0   ROM Totals

==============================================================================

    Total RO  Size (Code + RO Data)                22300 (  21.78kB)
    Total RW  Size (RW Data + ZI Data)              5360 (   5.23kB)
    Total ROM Size (Code + RO Data + RW Data)      22772 (  22.24kB)

==============================================================================

